Archive member included because of file (symbol)

c:/program files (x86)/atmel/avr tools/avr toolchain/bin/../lib/gcc/avr/4.5.1/../../../../avr/lib/avr6\libm.a(addsf3.o)
                              motors.o (__subsf3)
c:/program files (x86)/atmel/avr tools/avr toolchain/bin/../lib/gcc/avr/4.5.1/../../../../avr/lib/avr6\libm.a(addsf3x.o)
                              c:/program files (x86)/atmel/avr tools/avr toolchain/bin/../lib/gcc/avr/4.5.1/../../../../avr/lib/avr6\libm.a(addsf3.o) (__addsf3x)
c:/program files (x86)/atmel/avr tools/avr toolchain/bin/../lib/gcc/avr/4.5.1/../../../../avr/lib/avr6\libm.a(atan2.o)
                              sensors.o (atan2)
c:/program files (x86)/atmel/avr tools/avr toolchain/bin/../lib/gcc/avr/4.5.1/../../../../avr/lib/avr6\libm.a(atan.o)
                              c:/program files (x86)/atmel/avr tools/avr toolchain/bin/../lib/gcc/avr/4.5.1/../../../../avr/lib/avr6\libm.a(atan2.o) (atan)
c:/program files (x86)/atmel/avr tools/avr toolchain/bin/../lib/gcc/avr/4.5.1/../../../../avr/lib/avr6\libm.a(cmpsf2.o)
                              main.o (__lesf2)
c:/program files (x86)/atmel/avr tools/avr toolchain/bin/../lib/gcc/avr/4.5.1/../../../../avr/lib/avr6\libm.a(cos.o)
                              motors.o (cos)
c:/program files (x86)/atmel/avr tools/avr toolchain/bin/../lib/gcc/avr/4.5.1/../../../../avr/lib/avr6\libm.a(divsf3.o)
                              motors.o (__divsf3)
c:/program files (x86)/atmel/avr tools/avr toolchain/bin/../lib/gcc/avr/4.5.1/../../../../avr/lib/avr6\libm.a(divsf3x.o)
                              c:/program files (x86)/atmel/avr tools/avr toolchain/bin/../lib/gcc/avr/4.5.1/../../../../avr/lib/avr6\libm.a(divsf3.o) (__divsf3x)
c:/program files (x86)/atmel/avr tools/avr toolchain/bin/../lib/gcc/avr/4.5.1/../../../../avr/lib/avr6\libm.a(fixsfsi.o)
                              main.o (__fixsfsi)
c:/program files (x86)/atmel/avr tools/avr toolchain/bin/../lib/gcc/avr/4.5.1/../../../../avr/lib/avr6\libm.a(fixunssfsi.o)
                              main.o (__fixunssfsi)
c:/program files (x86)/atmel/avr tools/avr toolchain/bin/../lib/gcc/avr/4.5.1/../../../../avr/lib/avr6\libm.a(floatsisf.o)
                              motors.o (__floatunsisf)
c:/program files (x86)/atmel/avr tools/avr toolchain/bin/../lib/gcc/avr/4.5.1/../../../../avr/lib/avr6\libm.a(fp_cmp.o)
                              c:/program files (x86)/atmel/avr tools/avr toolchain/bin/../lib/gcc/avr/4.5.1/../../../../avr/lib/avr6\libm.a(cmpsf2.o) (__fp_cmp)
c:/program files (x86)/atmel/avr tools/avr toolchain/bin/../lib/gcc/avr/4.5.1/../../../../avr/lib/avr6\libm.a(fp_inf.o)
                              c:/program files (x86)/atmel/avr tools/avr toolchain/bin/../lib/gcc/avr/4.5.1/../../../../avr/lib/avr6\libm.a(addsf3x.o) (__fp_inf)
c:/program files (x86)/atmel/avr tools/avr toolchain/bin/../lib/gcc/avr/4.5.1/../../../../avr/lib/avr6\libm.a(fp_nan.o)
                              c:/program files (x86)/atmel/avr tools/avr toolchain/bin/../lib/gcc/avr/4.5.1/../../../../avr/lib/avr6\libm.a(addsf3x.o) (__fp_nan)
c:/program files (x86)/atmel/avr tools/avr toolchain/bin/../lib/gcc/avr/4.5.1/../../../../avr/lib/avr6\libm.a(fp_powser.o)
                              c:/program files (x86)/atmel/avr tools/avr toolchain/bin/../lib/gcc/avr/4.5.1/../../../../avr/lib/avr6\libm.a(atan.o) (__fp_powser)
c:/program files (x86)/atmel/avr tools/avr toolchain/bin/../lib/gcc/avr/4.5.1/../../../../avr/lib/avr6\libm.a(fp_pscA.o)
                              c:/program files (x86)/atmel/avr tools/avr toolchain/bin/../lib/gcc/avr/4.5.1/../../../../avr/lib/avr6\libm.a(addsf3x.o) (__fp_pscA)
c:/program files (x86)/atmel/avr tools/avr toolchain/bin/../lib/gcc/avr/4.5.1/../../../../avr/lib/avr6\libm.a(fp_pscB.o)
                              c:/program files (x86)/atmel/avr tools/avr toolchain/bin/../lib/gcc/avr/4.5.1/../../../../avr/lib/avr6\libm.a(addsf3x.o) (__fp_pscB)
c:/program files (x86)/atmel/avr tools/avr toolchain/bin/../lib/gcc/avr/4.5.1/../../../../avr/lib/avr6\libm.a(fp_rempio2.o)
                              c:/program files (x86)/atmel/avr tools/avr toolchain/bin/../lib/gcc/avr/4.5.1/../../../../avr/lib/avr6\libm.a(cos.o) (__fp_rempio2)
c:/program files (x86)/atmel/avr tools/avr toolchain/bin/../lib/gcc/avr/4.5.1/../../../../avr/lib/avr6\libm.a(fp_round.o)
                              c:/program files (x86)/atmel/avr tools/avr toolchain/bin/../lib/gcc/avr/4.5.1/../../../../avr/lib/avr6\libm.a(addsf3.o) (__fp_round)
c:/program files (x86)/atmel/avr tools/avr toolchain/bin/../lib/gcc/avr/4.5.1/../../../../avr/lib/avr6\libm.a(fp_sinus.o)
                              c:/program files (x86)/atmel/avr tools/avr toolchain/bin/../lib/gcc/avr/4.5.1/../../../../avr/lib/avr6\libm.a(cos.o) (__fp_sinus)
c:/program files (x86)/atmel/avr tools/avr toolchain/bin/../lib/gcc/avr/4.5.1/../../../../avr/lib/avr6\libm.a(fp_split3.o)
[...]
Memory Configuration

Name             Origin             Length             Attributes
text             0x00000000         0x00100000         xr
data             0x00800200         0x0000fe00         rw !x
eeprom           0x00810000         0x00010000         rw !x
fuse             0x00820000         0x00000400         rw !x
lock             0x00830000         0x00000400         rw !x
signature        0x00840000         0x00000400         rw !x
*default*        0x00000000         0xffffffff

Linker script and memory map

Address of section .data set to 0x800200
LOAD c:/program files (x86)/atmel/avr tools/avr toolchain/bin/../lib/gcc/avr/4.5.1/../../../../avr/lib/avr6/crtm2560.o
LOAD main.o
LOAD spi.o
LOAD mirf.o
LOAD ir_remote_control.o
LOAD speed_control.o
LOAD variables.o
LOAD ports_io.o
LOAD twimaster.o
LOAD usart.o
LOAD utility.o
LOAD adc.o
LOAD motors.o
LOAD behaviors.o
LOAD leds.o
LOAD sensors.o
LOAD eepromIO.o
LOAD irCommunication.o
LOAD c:/program files (x86)/atmel/avr tools/avr toolchain/bin/../lib/gcc/avr/4.5.1/../../../../avr/lib/avr6\libm.a
LOAD c:/program files (x86)/atmel/avr tools/avr toolchain/bin/../lib/gcc/avr/4.5.1/avr6\libgcc.a
LOAD c:/program files (x86)/atmel/avr tools/avr toolchain/bin/../lib/gcc/avr/4.5.1/../../../../avr/lib/avr6\libc.a
LOAD c:/program files (x86)/atmel/avr tools/avr toolchain/bin/../lib/gcc/avr/4.5.1/avr6\libgcc.a

.hash
 *(.hash)

.dynsym
 *(.dynsym)

.dynstr
 *(.dynstr)

.gnu.version
 *(.gnu.version)

.gnu.version_d
 *(.gnu.version_d)

.gnu.version_r
 *(.gnu.version_r)

.rel.init
 *(.rel.init)

.rela.init
 *(.rela.init)

.rel.text
 *(.rel.text)
 *(.rel.text.*)
 *(.rel.gnu.linkonce.t*)

.rela.text
 *(.rela.text)
 *(.rela.text.*)
 *(.rela.gnu.linkonce.t*)

.rel.fini
 *(.rel.fini)

.rela.fini
 *(.rela.fini)

.rel.rodata
 *(.rel.rodata)
 *(.rel.rodata.*)
 *(.rel.gnu.linkonce.r*)

.rela.rodata
 *(.rela.rodata)
 *(.rela.rodata.*)
 *(.rela.gnu.linkonce.r*)

.rel.data
 *(.rel.data)
 *(.rel.data.*)
 *(.rel.gnu.linkonce.d*)

.rela.data
 *(.rela.data)
 *(.rela.data.*)
 *(.rela.gnu.linkonce.d*)

.rel.ctors
 *(.rel.ctors)

.rela.ctors
 *(.rela.ctors)

.rel.dtors
 *(.rel.dtors)

.rela.dtors
 *(.rela.dtors)

.rel.got
 *(.rel.got)

.rela.got
 *(.rela.got)

.rel.bss
 *(.rel.bss)

.rela.bss
 *(.rela.bss)

.rel.plt
 *(.rel.plt)

.rela.plt
 *(.rela.plt)

.text           0x00000000     0xb042
 *(.vectors)
 .vectors       0x00000000       0xe4 c:/program files (x86)/atmel/avr tools/avr toolchain/bin/../lib/gcc/avr/4.5.1/../../../../avr/lib/avr6/crtm2560.o
                0x00000000                __vector_default
                0x00000000                __vectors
 *(.vectors)
 *(.progmem.gcc*)
 .progmem.gcc_sw_table
                0x000000e4       0x6a ir_remote_control.o
 .progmem.gcc_fplib
                0x0000014e       0x2d c:/program files (x86)/atmel/avr tools/avr toolchain/bin/../lib/gcc/avr/4.5.1/../../../../avr/lib/avr6\libm.a(atan.o)
 .progmem.gcc_fplib
                0x0000017b       0x1e c:/program files (x86)/atmel/avr tools/avr toolchain/bin/../lib/gcc/avr/4.5.1/../../../../avr/lib/avr6\libm.a(fp_sinus.o)
 *(.progmem*)
                0x0000019a                . = ALIGN (0x2)
 *fill*         0x00000199        0x1 00
                0x0000019a                __trampolines_start = .
 *(.trampolines)
 .trampolines   0x0000019a        0x0 linker stubs
 *(.trampolines*)
                0x0000019a                __trampolines_end = .
 *(.jumptables)
 *(.jumptables*)
 *(.lowtext)
 *(.lowtext*)
                0x0000019a                __ctors_start = .
 *(.ctors)
                0x0000019a                __ctors_end = .
                0x0000019a                __dtors_start = .
 *(.dtors)
                0x0000019a                __dtors_end = .
 SORT(*)(.ctors)
 SORT(*)(.dtors)
 *(.init0)
 .init0         0x0000019a        0x0 c:/program files (x86)/atmel/avr tools/avr toolchain/bin/../lib/gcc/avr/4.5.1/../../../../avr/lib/avr6/crtm2560.o
                0x0000019a                __init
 *(.init0)
 *(.init1)
 *(.init1)
 *(.init2)
 .init2         0x0000019a       0x10 c:/program files (x86)/atmel/avr tools/avr toolchain/bin/../lib/gcc/avr/4.5.1/../../../../avr/lib/avr6/crtm2560.o
 *(.init2)
 *(.init3)
 *(.init3)
 *(.init4)
 .init4         0x000001aa       0x16 c:/program files (x86)/atmel/avr tools/avr toolchain/bin/../lib/gcc/avr/4.5.1/avr6\libgcc.a(_copy_data.o)
                0x000001aa                __do_copy_data
 .init4         0x000001c0       0x10 c:/program files (x86)/atmel/avr tools/avr toolchain/bin/../lib/gcc/avr/4.5.1/avr6\libgcc.a(_clear_bss.o)
                0x000001c0                __do_clear_bss
 *(.init4)
 *(.init5)
 *(.init5)
 *(.init6)
 *(.init6)
 *(.init7)
 *(.init7)
 *(.init8)
 *(.init8)
 *(.init9)
 .init9         0x000001d0        0x8 c:/program files (x86)/atmel/avr tools/avr toolchain/bin/../lib/gcc/avr/4.5.1/../../../../avr/lib/avr6/crtm2560.o
 *(.init9)
 *(.text)
 .text          0x000001d8        0x4 c:/program files (x86)/atmel/avr tools/avr toolchain/bin/../lib/gcc/avr/4.5.1/../../../../avr/lib/avr6/crtm2560.o
                0x000001d8                __vector_38
                0x000001d8                __vector_22
                0x000001d8                __vector_28
                0x000001d8                __vector_1
                0x000001d8                __vector_34
                0x000001d8                __vector_24
                0x000001d8                __vector_12
                0x000001d8                __vector_55
                0x000001d8                __vector_46
                0x000001d8                __bad_interrupt
                0x000001d8                __vector_6
                0x000001d8                __vector_31
                0x000001d8                __vector_39
                0x000001d8                __vector_3
                0x000001d8                __vector_23
                0x000001d8                __vector_30
                0x000001d8                __vector_11
                0x000001d8                __vector_54
                0x000001d8                __vector_17
                0x000001d8                __vector_19
                0x000001d8                __vector_56
                0x000001d8                __vector_7
                0x000001d8                __vector_49
                0x000001d8                __vector_41
                0x000001d8                __vector_27
                0x000001d8                __vector_5
                0x000001d8                __vector_47
                0x000001d8                __vector_52
                0x000001d8                __vector_37
                0x000001d8                __vector_4
                0x000001d8                __vector_44
                0x000001d8                __vector_51
                0x000001d8                __vector_9
                0x000001d8                __vector_2
                0x000001d8                __vector_21
                0x000001d8                __vector_36
                0x000001d8                __vector_40
                0x000001d8                __vector_8
                0x000001d8                __vector_26
                0x000001d8                __vector_48
                0x000001d8                __vector_14
                0x000001d8                __vector_53
                0x000001d8                __vector_50
                0x000001d8                __vector_16
                0x000001d8                __vector_18
                0x000001d8                __vector_20
 .text          0x000001dc     0x1a90 main.o
                0x000001dc                main
 .text          0x00001c6c       0xee spi.o
                0x00001c6c                SPI_WAIT
                0x00001c8e                initSPI
                0x00001ca6                closeSPI
                0x00001cac                SPI_ReadWrite_Block
                0x00001cf4                SPI_Write_Block
                0x00001d34                SPI_Write_Byte
 .text          0x00001d5a      0xb5a mirf.o
                0x00001d5a                mirf_config
                0x00001e60                mirf_init
                0x00001e6a                mirf_set_RADDR
                0x00001e8c                mirf_set_TADDR
                0x00001eaa                mirf_data_ready
                0x00001ec4                rx_fifo_is_empty
                0x00001ef4                flush_rx_fifo
                0x00001f00                mirf_get_data
                0x00001f30                mirf_config_register
                0x00001f58                mirf_read_register
                0x00001f8a                mirf_write_register
                0x00001fbe                mirf_send
                0x0000201a                writeAckPayload
                0x00002074                readPayloadWidthFromTopFifo
                0x00002086                readPayloadWidthFromPipe0
                0x000020b4                flushTxFifo
                0x000020c0                handleRFCommands
                0x00002860                rfEnableDebugMode
                0x0000286e                rfDisableDebugMode
                0x00002874                rfDebugSendData
                0x000028ac                rfDebugNextPacket
 .text          0x000028b4      0x782 ir_remote_control.o
                0x000028b4                init_ir_remote_control
                0x000028ea                __vector_10
                0x00002952                __vector_13
                0x00002ba0                ir_remote_get_check
                0x00002ba6                ir_remote_get_address
                0x00002bac                ir_remote_get_data
                0x00002bb2                handleIRRemoteCommands
 .text          0x00003036      0x4d6 speed_control.o
                0x00003036                init_speed_control
                0x00003038                start_speed_control_right
                0x000032a2                start_speed_control_left
 .text          0x0000350c        0x0 variables.o
 .text          0x0000350c       0x96 ports_io.o
                0x0000350c                initPortsIO
 .text          0x000035a2      0x15c twimaster.o
                0x000035a2                i2c_close
                0x000035ac                i2c_init
                0x000035bc                i2c_start
                0x00003608                i2c_start_wait
                0x00003656                i2c_rep_start
                0x000036a2                i2c_stop
                0x000036b2                i2c_write
                0x000036d6                i2c_readAck
                0x000036ea                i2c_readNak
 .text          0x000036fe      0x230 usart.o
                0x000036fe                initUsart0
                0x00003728                initUsart1
                0x00003752                closeUsart
                0x00003760                usart0Transmit
                0x0000377a                usart1Transmit
                0x00003794                usart0InputBufferEmpty
                0x000037a2                usart0Receive
                0x000037c2                __vector_25
 .text          0x0000392e      0x28a utility.o
                0x0000392e                getSelector
                0x00003978                initPeripherals
                0x00003a3a                __vector_15
                0x00003a4e                sleep
                0x00003b26                getTime100MicroSec
                0x00003b38                readBatteryLevel
                0x00003b40                resetOdometry
 .text          0x00003bb8      0xc74 adc.o
                0x00003bb8                initAdc
                0x00003bfe                __vector_29
 .text          0x0000482c     0x2bd4 motors.o
                0x0000482c                initMotors
                0x000048e8                cast_speed
                0x00004908                setLeftSpeed
                0x00004942                setRightSpeed
                0x0000497c                updateOdomData
                0x00004b4a                handleCalibration
                0x0000519a                getInputFromSpeed
                0x0000586a                getRightSpeedFromInput
                0x00005d20                getLeftSpeedFromInput
                0x000061d6                writeDefaultCalibration
                0x00006558                initCalibration
                0x00006574                handleSoftAcceleration
                0x000068a8                handleMotorsWithSpeedController
                0x00006ea4                handleMotorsWithNoController
                0x00007108                __vector_45
                0x00007236                __vector_42
                0x00007262                __vector_43
                0x0000728e                __vector_35
                0x000073a8                __vector_32
                0x000073d4                __vector_33
 .text          0x00007400      0x4a2 behaviors.o
                0x00007400                initBehaviors
                0x0000740e                obstacleAvoidance
                0x00007836                cliffDetected
                0x00007886                enableObstacleAvoidance
                0x0000788e                disableObstacleAvoidance
                0x00007894                enableCliffAvoidance
                0x0000789c                disableCliffAvoidance
 .text          0x000078a2      0x290 leds.o
                0x000078a2                initRGBleds
                0x000078e6                toggleBlueLed
                0x0000791c                updateRedLed
                0x00007944                updateGreenLed
                0x0000796c                updateBlueLed
                0x00007994                setGreenLed
                0x00007ace                turnOffGreenLeds
                0x00007b00                turnOnGreenLeds
 .text          0x00007b32     0x1342 sensors.o
                0x00007b32                initAccelerometer
                0x00007bca                initMMA7455L
                0x00007bf2                initADXL345
                0x00007c52                readAccelXY
                0x00007e92                readAccelXYZ
                0x00008116                calibrateSensors
                0x00008a70                readAccelXYZ_1
                0x00008af2                readAccelXYZ_2
                0x00008d44                computeAngle
                0x00008e38                readTemperature
 .text          0x00008e74       0x30 eepromIO.o
                0x00008e74                writeCalibrationToFlash
                0x00008e92                readCalibrationFromFlash
 .text          0x00008ea4     0x1900 irCommunication.o
                0x00008ea4                irCommInitTransmitter
                0x00008eb2                irCommInitReceiver
                0x00008ec2                irCommInitVars
                0x00008eee                irCommInit
                0x00008f60                irCommDeinit
                0x00008f6a                resetDebugVariables
                0x000090bc                irCommTasks
                0x0000a74c                irCommSendData
                0x0000a75e                irCommDataSent
                0x0000a76e                irCommDataAvailable
                0x0000a774                irCommReadData
                0x0000a77e                irCommReceivingSensor
                0x0000a784                getBearing
 .text          0x0000a7a4        0x0 c:/program files (x86)/atmel/avr tools/avr toolchain/bin/../lib/gcc/avr/4.5.1/../../../../avr/lib/avr6\libm.a(addsf3.o)
 .text          0x0000a7a4        0x0 c:/program files (x86)/atmel/avr tools/avr toolchain/bin/../lib/gcc/avr/4.5.1/../../../../avr/lib/avr6\libm.a(addsf3x.o)
 .text          0x0000a7a4        0x0 c:/program files (x86)/atmel/avr tools/avr toolchain/bin/../lib/gcc/avr/4.5.1/../../../../avr/lib/avr6\libm.a(atan2.o)
 .text          0x0000a7a4        0x0 c:/program files (x86)/atmel/avr tools/avr toolchain/bin/../lib/gcc/avr/4.5.1/../../../../avr/lib/avr6\libm.a(atan.o)
 .text          0x0000a7a4        0x0 c:/program files (x86)/atmel/avr tools/avr toolchain/bin/../lib/gcc/avr/4.5.1/../../../../avr/lib/avr6\libm.a(cmpsf2.o)
 .text          0x0000a7a4        0x0 c:/program files (x86)/atmel/avr tools/avr toolchain/bin/../lib/gcc/avr/4.5.1/../../../../avr/lib/avr6\libm.a(cos.o)
 .text          0x0000a7a4        0x0 c:/program files (x86)/atmel/avr tools/avr toolchain/bin/../lib/gcc/avr/4.5.1/../../../../avr/lib/avr6\libm.a(divsf3.o)
 .text          0x0000a7a4        0x0 c:/program files (x86)/atmel/avr tools/avr toolchain/bin/../lib/gcc/avr/4.5.1/../../../../avr/lib/avr6\libm.a(divsf3x.o)
 .text          0x0000a7a4        0x0 c:/program files (x86)/atmel/avr tools/avr toolchain/bin/../lib/gcc/avr/4.5.1/../../../../avr/lib/avr6\libm.a(fixsfsi.o)
 .text          0x0000a7a4        0x0 c:/program files (x86)/atmel/avr tools/avr toolchain/bin/../lib/gcc/avr/4.5.1/../../../../avr/lib/avr6\libm.a(fixunssfsi.o)
 .text          0x0000a7a4        0x0 c:/program files (x86)/atmel/avr tools/avr toolchain/bin/../lib/gcc/avr/4.5.1/../../../../avr/lib/avr6\libm.a(floatsisf.o)
 .text          0x0000a7a4        0x0 c:/program files (x86)/atmel/avr tools/avr toolchain/bin/../lib/gcc/avr/4.5.1/../../../../avr/lib/avr6\libm.a(fp_cmp.o)
 .text          0x0000a7a4        0x0 c:/program files (x86)/atmel/avr tools/avr toolchain/bin/../lib/gcc/avr/4.5.1/../../../../avr/lib/avr6\libm.a(fp_inf.o)
 .text          0x0000a7a4        0x0 c:/program files (x86)/atmel/avr tools/avr toolchain/bin/../lib/gcc/avr/4.5.1/../../../../avr/lib/avr6\libm.a(fp_nan.o)
 .text          0x0000a7a4        0x0 c:/program files (x86)/atmel/avr tools/avr toolchain/bin/../lib/gcc/avr/4.5.1/../../../../avr/lib/avr6\libm.a(fp_powser.o)
 .text          0x0000a7a4        0x0 c:/program files (x86)/atmel/avr tools/avr toolchain/bin/../lib/gcc/avr/4.5.1/../../../../avr/lib/avr6\libm.a(fp_pscA.o)
 .text          0x0000a7a4        0x0 c:/program files (x86)/atmel/avr tools/avr toolchain/bin/../lib/gcc/avr/4.5.1/../../../../avr/lib/avr6\libm.a(fp_pscB.o)
 .text          0x0000a7a4        0x0 c:/program files (x86)/atmel/avr tools/avr toolchain/bin/../lib/gcc/avr/4.5.1/../../../../avr/lib/avr6\libm.a(fp_rempio2.o)
 .text          0x0000a7a4        0x0 c:/program files (x86)/atmel/avr tools/avr toolchain/bin/../lib/gcc/avr/4.5.1/../../../../avr/lib/avr6\libm.a(fp_round.o)
 .text          0x0000a7a4        0x0 c:/program files (x86)/atmel/avr tools/avr toolchain/bin/../lib/gcc/avr/4.5.1/../../../../avr/lib/avr6\libm.a(fp_sinus.o)
 .text          0x0000a7a4        0x0 c:/program files (x86)/atmel/avr tools/avr toolchain/bin/../lib/gcc/avr/4.5.1/../../../../avr/lib/avr6\libm.a(fp_split3.o)
 .text          0x0000a7a4        0x0 c:/program files (x86)/atmel/avr tools/avr toolchain/bin/../lib/gcc/avr/4.5.1/../../../../avr/lib/avr6\libm.a(fp_zero.o)
 .text          0x0000a7a4        0x0 c:/program files (x86)/atmel/avr tools/avr toolchain/bin/../lib/gcc/avr/4.5.1/../../../../avr/lib/avr6\libm.a(gesf2.o)
 .text          0x0000a7a4        0x0 c:/program files (x86)/atmel/avr tools/avr toolchain/bin/../lib/gcc/avr/4.5.1/../../../../avr/lib/avr6\libm.a(inverse.o)
 .text          0x0000a7a4        0x0 c:/program files (x86)/atmel/avr tools/avr toolchain/bin/../lib/gcc/avr/4.5.1/../../../../avr/lib/avr6\libm.a(mulsf3.o)
 .text          0x0000a7a4        0x0 c:/program files (x86)/atmel/avr tools/avr toolchain/bin/../lib/gcc/avr/4.5.1/../../../../avr/lib/avr6\libm.a(mulsf3x.o)
 .text          0x0000a7a4        0x0 c:/program files (x86)/atmel/avr tools/avr toolchain/bin/../lib/gcc/avr/4.5.1/../../../../avr/lib/avr6\libm.a(sin.o)
 .text          0x0000a7a4        0x0 c:/program files (x86)/atmel/avr tools/avr toolchain/bin/../lib/gcc/avr/4.5.1/../../../../avr/lib/avr6\libm.a(square.o)
 .text          0x0000a7a4        0x0 c:/program files (x86)/atmel/avr tools/avr toolchain/bin/../lib/gcc/avr/4.5.1/../../../../avr/lib/avr6\libm.a(fp_mpack.o)
 .text          0x0000a7a4        0x0 c:/program files (x86)/atmel/avr tools/avr toolchain/bin/../lib/gcc/avr/4.5.1/../../../../avr/lib/avr6\libm.a(fp_powsodd.o)
 .text          0x0000a7a4        0x0 c:/program files (x86)/atmel/avr tools/avr toolchain/bin/../lib/gcc/avr/4.5.1/avr6\libgcc.a(_mulsi3.o)
 .text          0x0000a7a4        0x0 c:/program files (x86)/atmel/avr tools/avr toolchain/bin/../lib/gcc/avr/4.5.1/avr6\libgcc.a(_udivmodhi4.o)
 .text          0x0000a7a4        0x0 c:/program files (x86)/atmel/avr tools/avr toolchain/bin/../lib/gcc/avr/4.5.1/avr6\libgcc.a(_divmodhi4.o)
 .text          0x0000a7a4        0x0 c:/program files (x86)/atmel/avr tools/avr toolchain/bin/../lib/gcc/avr/4.5.1/avr6\libgcc.a(_divmodsi4.o)
 .text          0x0000a7a4        0x0 c:/program files (x86)/atmel/avr tools/avr toolchain/bin/../lib/gcc/avr/4.5.1/avr6\libgcc.a(_exit.o)
 .text          0x0000a7a4        0x0 c:/program files (x86)/atmel/avr tools/avr toolchain/bin/../lib/gcc/avr/4.5.1/avr6\libgcc.a(_copy_data.o)
 .text          0x0000a7a4        0x0 c:/program files (x86)/atmel/avr tools/avr toolchain/bin/../lib/gcc/avr/4.5.1/avr6\libgcc.a(_clear_bss.o)
 .text          0x0000a7a4        0x0 c:/program files (x86)/atmel/avr tools/avr toolchain/bin/../lib/gcc/avr/4.5.1/avr6\libgcc.a(_udivmodsi4.o)
 .text          0x0000a7a4        0x0 c:/program files (x86)/atmel/avr tools/avr toolchain/bin/../lib/gcc/avr/4.5.1/../../../../avr/lib/avr6\libc.a(rand.o)
 .text          0x0000a7a4        0x0 c:/program files (x86)/atmel/avr tools/avr toolchain/bin/../lib/gcc/avr/4.5.1/../../../../avr/lib/avr6\libc.a(memset.o)
 .text          0x0000a7a4        0x0 c:/program files (x86)/atmel/avr tools/avr toolchain/bin/../lib/gcc/avr/4.5.1/../../../../avr/lib/avr6\libc.a(eerd_block_atmega2560.o)
 .text          0x0000a7a4        0x0 c:/program files (x86)/atmel/avr tools/avr toolchain/bin/../lib/gcc/avr/4.5.1/../../../../avr/lib/avr6\libc.a(eerd_byte_atmega2560.o)
 .text          0x0000a7a4        0x0 c:/program files (x86)/atmel/avr tools/avr toolchain/bin/../lib/gcc/avr/4.5.1/../../../../avr/lib/avr6\libc.a(eerd_word_atmega2560.o)
 .text          0x0000a7a4        0x0 c:/program files (x86)/atmel/avr tools/avr toolchain/bin/../lib/gcc/avr/4.5.1/../../../../avr/lib/avr6\libc.a(eeupd_block_atmega2560.o)
 .text          0x0000a7a4        0x0 c:/program files (x86)/atmel/avr tools/avr toolchain/bin/../lib/gcc/avr/4.5.1/../../../../avr/lib/avr6\libc.a(eeupd_byte_atmega2560.o)
 .text          0x0000a7a4        0x0 c:/program files (x86)/atmel/avr tools/avr toolchain/bin/../lib/gcc/avr/4.5.1/../../../../avr/lib/avr6\libc.a(eeupd_word_atmega2560.o)
 .text          0x0000a7a4        0x0 c:/program files (x86)/atmel/avr tools/avr toolchain/bin/../lib/gcc/avr/4.5.1/../../../../avr/lib/avr6\libc.a(eewr_byte_atmega2560.o)
 .text          0x0000a7a4        0x0 c:/program files (x86)/atmel/avr tools/avr toolchain/bin/../lib/gcc/avr/4.5.1/../../../../avr/lib/avr6\libc.a(eewr_word_atmega2560.o)
                0x0000a7a4                . = ALIGN (0x2)
 *(.text.*)
 .text.avr-libc.fplib
                0x0000a7a4        0xa c:/program files (x86)/atmel/avr tools/avr toolchain/bin/../lib/gcc/avr/4.5.1/../../../../avr/lib/avr6\libm.a(addsf3.o)
                0x0000a7a4                __subsf3
                0x0000a7a6                __addsf3
 .text.avr-libc.fplib
                0x0000a7ae       0xc0 c:/program files (x86)/atmel/avr tools/avr toolchain/bin/../lib/gcc/avr/4.5.1/../../../../avr/lib/avr6\libm.a(addsf3x.o)
                0x0000a7c8                __addsf3x
 .text.avr-libc.fplib
                0x0000a86e       0x74 c:/program files (x86)/atmel/avr tools/avr toolchain/bin/../lib/gcc/avr/4.5.1/../../../../avr/lib/avr6\libm.a(atan2.o)
                0x0000a88c                atan2
 .text.avr-libc.fplib
                0x0000a8e2       0x50 c:/program files (x86)/atmel/avr tools/avr toolchain/bin/../lib/gcc/avr/4.5.1/../../../../avr/lib/avr6\libm.a(atan.o)
                0x0000a8e2                atan
 .text.avr-libc.fplib
                0x0000a932        0x8 c:/program files (x86)/atmel/avr tools/avr toolchain/bin/../lib/gcc/avr/4.5.1/../../../../avr/lib/avr6\libm.a(cmpsf2.o)
                0x0000a932                __nesf2
                0x0000a932                __eqsf2
                0x0000a932                __cmpsf2
                0x0000a932                __ltsf2
                0x0000a932                __lesf2
 .text.avr-libc.fplib
                0x0000a93a        0x6 c:/program files (x86)/atmel/avr tools/avr toolchain/bin/../lib/gcc/avr/4.5.1/../../../../avr/lib/avr6\libm.a(cos.o)
                0x0000a93a                cos
 .text.avr-libc.fplib
                0x0000a940        0x4 c:/program files (x86)/atmel/avr tools/avr toolchain/bin/../lib/gcc/avr/4.5.1/../../../../avr/lib/avr6\libm.a(divsf3.o)
                0x0000a940                __divsf3
 .text.avr-libc.fplib
                0x0000a944       0xcc c:/program files (x86)/atmel/avr tools/avr toolchain/bin/../lib/gcc/avr/4.5.1/../../../../avr/lib/avr6\libm.a(divsf3x.o)
                0x0000a95a                __divsf3x
                0x0000a95e                __divsf3_pse
 .text.avr-libc.fplib
                0x0000aa10        0xa c:/program files (x86)/atmel/avr tools/avr toolchain/bin/../lib/gcc/avr/4.5.1/../../../../avr/lib/avr6\libm.a(fixsfsi.o)
                0x0000aa10                __fixsfsi
 .text.avr-libc.fplib
                0x0000aa1a       0x58 c:/program files (x86)/atmel/avr tools/avr toolchain/bin/../lib/gcc/avr/4.5.1/../../../../avr/lib/avr6\libm.a(fixunssfsi.o)
                0x0000aa1a                __fixunssfsi
 .text.avr-libc.fplib
                0x0000aa72       0x7a c:/program files (x86)/atmel/avr tools/avr toolchain/bin/../lib/gcc/avr/4.5.1/../../../../avr/lib/avr6\libm.a(floatsisf.o)
                0x0000aa72                __floatunsisf
                0x0000aa76                __floatsisf
 .text.avr-libc.fplib
                0x0000aaec       0x48 c:/program files (x86)/atmel/avr tools/avr toolchain/bin/../lib/gcc/avr/4.5.1/../../../../avr/lib/avr6\libm.a(fp_cmp.o)
                0x0000aaec                __fp_cmp
 .text.avr-libc.fplib
                0x0000ab34        0xc c:/program files (x86)/atmel/avr tools/avr toolchain/bin/../lib/gcc/avr/4.5.1/../../../../avr/lib/avr6\libm.a(fp_inf.o)
                0x0000ab34                __fp_inf
 .text.avr-libc.fplib
                0x0000ab40        0x6 c:/program files (x86)/atmel/avr tools/avr toolchain/bin/../lib/gcc/avr/4.5.1/../../../../avr/lib/avr6\libm.a(fp_nan.o)
                0x0000ab40                __fp_nan
 .text.avr-libc.fplib
                0x0000ab46       0x4a c:/program files (x86)/atmel/avr tools/avr toolchain/bin/../lib/gcc/avr/4.5.1/../../../../avr/lib/avr6\libm.a(fp_powser.o)
                0x0000ab46                __fp_powser
 .text.avr-libc.fplib
                0x0000ab90        0xe c:/program files (x86)/atmel/avr tools/avr toolchain/bin/../lib/gcc/avr/4.5.1/../../../../avr/lib/avr6\libm.a(fp_pscA.o)
                0x0000ab90                __fp_pscA
 .text.avr-libc.fplib
                0x0000ab9e        0xe c:/program files (x86)/atmel/avr tools/avr toolchain/bin/../lib/gcc/avr/4.5.1/../../../../avr/lib/avr6\libm.a(fp_pscB.o)
                0x0000ab9e                __fp_pscB
 .text.avr-libc.fplib
                0x0000abac       0x50 c:/program files (x86)/atmel/avr tools/avr toolchain/bin/../lib/gcc/avr/4.5.1/../../../../avr/lib/avr6\libm.a(fp_rempio2.o)
                0x0000abae                __fp_rempio2
 .text.avr-libc.fplib
                0x0000abfc       0x22 c:/program files (x86)/atmel/avr tools/avr toolchain/bin/../lib/gcc/avr/4.5.1/../../../../avr/lib/avr6\libm.a(fp_round.o)
                0x0000abfc                __fp_round
 .text.avr-libc.fplib
                0x0000ac1e       0x22 c:/program files (x86)/atmel/avr tools/avr toolchain/bin/../lib/gcc/avr/4.5.1/../../../../avr/lib/avr6\libm.a(fp_sinus.o)
                0x0000ac1e                __fp_sinus
 .text.avr-libc.fplib
                0x0000ac40       0x44 c:/program files (x86)/atmel/avr tools/avr toolchain/bin/../lib/gcc/avr/4.5.1/../../../../avr/lib/avr6\libm.a(fp_split3.o)
                0x0000ac40                __fp_split3
                0x0000ac50                __fp_splitA
 .text.avr-libc.fplib
                0x0000ac84        0xe c:/program files (x86)/atmel/avr tools/avr toolchain/bin/../lib/gcc/avr/4.5.1/../../../../avr/lib/avr6\libm.a(fp_zero.o)
                0x0000ac84                __fp_zero
                0x0000ac86                __fp_szero
 .text.avr-libc.fplib
                0x0000ac92        0x8 c:/program files (x86)/atmel/avr tools/avr toolchain/bin/../lib/gcc/avr/4.5.1/../../../../avr/lib/avr6\libm.a(gesf2.o)
                0x0000ac92                __gesf2
                0x0000ac92                __gtsf2
 .text.avr-libc.fplib
                0x0000ac9a        0xe c:/program files (x86)/atmel/avr tools/avr toolchain/bin/../lib/gcc/avr/4.5.1/../../../../avr/lib/avr6\libm.a(inverse.o)
                0x0000ac9a                inverse
 .text.avr-libc.fplib
                0x0000aca8        0x4 c:/program files (x86)/atmel/avr tools/avr toolchain/bin/../lib/gcc/avr/4.5.1/../../../../avr/lib/avr6\libm.a(mulsf3.o)
                0x0000aca8                __mulsf3
 .text.avr-libc.fplib
                0x0000acac       0xc2 c:/program files (x86)/atmel/avr tools/avr toolchain/bin/../lib/gcc/avr/4.5.1/../../../../avr/lib/avr6\libm.a(mulsf3x.o)
                0x0000acc0                __mulsf3x
                0x0000acc4                __mulsf3_pse
 .text.avr-libc.fplib
                0x0000ad6e        0xc c:/program files (x86)/atmel/avr tools/avr toolchain/bin/../lib/gcc/avr/4.5.1/../../../../avr/lib/avr6\libm.a(sin.o)
                0x0000ad6e                sin
 .text.avr-libc.fplib
                0x0000ad7a        0x6 c:/program files (x86)/atmel/avr tools/avr toolchain/bin/../lib/gcc/avr/4.5.1/../../../../avr/lib/avr6\libm.a(square.o)
                0x0000ad7a                square
 .text.avr-libc.fplib
                0x0000ad80       0x1c c:/program files (x86)/atmel/avr tools/avr toolchain/bin/../lib/gcc/avr/4.5.1/../../../../avr/lib/avr6\libm.a(fp_mpack.o)
                0x0000ad80                __fp_mpack
                0x0000ad84                __fp_mpack_finite
 .text.avr-libc.fplib
                0x0000ad9c       0x22 c:/program files (x86)/atmel/avr tools/avr toolchain/bin/../lib/gcc/avr/4.5.1/../../../../avr/lib/avr6\libm.a(fp_powsodd.o)
                0x0000ad9c                __fp_powsodd
 .text.libgcc   0x0000adbe       0x3e c:/program files (x86)/atmel/avr tools/avr toolchain/bin/../lib/gcc/avr/4.5.1/avr6\libgcc.a(_mulsi3.o)
                0x0000adbe                __mulsi3
 .text.libgcc   0x0000adfc       0x28 c:/program files (x86)/atmel/avr tools/avr toolchain/bin/../lib/gcc/avr/4.5.1/avr6\libgcc.a(_udivmodhi4.o)
                0x0000adfc                __udivmodhi4
 .text.libgcc   0x0000ae24       0x26 c:/program files (x86)/atmel/avr tools/avr toolchain/bin/../lib/gcc/avr/4.5.1/avr6\libgcc.a(_divmodhi4.o)
                0x0000ae24                _div
                0x0000ae24                __divmodhi4
 .text.libgcc   0x0000ae4a       0x36 c:/program files (x86)/atmel/avr tools/avr toolchain/bin/../lib/gcc/avr/4.5.1/avr6\libgcc.a(_divmodsi4.o)
                0x0000ae4a                __divmodsi4
 .text.libgcc   0x0000ae80        0x0 c:/program files (x86)/atmel/avr tools/avr toolchain/bin/../lib/gcc/avr/4.5.1/avr6\libgcc.a(_exit.o)
 .text.libgcc   0x0000ae80        0x0 c:/program files (x86)/atmel/avr tools/avr toolchain/bin/../lib/gcc/avr/4.5.1/avr6\libgcc.a(_copy_data.o)
 .text.libgcc   0x0000ae80        0x0 c:/program files (x86)/atmel/avr tools/avr toolchain/bin/../lib/gcc/avr/4.5.1/avr6\libgcc.a(_clear_bss.o)
 .text.libgcc   0x0000ae80       0x44 c:/program files (x86)/atmel/avr tools/avr toolchain/bin/../lib/gcc/avr/4.5.1/avr6\libgcc.a(_udivmodsi4.o)
                0x0000ae80                __udivmodsi4
 .text.avr-libc
                0x0000aec4       0xbc c:/program files (x86)/atmel/avr tools/avr toolchain/bin/../lib/gcc/avr/4.5.1/../../../../avr/lib/avr6\libc.a(rand.o)
                0x0000af5a                rand_r
                0x0000af60                rand
                0x0000af6a                srand
 .text.avr-libc
                0x0000af80        0xe c:/program files (x86)/atmel/avr tools/avr toolchain/bin/../lib/gcc/avr/4.5.1/../../../../avr/lib/avr6\libc.a(memset.o)
                0x0000af80                memset
 .text.avr-libc
                0x0000af8e       0x20 c:/program files (x86)/atmel/avr tools/avr toolchain/bin/../lib/gcc/avr/4.5.1/../../../../avr/lib/avr6\libc.a(eerd_block_atmega2560.o)
                0x0000af8e                __eerd_block_m2560
                0x0000af92                __eerd_blraw_m2560
 .text.avr-libc
                0x0000afae       0x10 c:/program files (x86)/atmel/avr tools/avr toolchain/bin/../lib/gcc/avr/4.5.1/../../../../avr/lib/avr6\libc.a(eerd_byte_atmega2560.o)
                0x0000afae                __eerd_byte_m2560
 .text.avr-libc
                0x0000afbe        0xc c:/program files (x86)/atmel/avr tools/avr toolchain/bin/../lib/gcc/avr/4.5.1/../../../../avr/lib/avr6\libc.a(eerd_word_atmega2560.o)
                0x0000afbe                __eerd_word_m2560
 .text.avr-libc
                0x0000afca       0x20 c:/program files (x86)/atmel/avr tools/avr toolchain/bin/../lib/gcc/avr/4.5.1/../../../../avr/lib/avr6\libc.a(eeupd_block_atmega2560.o)
                0x0000afca                __eeupd_block_m2560
 .text.avr-libc
                0x0000afea       0x24 c:/program files (x86)/atmel/avr tools/avr toolchain/bin/../lib/gcc/avr/4.5.1/../../../../avr/lib/avr6\libc.a(eeupd_byte_atmega2560.o)
                0x0000afea                __eeupd_byte_m2560
                0x0000afec                __eeupd_r18_m2560
 .text.avr-libc
                0x0000b00e        0xc c:/program files (x86)/atmel/avr tools/avr toolchain/bin/../lib/gcc/avr/4.5.1/../../../../avr/lib/avr6\libc.a(eeupd_word_atmega2560.o)
                0x0000b00e                __eeupd_word_m2560
 .text.avr-libc
                0x0000b01a       0x1c c:/program files (x86)/atmel/avr tools/avr toolchain/bin/../lib/gcc/avr/4.5.1/../../../../avr/lib/avr6\libc.a(eewr_byte_atmega2560.o)
                0x0000b01a                __eewr_byte_m2560
                0x0000b01c                __eewr_r18_m2560
 .text.avr-libc
                0x0000b036        0xa c:/program files (x86)/atmel/avr tools/avr toolchain/bin/../lib/gcc/avr/4.5.1/../../../../avr/lib/avr6\libc.a(eewr_word_atmega2560.o)
                0x0000b036                __eewr_word_m2560
                0x0000b040                . = ALIGN (0x2)
 *(.fini9)
 .fini9         0x0000b040        0x0 c:/program files (x86)/atmel/avr tools/avr toolchain/bin/../lib/gcc/avr/4.5.1/avr6\libgcc.a(_exit.o)
                0x0000b040                _exit
                0x0000b040                exit
 *(.fini9)
 *(.fini8)
 *(.fini8)
 *(.fini7)
 *(.fini7)
 *(.fini6)
 *(.fini6)
 *(.fini5)
 *(.fini5)
 *(.fini4)
 *(.fini4)
 *(.fini3)
 *(.fini3)
 *(.fini2)
 *(.fini2)
 *(.fini1)
 *(.fini1)
 *(.fini0)
 .fini0         0x0000b040        0x2 c:/program files (x86)/atmel/avr tools/avr toolchain/bin/../lib/gcc/avr/4.5.1/avr6\libgcc.a(_exit.o)
 *(.fini0)
                0x0000b042                _etext = .

.data           0x00800200       0x2a load address 0x0000b042
                0x00800200                PROVIDE (__data_start, .)
 *(.data)
 .data          0x00800200        0x0 c:/program files (x86)/atmel/avr tools/avr toolchain/bin/../lib/gcc/avr/4.5.1/../../../../avr/lib/avr6/crtm2560.o
 .data          0x00800200        0x0 main.o
 .data          0x00800200        0x0 spi.o
 .data          0x00800200        0x0 mirf.o
 .data          0x00800200        0x3 ir_remote_control.o
                0x00800200                check
 .data          0x00800203        0x0 speed_control.o
 .data          0x00800203       0x13 variables.o
                0x00800203                compute_left_vel
                0x00800204                compute_right_vel
                0x00800205                firstSampleRight
                0x00800206                firstSampleLeft
                0x00800207                packetId
                0x00800208                pwm_red
                0x00800209                pwm_green
                0x0080020a                pwm_blue
                0x0080020b                peripheralChoice
                0x0080020c                choosePeripheral
                0x0080020d                chooseMenu
                0x0080020e                irEnabled
                0x0080020f                checkGlitch
                0x00800210                accelAddress
                0x00800211                currPosition
                0x00800212                robotPosition
                0x00800213                speedStep
                0x00800214                irCommLastSensor
                0x00800215                irCommRxReceivingSensor
 .data          0x00800216        0x0 ports_io.o
 .data          0x00800216        0x0 twimaster.o
 .data          0x00800216        0x0 usart.o
 .data          0x00800216        0x0 utility.o
 .data          0x00800216        0x0 adc.o
 .data          0x00800216        0x0 motors.o
 .data          0x00800216        0x0 behaviors.o
 .data          0x00800216        0x0 leds.o
 .data          0x00800216        0x0 sensors.o
 .data          0x00800216        0x0 eepromIO.o
 .data          0x00800216       0x10 irCommunication.o
 .data          0x00800226        0x0 c:/program files (x86)/atmel/avr tools/avr toolchain/bin/../lib/gcc/avr/4.5.1/../../../../avr/lib/avr6\libm.a(addsf3.o)
 .data          0x00800226        0x0 c:/program files (x86)/atmel/avr tools/avr toolchain/bin/../lib/gcc/avr/4.5.1/../../../../avr/lib/avr6\libm.a(addsf3x.o)
 .data          0x00800226        0x0 c:/program files (x86)/atmel/avr tools/avr toolchain/bin/../lib/gcc/avr/4.5.1/../../../../avr/lib/avr6\libm.a(atan2.o)
 .data          0x00800226        0x0 c:/program files (x86)/atmel/avr tools/avr toolchain/bin/../lib/gcc/avr/4.5.1/../../../../avr/lib/avr6\libm.a(atan.o)
 .data          0x00800226        0x0 c:/program files (x86)/atmel/avr tools/avr toolchain/bin/../lib/gcc/avr/4.5.1/../../../../avr/lib/avr6\libm.a(cmpsf2.o)
 .data          0x00800226        0x0 c:/program files (x86)/atmel/avr tools/avr toolchain/bin/../lib/gcc/avr/4.5.1/../../../../avr/lib/avr6\libm.a(cos.o)
 .data          0x00800226        0x0 c:/program files (x86)/atmel/avr tools/avr toolchain/bin/../lib/gcc/avr/4.5.1/../../../../avr/lib/avr6\libm.a(divsf3.o)
 .data          0x00800226        0x0 c:/program files (x86)/atmel/avr tools/avr toolchain/bin/../lib/gcc/avr/4.5.1/../../../../avr/lib/avr6\libm.a(divsf3x.o)
 .data          0x00800226        0x0 c:/program files (x86)/atmel/avr tools/avr toolchain/bin/../lib/gcc/avr/4.5.1/../../../../avr/lib/avr6\libm.a(fixsfsi.o)
 .data          0x00800226        0x0 c:/program files (x86)/atmel/avr tools/avr toolchain/bin/../lib/gcc/avr/4.5.1/../../../../avr/lib/avr6\libm.a(fixunssfsi.o)
 .data          0x00800226        0x0 c:/program files (x86)/atmel/avr tools/avr toolchain/bin/../lib/gcc/avr/4.5.1/../../../../avr/lib/avr6\libm.a(floatsisf.o)
 .data          0x00800226        0x0 c:/program files (x86)/atmel/avr tools/avr toolchain/bin/../lib/gcc/avr/4.5.1/../../../../avr/lib/avr6\libm.a(fp_cmp.o)
 .data          0x00800226        0x0 c:/program files (x86)/atmel/avr tools/avr toolchain/bin/../lib/gcc/avr/4.5.1/../../../../avr/lib/avr6\libm.a(fp_inf.o)
 .data          0x00800226        0x0 c:/program files (x86)/atmel/avr tools/avr toolchain/bin/../lib/gcc/avr/4.5.1/../../../../avr/lib/avr6\libm.a(fp_nan.o)
 .data          0x00800226        0x0 c:/program files (x86)/atmel/avr tools/avr toolchain/bin/../lib/gcc/avr/4.5.1/../../../../avr/lib/avr6\libm.a(fp_powser.o)
 .data          0x00800226        0x0 c:/program files (x86)/atmel/avr tools/avr toolchain/bin/../lib/gcc/avr/4.5.1/../../../../avr/lib/avr6\libm.a(fp_pscA.o)
 .data          0x00800226        0x0 c:/program files (x86)/atmel/avr tools/avr toolchain/bin/../lib/gcc/avr/4.5.1/../../../../avr/lib/avr6\libm.a(fp_pscB.o)
 .data          0x00800226        0x0 c:/program files (x86)/atmel/avr tools/avr toolchain/bin/../lib/gcc/avr/4.5.1/../../../../avr/lib/avr6\libm.a(fp_rempio2.o)
 .data          0x00800226        0x0 c:/program files (x86)/atmel/avr tools/avr toolchain/bin/../lib/gcc/avr/4.5.1/../../../../avr/lib/avr6\libm.a(fp_round.o)
 .data          0x00800226        0x0 c:/program files (x86)/atmel/avr tools/avr toolchain/bin/../lib/gcc/avr/4.5.1/../../../../avr/lib/avr6\libm.a(fp_sinus.o)
 .data          0x00800226        0x0 c:/program files (x86)/atmel/avr tools/avr toolchain/bin/../lib/gcc/avr/4.5.1/../../../../avr/lib/avr6\libm.a(fp_split3.o)
 .data          0x00800226        0x0 c:/program files (x86)/atmel/avr tools/avr toolchain/bin/../lib/gcc/avr/4.5.1/../../../../avr/lib/avr6\libm.a(fp_zero.o)
 .data          0x00800226        0x0 c:/program files (x86)/atmel/avr tools/avr toolchain/bin/../lib/gcc/avr/4.5.1/../../../../avr/lib/avr6\libm.a(gesf2.o)
 .data          0x00800226        0x0 c:/program files (x86)/atmel/avr tools/avr toolchain/bin/../lib/gcc/avr/4.5.1/../../../../avr/lib/avr6\libm.a(inverse.o)
 .data          0x00800226        0x0 c:/program files (x86)/atmel/avr tools/avr toolchain/bin/../lib/gcc/avr/4.5.1/../../../../avr/lib/avr6\libm.a(mulsf3.o)
 .data          0x00800226        0x0 c:/program files (x86)/atmel/avr tools/avr toolchain/bin/../lib/gcc/avr/4.5.1/../../../../avr/lib/avr6\libm.a(mulsf3x.o)
 .data          0x00800226        0x0 c:/program files (x86)/atmel/avr tools/avr toolchain/bin/../lib/gcc/avr/4.5.1/../../../../avr/lib/avr6\libm.a(sin.o)
 .data          0x00800226        0x0 c:/program files (x86)/atmel/avr tools/avr toolchain/bin/../lib/gcc/avr/4.5.1/../../../../avr/lib/avr6\libm.a(square.o)
 .data          0x00800226        0x0 c:/program files (x86)/atmel/avr tools/avr toolchain/bin/../lib/gcc/avr/4.5.1/../../../../avr/lib/avr6\libm.a(fp_mpack.o)
 .data          0x00800226        0x0 c:/program files (x86)/atmel/avr tools/avr toolchain/bin/../lib/gcc/avr/4.5.1/../../../../avr/lib/avr6\libm.a(fp_powsodd.o)
 .data          0x00800226        0x0 c:/program files (x86)/atmel/avr tools/avr toolchain/bin/../lib/gcc/avr/4.5.1/avr6\libgcc.a(_mulsi3.o)
 .data          0x00800226        0x0 c:/program files (x86)/atmel/avr tools/avr toolchain/bin/../lib/gcc/avr/4.5.1/avr6\libgcc.a(_udivmodhi4.o)
 .data          0x00800226        0x0 c:/program files (x86)/atmel/avr tools/avr toolchain/bin/../lib/gcc/avr/4.5.1/avr6\libgcc.a(_divmodhi4.o)
 .data          0x00800226        0x0 c:/program files (x86)/atmel/avr tools/avr toolchain/bin/../lib/gcc/avr/4.5.1/avr6\libgcc.a(_divmodsi4.o)
 .data          0x00800226        0x0 c:/program files (x86)/atmel/avr tools/avr toolchain/bin/../lib/gcc/avr/4.5.1/avr6\libgcc.a(_exit.o)
 .data          0x00800226        0x0 c:/program files (x86)/atmel/avr tools/avr toolchain/bin/../lib/gcc/avr/4.5.1/avr6\libgcc.a(_copy_data.o)
 .data          0x00800226        0x0 c:/program files (x86)/atmel/avr tools/avr toolchain/bin/../lib/gcc/avr/4.5.1/avr6\libgcc.a(_clear_bss.o)
 .data          0x00800226        0x0 c:/program files (x86)/atmel/avr tools/avr toolchain/bin/../lib/gcc/avr/4.5.1/avr6\libgcc.a(_udivmodsi4.o)
 .data          0x00800226        0x4 c:/program files (x86)/atmel/avr tools/avr toolchain/bin/../lib/gcc/avr/4.5.1/../../../../avr/lib/avr6\libc.a(rand.o)
 .data          0x0080022a        0x0 c:/program files (x86)/atmel/avr tools/avr toolchain/bin/../lib/gcc/avr/4.5.1/../../../../avr/lib/avr6\libc.a(memset.o)
 .data          0x0080022a        0x0 c:/program files (x86)/atmel/avr tools/avr toolchain/bin/../lib/gcc/avr/4.5.1/../../../../avr/lib/avr6\libc.a(eerd_block_atmega2560.o)
 .data          0x0080022a        0x0 c:/program files (x86)/atmel/avr tools/avr toolchain/bin/../lib/gcc/avr/4.5.1/../../../../avr/lib/avr6\libc.a(eerd_byte_atmega2560.o)
 .data          0x0080022a        0x0 c:/program files (x86)/atmel/avr tools/avr toolchain/bin/../lib/gcc/avr/4.5.1/../../../../avr/lib/avr6\libc.a(eerd_word_atmega2560.o)
 .data          0x0080022a        0x0 c:/program files (x86)/atmel/avr tools/avr toolchain/bin/../lib/gcc/avr/4.5.1/../../../../avr/lib/avr6\libc.a(eeupd_block_atmega2560.o)
 .data          0x0080022a        0x0 c:/program files (x86)/atmel/avr tools/avr toolchain/bin/../lib/gcc/avr/4.5.1/../../../../avr/lib/avr6\libc.a(eeupd_byte_atmega2560.o)
 .data          0x0080022a        0x0 c:/program files (x86)/atmel/avr tools/avr toolchain/bin/../lib/gcc/avr/4.5.1/../../../../avr/lib/avr6\libc.a(eeupd_word_atmega2560.o)
 .data          0x0080022a        0x0 c:/program files (x86)/atmel/avr tools/avr toolchain/bin/../lib/gcc/avr/4.5.1/../../../../avr/lib/avr6\libc.a(eewr_byte_atmega2560.o)
 .data          0x0080022a        0x0 c:/program files (x86)/atmel/avr tools/avr toolchain/bin/../lib/gcc/avr/4.5.1/../../../../avr/lib/avr6\libc.a(eewr_word_atmega2560.o)
 *(.data*)
 *(.rodata)
 *(.rodata*)
 *(.gnu.linkonce.d*)
                0x0080022a                . = ALIGN (0x2)
                0x0080022a                _edata = .
                0x0080022a                PROVIDE (__data_end, .)

.bss            0x0080022a      0x965
                0x0080022a                PROVIDE (__bss_start, .)
 *(.bss)
 .bss           0x0080022a        0x0 c:/program files (x86)/atmel/avr tools/avr toolchain/bin/../lib/gcc/avr/4.5.1/../../../../avr/lib/avr6/crtm2560.o
 .bss           0x0080022a        0x0 main.o
 .bss           0x0080022a        0x0 spi.o
 .bss           0x0080022a        0x0 mirf.o
 .bss           0x0080022a        0x5 ir_remote_control.o
                0x0080022a                address
                0x0080022b                data_ir
 .bss           0x0080022f        0x0 speed_control.o
 .bss           0x0080022f      0x318 variables.o
                0x0080022f                currentAdChannel
                0x00800230                currentProx
                0x00800231                currentMotLeftChannel
                0x00800232                currentMotRightChannel
                0x00800233                rightMotorPhase
                0x00800234                leftMotorPhase
                0x00800235                proximityValue
                0x00800265                proximityResult
                0x0080027d                proximityOffset
                0x00800295                proximitySum
                0x008002c5                adcSaveDataTo
                0x008002c6                adcSamplingState
                0x008002c7                rightChannelPhase
                0x008002c8                leftChannelPhase
                0x008002c9                batteryLevel
                0x008002cb                measBattery
                0x008002cc                proxUpdated
                0x008002cd                proximityResultLinear
                0x008002dd                rightMotSteps
                0x008002e1                leftMotSteps
                0x008002e5                rightMotStepsOld
                0x008002e9                leftMotStepsOld
                0x008002ed                left_current_avg
                0x008002ef                right_current_avg
                0x008002f1                last_left_current
                0x008002f3                last_right_current
                0x008002f5                pwm_right_desired_to_control
                0x008002f7                pwm_left_desired_to_control
                0x008002f9                left_vel_sum
                0x008002fb                right_vel_sum
                0x008002fd                last_left_vel
                0x008002ff                last_right_vel
                0x00800301                pwm_right
                0x00800303                pwm_left
                0x00800305                pwm_right_desired
                0x00800307                pwm_left_desired
                0x00800309                pwm_intermediate_right_desired
                0x0080030b                pwm_intermediate_left_desired
                0x0080030d                pwm_right_speed_controller
                0x00800311                pwm_left_speed_controller
                0x00800315                delta_left_speed_sum
                0x00800317                delta_right_speed_sum
                0x00800319                pwm_right_working
                0x0080031b                pwm_left_working
                0x0080031d                speedl
                0x0080031f                speedr
                0x00800321                rfAddress
                0x00800323                rfFlags
                0x00800324                spiCommError
                0x00800325                rfDebugMode
                0x00800326                rfDebugCounter
                0x00800327                blinkState
                0x00800328                rgbState
                0x00800329                sendAdcValues
                0x0080032a                commError
                0x0080032b                byteCount
                0x0080032d                uartBuff
                0x0080042d                nextByteIndex
                0x0080042e                currByteIndex
                0x0080042f                menuChoice
                0x00800430                addressReceived
                0x00800431                menuState
                0x00800432                getDataNow
                0x00800433                irCommand
                0x00800434                command_received
                0x00800435                colorState
                0x00800436                behaviorState
                0x00800437                lastCmdTime
                0x0080043b                useAccel
                0x0080043c                accX
                0x0080043e                accY
                0x00800440                accZ
                0x00800442                accOffsetX
                0x00800444                accOffsetY
                0x00800446                accOffsetXSum
                0x00800448                accOffsetYSum
                0x0080044a                accXMax
                0x0080044c                accXMin
                0x0080044e                accYMax
                0x00800450                accYMin
                0x00800452                currentAngle
                0x00800454                timesInSamePos
                0x00800456                accBuff
                0x0080045c                temperature
                0x0080045e                clockTick
                0x00800462                currentSelector
                0x00800463                calibrationCycle
                0x00800465                hardwareRevision
                0x00800466                demoState
                0x00800467                lineFound
                0x00800468                outOfLine
                0x00800469                chargeContact
                0x0080046a                demoStartTime
                0x0080046e                demoStartTime2
                0x00800472                demoEndTime
                0x00800476                speedStepCounter
                0x0080047e                softAccEnabled
                0x0080047f                calibrationWritten
                0x00800480                greenLedState
                0x00800481                rgbLedState
                0x00800482                lastTick
                0x00800486                obstacleAvoidanceEnabled
                0x00800487                cliffAvoidanceEnabled
                0x00800488                cliffDetectedFlag
                0x00800489                theta
                0x0080048d                lastTheta
                0x00800491                xPos
                0x00800495                yPos
                0x00800499                deltaDist
                0x0080049d                thetaOld
                0x008004a1                xPosOld
                0x008004a5                yPosOld
                0x008004a9                deltaDistOld
                0x008004ad                leftDist
                0x008004b1                rightDist
                0x008004b5                leftDistPrev
                0x008004b9                rightDistPrev
                0x008004bd                computeOdometry
                0x008004be                thetaAcc
                0x008004c2                leftSpeedSumOdom
                0x008004c6                rightSpeedSumOdom
                0x008004ca                leftSumCount
                0x008004cc                rightSumCount
                0x008004ce                avgLeftSpeed
                0x008004d0                avgRightSpeed
                0x008004d2                speedLeftFromEnc
                0x008004d4                speedRightFromEnc
                0x008004d6                timeLeftOdom
                0x008004da                timeRightOdom
                0x008004de                minGround
                0x008004e0                maxGround
                0x008004e2                calibrationThr
                0x008004e4                irCommEnabled
                0x008004e5                irCommEnabledNext
                0x008004e6                irCommMode
                0x008004e7                irCommState
                0x008004e8                irCommTempValue
                0x008004ea                irCommSendValues
                0x008004eb                irCommTickCounter
                0x008004ef                irCommTickCounter2
                0x008004f3                irCommTickCounterUpdate
                0x008004f4                irCommLastData
                0x008004f6                angleDeg
                0x008004f8                angleError
                0x008004fa                angleDegEncode
                0x008004fb                irCommRobotId
                0x008004fc                irCommRobotsNum
                0x008004fd                irCommLedToggle
                0x008004fe                irCommMsgCount
                0x008004ff                irCommMaxSensorSignalIndexTemp
                0x00800500                irCommMaxSensorSignalFiltIndexTemp
                0x00800501                irCommRxMaxSensorIndexTemp
                0x00800502                irCommRxMaxDiffIndexTemp
                0x00800503                irCommProxMeanIndexTemp
                0x00800504                irCommSwitchCountIndexTemp
                0x00800505                irCommMaxSensorValueCurrIndexTemp
                0x00800506                irCommMinSensorValueCurrIndexTemp
                0x00800507                irCommShiftCountIndexTemp
                0x00800508                irCommShiftCountFinalIndexTemp
                0x00800509                irCommStartDiffIndexTemp
                0x0080050a                irCommComputeShiftIndexTemp
                0x0080050b                irCommRxPeakHighToLowIndexTemp
                0x0080050c                irCommRxStartPeakDurationIndexTemp
                0x0080050d                irCommRxStartBitDetectedIndexTemp
                0x0080050e                irCommStateIndexTemp
                0x0080050f                irCommSyncStateIndexTemp
                0x00800510                irCommBitsSignalIndexTemp
                0x00800511                irCommRxBitReceivedIndexTemp
                0x00800512                irCommRxPrevDataReceived
                0x00800513                irCommAdcRxState
                0x00800514                irCommRxWindowSamples
                0x00800515                irCommRxCrc
                0x00800516                irCommProxSum
                0x0080051a                irCommTempMax
                0x0080051c                irCommTempMin
                0x0080051e                irCommShiftCount
                0x0080051f                irCommComputeShift
                0x00800520                irCommProxMean
                0x00800522                irCommSignalState
                0x00800523                irCommSwitchCount
                0x00800524                irCommRxBitCount
                0x00800525                irCommRxCrcError
                0x00800526                irCommRxByte
                0x00800527                irCommSecondBitSkipped
                0x00800528                irCommShiftCounter
                0x00800529                irCommRxByteExpected
                0x0080052a                irCommRxSequenceCount
                0x0080052b                irCommRxLastDataReceived
                0x0080052c                irCommRxDataAvailable
                0x0080052d                irCommRxBitSkipped
                0x0080052e                irCommRxStartBitDetected
                0x0080052f                irCommRxPeakHighToLow
                0x00800530                irCommRxStartPeakDuration
                0x00800531                irCommRxMaxDiff
                0x00800533                irCommRxMaxSensor
                0x00800535                irCommRxNumReceivingSensors
                0x00800536                irCommAdcTxState
                0x00800537                irCommTxByte
                0x00800538                irCommTxByteEnqueued
                0x00800539                irCommTxLastTransmissionTime
                0x0080053d                irCommTxCrc
                0x0080053e                irCommTxBitCount
                0x0080053f                irCommTxPulseState
                0x00800540                irCommTxDuration
                0x00800542                irCommTxSwitchCount
                0x00800543                irCommTxSwitchCounter
                0x00800544                irCommTxDurationCycle
                0x00800545                irCommTxSensorMask
                0x00800546                irCommTxSensorGroup
 .bss           0x00800547        0x0 ports_io.o
 .bss           0x00800547        0x0 twimaster.o
 .bss           0x00800547        0x0 usart.o
 .bss           0x00800547        0x0 utility.o
 .bss           0x00800547        0x0 adc.o
 .bss           0x00800547        0x0 motors.o
 .bss           0x00800547        0x0 behaviors.o
 .bss           0x00800547        0x0 leds.o
 .bss           0x00800547        0x0 sensors.o
 .bss           0x00800547        0x0 eepromIO.o
 .bss           0x00800547        0x0 irCommunication.o
 .bss           0x00800547        0x0 c:/program files (x86)/atmel/avr tools/avr toolchain/bin/../lib/gcc/avr/4.5.1/../../../../avr/lib/avr6\libm.a(addsf3.o)
 .bss           0x00800547        0x0 c:/program files (x86)/atmel/avr tools/avr toolchain/bin/../lib/gcc/avr/4.5.1/../../../../avr/lib/avr6\libm.a(addsf3x.o)
 .bss           0x00800547        0x0 c:/program files (x86)/atmel/avr tools/avr toolchain/bin/../lib/gcc/avr/4.5.1/../../../../avr/lib/avr6\libm.a(atan2.o)
 .bss           0x00800547        0x0 c:/program files (x86)/atmel/avr tools/avr toolchain/bin/../lib/gcc/avr/4.5.1/../../../../avr/lib/avr6\libm.a(atan.o)
 .bss           0x00800547        0x0 c:/program files (x86)/atmel/avr tools/avr toolchain/bin/../lib/gcc/avr/4.5.1/../../../../avr/lib/avr6\libm.a(cmpsf2.o)
 .bss           0x00800547        0x0 c:/program files (x86)/atmel/avr tools/avr toolchain/bin/../lib/gcc/avr/4.5.1/../../../../avr/lib/avr6\libm.a(cos.o)
 .bss           0x00800547        0x0 c:/program files (x86)/atmel/avr tools/avr toolchain/bin/../lib/gcc/avr/4.5.1/../../../../avr/lib/avr6\libm.a(divsf3.o)
 .bss           0x00800547        0x0 c:/program files (x86)/atmel/avr tools/avr toolchain/bin/../lib/gcc/avr/4.5.1/../../../../avr/lib/avr6\libm.a(divsf3x.o)
 .bss           0x00800547        0x0 c:/program files (x86)/atmel/avr tools/avr toolchain/bin/../lib/gcc/avr/4.5.1/../../../../avr/lib/avr6\libm.a(fixsfsi.o)
 .bss           0x00800547        0x0 c:/program files (x86)/atmel/avr tools/avr toolchain/bin/../lib/gcc/avr/4.5.1/../../../../avr/lib/avr6\libm.a(fixunssfsi.o)
 .bss           0x00800547        0x0 c:/program files (x86)/atmel/avr tools/avr toolchain/bin/../lib/gcc/avr/4.5.1/../../../../avr/lib/avr6\libm.a(floatsisf.o)
 .bss           0x00800547        0x0 c:/program files (x86)/atmel/avr tools/avr toolchain/bin/../lib/gcc/avr/4.5.1/../../../../avr/lib/avr6\libm.a(fp_cmp.o)
 .bss           0x00800547        0x0 c:/program files (x86)/atmel/avr tools/avr toolchain/bin/../lib/gcc/avr/4.5.1/../../../../avr/lib/avr6\libm.a(fp_inf.o)
 .bss           0x00800547        0x0 c:/program files (x86)/atmel/avr tools/avr toolchain/bin/../lib/gcc/avr/4.5.1/../../../../avr/lib/avr6\libm.a(fp_nan.o)
 .bss           0x00800547        0x0 c:/program files (x86)/atmel/avr tools/avr toolchain/bin/../lib/gcc/avr/4.5.1/../../../../avr/lib/avr6\libm.a(fp_powser.o)
 .bss           0x00800547        0x0 c:/program files (x86)/atmel/avr tools/avr toolchain/bin/../lib/gcc/avr/4.5.1/../../../../avr/lib/avr6\libm.a(fp_pscA.o)
 .bss           0x00800547        0x0 c:/program files (x86)/atmel/avr tools/avr toolchain/bin/../lib/gcc/avr/4.5.1/../../../../avr/lib/avr6\libm.a(fp_pscB.o)
 .bss           0x00800547        0x0 c:/program files (x86)/atmel/avr tools/avr toolchain/bin/../lib/gcc/avr/4.5.1/../../../../avr/lib/avr6\libm.a(fp_rempio2.o)
 .bss           0x00800547        0x0 c:/program files (x86)/atmel/avr tools/avr toolchain/bin/../lib/gcc/avr/4.5.1/../../../../avr/lib/avr6\libm.a(fp_round.o)
 .bss           0x00800547        0x0 c:/program files (x86)/atmel/avr tools/avr toolchain/bin/../lib/gcc/avr/4.5.1/../../../../avr/lib/avr6\libm.a(fp_sinus.o)
 .bss           0x00800547        0x0 c:/program files (x86)/atmel/avr tools/avr toolchain/bin/../lib/gcc/avr/4.5.1/../../../../avr/lib/avr6\libm.a(fp_split3.o)
 .bss           0x00800547        0x0 c:/program files (x86)/atmel/avr tools/avr toolchain/bin/../lib/gcc/avr/4.5.1/../../../../avr/lib/avr6\libm.a(fp_zero.o)
 .bss           0x00800547        0x0 c:/program files (x86)/atmel/avr tools/avr toolchain/bin/../lib/gcc/avr/4.5.1/../../../../avr/lib/avr6\libm.a(gesf2.o)
 .bss           0x00800547        0x0 c:/program files (x86)/atmel/avr tools/avr toolchain/bin/../lib/gcc/avr/4.5.1/../../../../avr/lib/avr6\libm.a(inverse.o)
 .bss           0x00800547        0x0 c:/program files (x86)/atmel/avr tools/avr toolchain/bin/../lib/gcc/avr/4.5.1/../../../../avr/lib/avr6\libm.a(mulsf3.o)
 .bss           0x00800547        0x0 c:/program files (x86)/atmel/avr tools/avr toolchain/bin/../lib/gcc/avr/4.5.1/../../../../avr/lib/avr6\libm.a(mulsf3x.o)
 .bss           0x00800547        0x0 c:/program files (x86)/atmel/avr tools/avr toolchain/bin/../lib/gcc/avr/4.5.1/../../../../avr/lib/avr6\libm.a(sin.o)
 .bss           0x00800547        0x0 c:/program files (x86)/atmel/avr tools/avr toolchain/bin/../lib/gcc/avr/4.5.1/../../../../avr/lib/avr6\libm.a(square.o)
 .bss           0x00800547        0x0 c:/program files (x86)/atmel/avr tools/avr toolchain/bin/../lib/gcc/avr/4.5.1/../../../../avr/lib/avr6\libm.a(fp_mpack.o)
 .bss           0x00800547        0x0 c:/program files (x86)/atmel/avr tools/avr toolchain/bin/../lib/gcc/avr/4.5.1/../../../../avr/lib/avr6\libm.a(fp_powsodd.o)
 .bss           0x00800547        0x0 c:/program files (x86)/atmel/avr tools/avr toolchain/bin/../lib/gcc/avr/4.5.1/avr6\libgcc.a(_mulsi3.o)
 .bss           0x00800547        0x0 c:/program files (x86)/atmel/avr tools/avr toolchain/bin/../lib/gcc/avr/4.5.1/avr6\libgcc.a(_udivmodhi4.o)
 .bss           0x00800547        0x0 c:/program files (x86)/atmel/avr tools/avr toolchain/bin/../lib/gcc/avr/4.5.1/avr6\libgcc.a(_divmodhi4.o)
 .bss           0x00800547        0x0 c:/program files (x86)/atmel/avr tools/avr toolchain/bin/../lib/gcc/avr/4.5.1/avr6\libgcc.a(_divmodsi4.o)
 .bss           0x00800547        0x0 c:/program files (x86)/atmel/avr tools/avr toolchain/bin/../lib/gcc/avr/4.5.1/avr6\libgcc.a(_exit.o)
 .bss           0x00800547        0x0 c:/program files (x86)/atmel/avr tools/avr toolchain/bin/../lib/gcc/avr/4.5.1/avr6\libgcc.a(_copy_data.o)
 .bss           0x00800547        0x0 c:/program files (x86)/atmel/avr tools/avr toolchain/bin/../lib/gcc/avr/4.5.1/avr6\libgcc.a(_clear_bss.o)
 .bss           0x00800547        0x0 c:/program files (x86)/atmel/avr tools/avr toolchain/bin/../lib/gcc/avr/4.5.1/avr6\libgcc.a(_udivmodsi4.o)
 .bss           0x00800547        0x0 c:/program files (x86)/atmel/avr tools/avr toolchain/bin/../lib/gcc/avr/4.5.1/../../../../avr/lib/avr6\libc.a(rand.o)
 .bss           0x00800547        0x0 c:/program files (x86)/atmel/avr tools/avr toolchain/bin/../lib/gcc/avr/4.5.1/../../../../avr/lib/avr6\libc.a(memset.o)
 .bss           0x00800547        0x0 c:/program files (x86)/atmel/avr tools/avr toolchain/bin/../lib/gcc/avr/4.5.1/../../../../avr/lib/avr6\libc.a(eerd_block_atmega2560.o)
 .bss           0x00800547        0x0 c:/program files (x86)/atmel/avr tools/avr toolchain/bin/../lib/gcc/avr/4.5.1/../../../../avr/lib/avr6\libc.a(eerd_byte_atmega2560.o)
 .bss           0x00800547        0x0 c:/program files (x86)/atmel/avr tools/avr toolchain/bin/../lib/gcc/avr/4.5.1/../../../../avr/lib/avr6\libc.a(eerd_word_atmega2560.o)
 .bss           0x00800547        0x0 c:/program files (x86)/atmel/avr tools/avr toolchain/bin/../lib/gcc/avr/4.5.1/../../../../avr/lib/avr6\libc.a(eeupd_block_atmega2560.o)
 .bss           0x00800547        0x0 c:/program files (x86)/atmel/avr tools/avr toolchain/bin/../lib/gcc/avr/4.5.1/../../../../avr/lib/avr6\libc.a(eeupd_byte_atmega2560.o)
 .bss           0x00800547        0x0 c:/program files (x86)/atmel/avr tools/avr toolchain/bin/../lib/gcc/avr/4.5.1/../../../../avr/lib/avr6\libc.a(eeupd_word_atmega2560.o)
 .bss           0x00800547        0x0 c:/program files (x86)/atmel/avr tools/avr toolchain/bin/../lib/gcc/avr/4.5.1/../../../../avr/lib/avr6\libc.a(eewr_byte_atmega2560.o)
 .bss           0x00800547        0x0 c:/program files (x86)/atmel/avr tools/avr toolchain/bin/../lib/gcc/avr/4.5.1/../../../../avr/lib/avr6\libc.a(eewr_word_atmega2560.o)
 *(.bss*)
 *(COMMON)
 COMMON         0x00800547        0x0 main.o
 COMMON         0x00800547        0x1 mirf.o
                0x00800547                PTX
 COMMON         0x00800548      0x647 variables.o
                0x00800548                irCommMinSensorValueCurr
                0x0080054a                irCommMaxSensorValueCurrTemp
                0x0080054e                irCommStateTemp
                0x0080055c                irCommMaxSensorValueCurr
                0x0080055e                timeOdometry
                0x00800562                currentOsccal
                0x00800563                irCommSwitchCountTemp
                0x00800565                calibWheel
                0x00800566                irCommTxBitToTransmit
                0x00800572                irCommRxBitReceived
                0x0080057c                irCommSyncStateTemp
                0x0080057e                irCommComputeShiftTemp
                0x00800580                calibrateOdomFlag
                0x00800581                irCommProxMeanTemp
                0x00800585                delta_left_speed_current
                0x00800587                irCommRxStartBitDetectedTemp
                0x00800589                irCommMaxSensorSignalFiltTemp
                0x008005d9                irCommMinSensorValueAdc
                0x008005db                irCommRxPeakHighToLowTemp
                0x008005dd                irCommProxValuesBuff1
                0x0080071d                irCommRxStartPeakDurationTemp
                0x0080071f                irCommProxValuesBuff2
                0x0080085f                irCommProxValuesCurr
                0x00800861                irCommMinSensorValueBuff1
                0x00800871                irCommRxBitReceivedTemp
                0x0080087b                irCommProxValuesAdc
                0x0080087d                irCommMaxSensorSignalTemp
                0x008008cd                calibVelIndex
                0x008008ce                irCommStartDiffTemp
                0x008008d2                delta_right_speed_prev
                0x008008d4                ackPayload
                0x008008e4                irCommMinSensorValueBuff2
                0x008008f4                calibration
                0x00800984                dataLED
                0x0080098a                irCommMaxSensorValueBuff1
                0x0080099a                delta_left_speed_prev
                0x0080099c                rfData
                0x008009a9                irCommBitsSignalTemp
                0x00800b39                delta_right_speed_current
                0x00800b3b                irCommRxMaxSensorTemp
                0x00800b3f                irCommMinSensorValueCurrTemp
                0x00800b43                timeoutOdometry
                0x00800b47                irCommShiftCountFinalTemp
                0x00800b49                irCommMaxSensorValueAdc
                0x00800b4b                irCommMaxSensorSignal
                0x00800b73                calibState
                0x00800b74                irCommRxMaxDiffTemp
                0x00800b78                irCommMaxSensorValueBuff2
                0x00800b88                tempVel
                0x00800b8a                irCommTempPointer
                0x00800b8c                startCalibration
                0x00800b8d                irCommShiftCountTemp
                0x00800b8f                PROVIDE (__bss_end, .)
                0x0000b042                __data_load_start = LOADADDR (.data)
                0x0000b06c                __data_load_end = (__data_load_start + SIZEOF (.data))

.noinit         0x00800b8f        0x0
                0x00800b8f                PROVIDE (__noinit_start, .)
 *(.noinit*)
                0x00800b8f                PROVIDE (__noinit_end, .)
                0x00800b8f                _end = .
                0x00800b8f                PROVIDE (__heap_start, .)

.eeprom         0x00810000        0x0
 *(.eeprom*)
                0x00810000                __eeprom_end = .

.fuse
 *(.fuse)
 *(.lfuse)
 *(.hfuse)
 *(.efuse)

.lock
 *(.lock*)

.signature
 *(.signature*)

.stab           0x00000000     0x37ec
 *(.stab)
 .stab          0x00000000      0x6e4 c:/program files (x86)/atmel/avr tools/avr toolchain/bin/../lib/gcc/avr/4.5.1/../../../../avr/lib/avr6/crtm2560.o
 .stab          0x000006e4       0x78 c:/program files (x86)/atmel/avr tools/avr toolchain/bin/../lib/gcc/avr/4.5.1/../../../../avr/lib/avr6\libm.a(addsf3.o)
                                 0x84 (size before relaxing)
 .stab          0x0000075c      0x4bc c:/program files (x86)/atmel/avr tools/avr toolchain/bin/../lib/gcc/avr/4.5.1/../../../../avr/lib/avr6\libm.a(addsf3x.o)
                                0x4c8 (size before relaxing)
 .stab          0x00000c18      0x2f4 c:/program files (x86)/atmel/avr tools/avr toolchain/bin/../lib/gcc/avr/4.5.1/../../../../avr/lib/avr6\libm.a(atan2.o)
                                0x300 (size before relaxing)
 .stab          0x00000f0c      0x210 c:/program files (x86)/atmel/avr tools/avr toolchain/bin/../lib/gcc/avr/4.5.1/../../../../avr/lib/avr6\libm.a(atan.o)
                                0x21c (size before relaxing)
 .stab          0x0000111c       0x90 c:/program files (x86)/atmel/avr tools/avr toolchain/bin/../lib/gcc/avr/4.5.1/../../../../avr/lib/avr6\libm.a(cmpsf2.o)
                                 0x9c (size before relaxing)
 .stab          0x000011ac       0x54 c:/program files (x86)/atmel/avr tools/avr toolchain/bin/../lib/gcc/avr/4.5.1/../../../../avr/lib/avr6\libm.a(cos.o)
                                 0x60 (size before relaxing)
 .stab          0x00001200       0x48 c:/program files (x86)/atmel/avr tools/avr toolchain/bin/../lib/gcc/avr/4.5.1/../../../../avr/lib/avr6\libm.a(divsf3.o)
                                 0x54 (size before relaxing)
 .stab          0x00001248      0x510 c:/program files (x86)/atmel/avr tools/avr toolchain/bin/../lib/gcc/avr/4.5.1/../../../../avr/lib/avr6\libm.a(divsf3x.o)
                                0x51c (size before relaxing)
 .stab          0x00001758       0x6c c:/program files (x86)/atmel/avr tools/avr toolchain/bin/../lib/gcc/avr/4.5.1/../../../../avr/lib/avr6\libm.a(fixsfsi.o)
                                 0x78 (size before relaxing)
 .stab          0x000017c4      0x240 c:/program files (x86)/atmel/avr tools/avr toolchain/bin/../lib/gcc/avr/4.5.1/../../../../avr/lib/avr6\libm.a(fixunssfsi.o)
                                0x24c (size before relaxing)
 .stab          0x00001a04      0x318 c:/program files (x86)/atmel/avr tools/avr toolchain/bin/../lib/gcc/avr/4.5.1/../../../../avr/lib/avr6\libm.a(floatsisf.o)
                                0x324 (size before relaxing)
 .stab          0x00001d1c      0x1e0 c:/program files (x86)/atmel/avr tools/avr toolchain/bin/../lib/gcc/avr/4.5.1/../../../../avr/lib/avr6\libm.a(fp_cmp.o)
                                0x1ec (size before relaxing)
 .stab          0x00001efc       0x78 c:/program files (x86)/atmel/avr tools/avr toolchain/bin/../lib/gcc/avr/4.5.1/../../../../avr/lib/avr6\libm.a(fp_inf.o)
                                 0x84 (size before relaxing)
 .stab          0x00001f74       0x54 c:/program files (x86)/atmel/avr tools/avr toolchain/bin/../lib/gcc/avr/4.5.1/../../../../avr/lib/avr6\libm.a(fp_nan.o)
                                 0x60 (size before relaxing)
 .stab          0x00001fc8      0x1ec c:/program files (x86)/atmel/avr tools/avr toolchain/bin/../lib/gcc/avr/4.5.1/../../../../avr/lib/avr6\libm.a(fp_powser.o)
                                0x1f8 (size before relaxing)
 .stab          0x000021b4       0x84 c:/program files (x86)/atmel/avr tools/avr toolchain/bin/../lib/gcc/avr/4.5.1/../../../../avr/lib/avr6\libm.a(fp_pscA.o)
                                 0x90 (size before relaxing)
 .stab          0x00002238       0x84 c:/program files (x86)/atmel/avr tools/avr toolchain/bin/../lib/gcc/avr/4.5.1/../../../../avr/lib/avr6\libm.a(fp_pscB.o)
                                 0x90 (size before relaxing)
 .stab          0x000022bc      0x21c c:/program files (x86)/atmel/avr tools/avr toolchain/bin/../lib/gcc/avr/4.5.1/../../../../avr/lib/avr6\libm.a(fp_rempio2.o)
                                0x228 (size before relaxing)
 .stab          0x000024d8       0xfc c:/program files (x86)/atmel/avr tools/avr toolchain/bin/../lib/gcc/avr/4.5.1/../../../../avr/lib/avr6\libm.a(fp_round.o)
                                0x108 (size before relaxing)
 .stab          0x000025d4       0xfc c:/program files (x86)/atmel/avr tools/avr toolchain/bin/../lib/gcc/avr/4.5.1/../../../../avr/lib/avr6\libm.a(fp_sinus.o)
                                0x108 (size before relaxing)
 .stab          0x000026d0      0x1d4 c:/program files (x86)/atmel/avr tools/avr toolchain/bin/../lib/gcc/avr/4.5.1/../../../../avr/lib/avr6\libm.a(fp_split3.o)
                                0x1e0 (size before relaxing)
 .stab          0x000028a4       0x90 c:/program files (x86)/atmel/avr tools/avr toolchain/bin/../lib/gcc/avr/4.5.1/../../../../avr/lib/avr6\libm.a(fp_zero.o)
                                 0x9c (size before relaxing)
 .stab          0x00002934       0x6c c:/program files (x86)/atmel/avr tools/avr toolchain/bin/../lib/gcc/avr/4.5.1/../../../../avr/lib/avr6\libm.a(gesf2.o)
                                 0x78 (size before relaxing)
 .stab          0x000029a0       0x84 c:/program files (x86)/atmel/avr tools/avr toolchain/bin/../lib/gcc/avr/4.5.1/../../../../avr/lib/avr6\libm.a(inverse.o)
                                 0x90 (size before relaxing)
 .stab          0x00002a24       0x48 c:/program files (x86)/atmel/avr tools/avr toolchain/bin/../lib/gcc/avr/4.5.1/../../../../avr/lib/avr6\libm.a(mulsf3.o)
                                 0x54 (size before relaxing)
 .stab          0x00002a6c      0x4d4 c:/program files (x86)/atmel/avr tools/avr toolchain/bin/../lib/gcc/avr/4.5.1/../../../../avr/lib/avr6\libm.a(mulsf3x.o)
                                0x4e0 (size before relaxing)
 .stab          0x00002f40       0x78 c:/program files (x86)/atmel/avr tools/avr toolchain/bin/../lib/gcc/avr/4.5.1/../../../../avr/lib/avr6\libm.a(sin.o)
                                 0x84 (size before relaxing)
 .stab          0x00002fb8       0x54 c:/program files (x86)/atmel/avr tools/avr toolchain/bin/../lib/gcc/avr/4.5.1/../../../../avr/lib/avr6\libm.a(square.o)
                                 0x60 (size before relaxing)
 .stab          0x0000300c       0xe4 c:/program files (x86)/atmel/avr tools/avr toolchain/bin/../lib/gcc/avr/4.5.1/../../../../avr/lib/avr6\libm.a(fp_mpack.o)
                                 0xf0 (size before relaxing)
 .stab          0x000030f0       0xfc c:/program files (x86)/atmel/avr tools/avr toolchain/bin/../lib/gcc/avr/4.5.1/../../../../avr/lib/avr6\libm.a(fp_powsodd.o)
                                0x108 (size before relaxing)
 .stab          0x000031ec       0x6c c:/program files (x86)/atmel/avr tools/avr toolchain/bin/../lib/gcc/avr/4.5.1/../../../../avr/lib/avr6\libc.a(memset.o)
                                 0x78 (size before relaxing)
 .stab          0x00003258      0x108 c:/program files (x86)/atmel/avr tools/avr toolchain/bin/../lib/gcc/avr/4.5.1/../../../../avr/lib/avr6\libc.a(eerd_block_atmega2560.o)
                                0x114 (size before relaxing)
 .stab          0x00003360       0x90 c:/program files (x86)/atmel/avr tools/avr toolchain/bin/../lib/gcc/avr/4.5.1/../../../../avr/lib/avr6\libc.a(eerd_byte_atmega2560.o)
                                 0x9c (size before relaxing)
 .stab          0x000033f0       0x6c c:/program files (x86)/atmel/avr tools/avr toolchain/bin/../lib/gcc/avr/4.5.1/../../../../avr/lib/avr6\libc.a(eerd_word_atmega2560.o)
                                 0x78 (size before relaxing)
 .stab          0x0000345c       0xe4 c:/program files (x86)/atmel/avr tools/avr toolchain/bin/../lib/gcc/avr/4.5.1/../../../../avr/lib/avr6\libc.a(eeupd_block_atmega2560.o)
                                 0xf0 (size before relaxing)
 .stab          0x00003540      0x114 c:/program files (x86)/atmel/avr tools/avr toolchain/bin/../lib/gcc/avr/4.5.1/../../../../avr/lib/avr6\libc.a(eeupd_byte_atmega2560.o)
                                0x120 (size before relaxing)
 .stab          0x00003654       0x60 c:/program files (x86)/atmel/avr tools/avr toolchain/bin/../lib/gcc/avr/4.5.1/../../../../avr/lib/avr6\libc.a(eeupd_word_atmega2560.o)
                                 0x6c (size before relaxing)
 .stab          0x000036b4       0xe4 c:/program files (x86)/atmel/avr tools/avr toolchain/bin/../lib/gcc/avr/4.5.1/../../../../avr/lib/avr6\libc.a(eewr_byte_atmega2560.o)
                                 0xf0 (size before relaxing)
 .stab          0x00003798       0x54 c:/program files (x86)/atmel/avr tools/avr toolchain/bin/../lib/gcc/avr/4.5.1/../../../../avr/lib/avr6\libc.a(eewr_word_atmega2560.o)
                                 0x60 (size before relaxing)

.stabstr        0x00000000      0xf7b
 *(.stabstr)
 .stabstr       0x00000000      0xf7b c:/program files (x86)/atmel/avr tools/avr toolchain/bin/../lib/gcc/avr/4.5.1/../../../../avr/lib/avr6/crtm2560.o

.stab.excl
 *(.stab.excl)

.stab.exclstr
 *(.stab.exclstr)

.stab.index
 *(.stab.index)

.stab.indexstr
 *(.stab.indexstr)

.comment
 *(.comment)

.debug
 *(.debug)

.line
 *(.line)

.debug_srcinfo
 *(.debug_srcinfo)

.debug_sfnames
 *(.debug_sfnames)

.debug_aranges  0x00000000      0x238
 *(.debug_aranges)
 .debug_aranges
                0x00000000       0x20 main.o
 .debug_aranges
                0x00000020       0x20 spi.o
 .debug_aranges
                0x00000040       0x20 mirf.o
 .debug_aranges
                0x00000060       0x20 ir_remote_control.o
 .debug_aranges
                0x00000080       0x20 speed_control.o
 .debug_aranges
                0x000000a0       0x20 ports_io.o
 .debug_aranges
                0x000000c0       0x20 twimaster.o
 .debug_aranges
                0x000000e0       0x20 usart.o
 .debug_aranges
                0x00000100       0x20 utility.o
 .debug_aranges
                0x00000120       0x20 adc.o
 .debug_aranges
                0x00000140       0x20 motors.o
 .debug_aranges
                0x00000160       0x20 behaviors.o
 .debug_aranges
                0x00000180       0x20 leds.o
 .debug_aranges
                0x000001a0       0x20 sensors.o
 .debug_aranges
                0x000001c0       0x20 eepromIO.o
 .debug_aranges
                0x000001e0       0x20 irCommunication.o
 .debug_aranges
                0x00000200       0x38 c:/program files (x86)/atmel/avr tools/avr toolchain/bin/../lib/gcc/avr/4.5.1/../../../../avr/lib/avr6\libc.a(rand.o)

.debug_pubnames
                0x00000000     0x26f7
 *(.debug_pubnames)
 .debug_pubnames
                0x00000000       0x67 main.o
 .debug_pubnames
                0x00000067       0xc3 spi.o
 .debug_pubnames
                0x0000012a      0x21b mirf.o
 .debug_pubnames
                0x00000345      0x11f ir_remote_control.o
 .debug_pubnames
                0x00000464       0xb0 speed_control.o
 .debug_pubnames
                0x00000514     0x1715 variables.o
 .debug_pubnames
                0x00001c29       0x6e ports_io.o
 .debug_pubnames
                0x00001c97       0xe7 twimaster.o
 .debug_pubnames
                0x00001d7e       0xee usart.o
 .debug_pubnames
                0x00001e6c       0xda utility.o
 .debug_pubnames
                0x00001f46       0x7a adc.o
 .debug_pubnames
                0x00001fc0      0x203 motors.o
 .debug_pubnames
                0x000021c3      0x104 behaviors.o
 .debug_pubnames
                0x000022c7       0xef leds.o
 .debug_pubnames
                0x000023b6      0x116 sensors.o
 .debug_pubnames
                0x000024cc       0x97 eepromIO.o
 .debug_pubnames
                0x00002563      0x164 irCommunication.o
 .debug_pubnames
                0x000026c7       0x30 c:/program files (x86)/atmel/avr tools/avr toolchain/bin/../lib/gcc/avr/4.5.1/../../../../avr/lib/avr6\libc.a(rand.o)

.debug_info     0x00000000     0x683f
 *(.debug_info)
 .debug_info    0x00000000      0x655 main.o
 .debug_info    0x00000655      0x26b spi.o
 .debug_info    0x000008c0      0xc6e mirf.o
 .debug_info    0x0000152e      0x4b3 ir_remote_control.o
 .debug_info    0x000019e1      0x251 speed_control.o
 .debug_info    0x00001c32     0x15dc variables.o
 .debug_info    0x0000320e       0xe7 ports_io.o
 .debug_info    0x000032f5      0x24b twimaster.o
 .debug_info    0x00003540      0x363 usart.o
 .debug_info    0x000038a3      0x363 utility.o
 .debug_info    0x00003c06      0x718 adc.o
 .debug_info    0x0000431e      0xa5d motors.o
 .debug_info    0x00004d7b      0x28d behaviors.o
 .debug_info    0x00005008      0x22c leds.o
 .debug_info    0x00005234      0x60e sensors.o
 .debug_info    0x00005842      0x11b eepromIO.o
 .debug_info    0x0000595d      0xdc2 irCommunication.o
 .debug_info    0x0000671f      0x120 c:/program files (x86)/atmel/avr tools/avr toolchain/bin/../lib/gcc/avr/4.5.1/../../../../avr/lib/avr6\libc.a(rand.o)
 *(.gnu.linkonce.wi.*)

.debug_abbrev   0x00000000     0x127e
 *(.debug_abbrev)
 .debug_abbrev  0x00000000       0xba main.o
 .debug_abbrev  0x000000ba      0x145 spi.o
 .debug_abbrev  0x000001ff      0x2b3 mirf.o
 .debug_abbrev  0x000004b2      0x133 ir_remote_control.o
 .debug_abbrev  0x000005e5       0x8e speed_control.o
 .debug_abbrev  0x00000673       0x7b variables.o
 .debug_abbrev  0x000006ee       0x6e ports_io.o
 .debug_abbrev  0x0000075c      0x14a twimaster.o
 .debug_abbrev  0x000008a6      0x172 usart.o
 .debug_abbrev  0x00000a18       0xcb utility.o
 .debug_abbrev  0x00000ae3       0xc7 adc.o
 .debug_abbrev  0x00000baa      0x16d motors.o
 .debug_abbrev  0x00000d17       0xe0 behaviors.o
 .debug_abbrev  0x00000df7       0xa1 leds.o
 .debug_abbrev  0x00000e98      0x14a sensors.o
 .debug_abbrev  0x00000fe2       0x7e eepromIO.o
 .debug_abbrev  0x00001060      0x151 irCommunication.o
 .debug_abbrev  0x000011b1       0xcd c:/program files (x86)/atmel/avr tools/avr toolchain/bin/../lib/gcc/avr/4.5.1/../../../../avr/lib/avr6\libc.a(rand.o)

.debug_line     0x00000000     0x858b
 *(.debug_line)
 .debug_line    0x00000000     0x15f2 main.o
 .debug_line    0x000015f2      0x28d spi.o
 .debug_line    0x0000187f      0xd4c mirf.o
 .debug_line    0x000025cb      0x6f0 ir_remote_control.o
 .debug_line    0x00002cbb      0x31f speed_control.o
 .debug_line    0x00002fda       0xc2 variables.o
 .debug_line    0x0000309c      0x1e6 ports_io.o
 .debug_line    0x00003282      0x375 twimaster.o
 .debug_line    0x000035f7      0x38d usart.o
 .debug_line    0x00003984      0x3bb utility.o
 .debug_line    0x00003d3f      0xbf5 adc.o
 .debug_line    0x00004934     0x139a motors.o
 .debug_line    0x00005cce      0x313 behaviors.o
 .debug_line    0x00005fe1      0x364 leds.o
 .debug_line    0x00006345      0xa7c sensors.o
 .debug_line    0x00006dc1      0x108 eepromIO.o
 .debug_line    0x00006ec9     0x1571 irCommunication.o
 .debug_line    0x0000843a      0x151 c:/program files (x86)/atmel/avr tools/avr toolchain/bin/../lib/gcc/avr/4.5.1/../../../../avr/lib/avr6\libc.a(rand.o)

.debug_frame    0x00000000      0x920
 *(.debug_frame)
 .debug_frame   0x00000000       0x20 main.o
 .debug_frame   0x00000020       0x70 spi.o
 .debug_frame   0x00000090      0x160 mirf.o
 .debug_frame   0x000001f0       0x80 ir_remote_control.o
 .debug_frame   0x00000270       0x40 speed_control.o
 .debug_frame   0x000002b0       0x20 ports_io.o
 .debug_frame   0x000002d0       0xa0 twimaster.o
 .debug_frame   0x00000370       0x90 usart.o
 .debug_frame   0x00000400       0x80 utility.o
 .debug_frame   0x00000480       0x30 adc.o
 .debug_frame   0x000004b0      0x150 motors.o
 .debug_frame   0x00000600       0x80 behaviors.o
 .debug_frame   0x00000680       0x90 leds.o
 .debug_frame   0x00000710       0xb0 sensors.o
 .debug_frame   0x000007c0       0x30 eepromIO.o
 .debug_frame   0x000007f0       0xe0 irCommunication.o
 .debug_frame   0x000008d0       0x50 c:/program files (x86)/atmel/avr tools/avr toolchain/bin/../lib/gcc/avr/4.5.1/../../../../avr/lib/avr6\libc.a(rand.o)

.debug_str      0x00000000     0x1db4
 *(.debug_str)
 .debug_str     0x00000000      0x380 main.o
                                0x3b9 (size before relaxing)
 .debug_str     0x00000380       0x77 spi.o
                                0x19b (size before relaxing)
 .debug_str     0x000003f7      0x227 mirf.o
                                0x431 (size before relaxing)
 .debug_str     0x0000061e      0x118 ir_remote_control.o
                                0x32d (size before relaxing)
 .debug_str     0x00000736      0x179 speed_control.o
                                0x294 (size before relaxing)
 .debug_str     0x000008af      0xe2c variables.o
                               0x1391 (size before relaxing)
 .debug_str     0x000016db       0x1a ports_io.o
                                0x145 (size before relaxing)
 .debug_str     0x000016f5       0x79 twimaster.o
                                0x1a9 (size before relaxing)
 .debug_str     0x0000176e       0x93 usart.o
                                0x23f (size before relaxing)
 .debug_str     0x00001801       0x7b utility.o
                                0x251 (size before relaxing)
 .debug_str     0x0000187c       0x1d adc.o
                                0x51a (size before relaxing)
 .debug_str     0x00001899      0x18a motors.o
                                0x67d (size before relaxing)
 .debug_str     0x00001a23       0xcc behaviors.o
                                0x25e (size before relaxing)
 .debug_str     0x00001aef       0x87 leds.o
                                0x1d6 (size before relaxing)
 .debug_str     0x00001b76       0xa2 sensors.o
                                0x31c (size before relaxing)
 .debug_str     0x00001c18       0x3f eepromIO.o
                                0x16e (size before relaxing)
 .debug_str     0x00001c57       0xee irCommunication.o
                                0xab1 (size before relaxing)
 .debug_str     0x00001d45       0x6f c:/program files (x86)/atmel/avr tools/avr toolchain/bin/../lib/gcc/avr/4.5.1/../../../../avr/lib/avr6\libc.a(rand.o)
                                 0xa8 (size before relaxing)

.debug_loc      0x00000000     0x2a88
 *(.debug_loc)
 .debug_loc     0x00000000      0x64e main.o
 .debug_loc     0x0000064e      0x117 spi.o
 .debug_loc     0x00000765      0x46a mirf.o
 .debug_loc     0x00000bcf       0x4a ir_remote_control.o
 .debug_loc     0x00000c19       0x50 speed_control.o
 .debug_loc     0x00000c69      0x11a twimaster.o
 .debug_loc     0x00000d83       0xc1 usart.o
 .debug_loc     0x00000e44       0x3b utility.o
 .debug_loc     0x00000e7f       0x88 adc.o
 .debug_loc     0x00000f07      0xe0d motors.o
 .debug_loc     0x00001d14      0x2d2 behaviors.o
 .debug_loc     0x00001fe6       0xf1 leds.o
 .debug_loc     0x000020d7      0x4d4 sensors.o
 .debug_loc     0x000025ab      0x3c9 irCommunication.o
 .debug_loc     0x00002974      0x114 c:/program files (x86)/atmel/avr tools/avr toolchain/bin/../lib/gcc/avr/4.5.1/../../../../avr/lib/avr6\libc.a(rand.o)

.debug_macinfo
 *(.debug_macinfo)
OUTPUT(Elisa3-avr-studio.elf elf32-avr)
LOAD linker stubs

.debug_pubtypes
                0x00000000      0x2c8
 .debug_pubtypes
                0x00000000       0x2b main.o
 .debug_pubtypes
                0x0000002b       0x1e spi.o
 .debug_pubtypes
                0x00000049       0x2b mirf.o
 .debug_pubtypes
                0x00000074       0x38 ir_remote_control.o
 .debug_pubtypes
                0x000000ac       0x12 speed_control.o
 .debug_pubtypes
                0x000000be       0x1f variables.o
 .debug_pubtypes
                0x000000dd       0x1e ports_io.o
 .debug_pubtypes
                0x000000fb       0x2b twimaster.o
 .debug_pubtypes
                0x00000126       0x1e usart.o
 .debug_pubtypes
                0x00000144       0x38 utility.o
 .debug_pubtypes
                0x0000017c       0x38 adc.o
 .debug_pubtypes
                0x000001b4       0x38 motors.o
 .debug_pubtypes
                0x000001ec       0x1f behaviors.o
 .debug_pubtypes
                0x0000020b       0x2b leds.o
 .debug_pubtypes
                0x00000236       0x37 sensors.o
 .debug_pubtypes
                0x0000026d       0x2b eepromIO.o
 .debug_pubtypes
                0x00000298       0x1e irCommunication.o
 .debug_pubtypes
                0x000002b6       0x12 c:/program files (x86)/atmel/avr tools/avr toolchain/bin/../lib/gcc/avr/4.5.1/../../../../avr/lib/avr6\libc.a(rand.o)

.debug_ranges   0x00000000      0x140
 .debug_ranges  0x00000000       0x60 spi.o
 .debug_ranges  0x00000060       0x30 mirf.o
 .debug_ranges  0x00000090       0x40 twimaster.o
 .debug_ranges  0x000000d0       0x30 sensors.o
 .debug_ranges  0x00000100       0x18 irCommunication.o
 .debug_ranges  0x00000118       0x28 c:/program files (x86)/atmel/avr tools/avr toolchain/bin/../lib/gcc/avr/4.5.1/../../../../avr/lib/avr6\libc.a(rand.o)