Archive member included because of file (symbol)

c:/winavr-20100110/bin/../lib/gcc/avr/4.3.3/../../../../avr/lib/avr6\libm.a(addsf3.o)
                              motors.o (__subsf3)
c:/winavr-20100110/bin/../lib/gcc/avr/4.3.3/../../../../avr/lib/avr6\libm.a(addsf3x.o)
                              c:/winavr-20100110/bin/../lib/gcc/avr/4.3.3/../../../../avr/lib/avr6\libm.a(addsf3.o) (__addsf3x)
c:/winavr-20100110/bin/../lib/gcc/avr/4.3.3/../../../../avr/lib/avr6\libm.a(atan2.o)
                              sensors.o (atan2)
c:/winavr-20100110/bin/../lib/gcc/avr/4.3.3/../../../../avr/lib/avr6\libm.a(atan.o)
                              c:/winavr-20100110/bin/../lib/gcc/avr/4.3.3/../../../../avr/lib/avr6\libm.a(atan2.o) (atan)
c:/winavr-20100110/bin/../lib/gcc/avr/4.3.3/../../../../avr/lib/avr6\libm.a(cmpsf2.o)
                              main.o (__lesf2)
c:/winavr-20100110/bin/../lib/gcc/avr/4.3.3/../../../../avr/lib/avr6\libm.a(cos.o)
                              motors.o (cos)
c:/winavr-20100110/bin/../lib/gcc/avr/4.3.3/../../../../avr/lib/avr6\libm.a(divsf3.o)
                              motors.o (__divsf3)
c:/winavr-20100110/bin/../lib/gcc/avr/4.3.3/../../../../avr/lib/avr6\libm.a(divsf3x.o)
                              c:/winavr-20100110/bin/../lib/gcc/avr/4.3.3/../../../../avr/lib/avr6\libm.a(divsf3.o) (__divsf3x)
c:/winavr-20100110/bin/../lib/gcc/avr/4.3.3/../../../../avr/lib/avr6\libm.a(fixsfsi.o)
                              main.o (__fixsfsi)
c:/winavr-20100110/bin/../lib/gcc/avr/4.3.3/../../../../avr/lib/avr6\libm.a(fixunssfsi.o)
                              main.o (__fixunssfsi)
c:/winavr-20100110/bin/../lib/gcc/avr/4.3.3/../../../../avr/lib/avr6\libm.a(floatsisf.o)
                              motors.o (__floatunsisf)
c:/winavr-20100110/bin/../lib/gcc/avr/4.3.3/../../../../avr/lib/avr6\libm.a(fp_cmp.o)
                              c:/winavr-20100110/bin/../lib/gcc/avr/4.3.3/../../../../avr/lib/avr6\libm.a(cmpsf2.o) (__fp_cmp)
c:/winavr-20100110/bin/../lib/gcc/avr/4.3.3/../../../../avr/lib/avr6\libm.a(fp_inf.o)
                              c:/winavr-20100110/bin/../lib/gcc/avr/4.3.3/../../../../avr/lib/avr6\libm.a(addsf3x.o) (__fp_inf)
c:/winavr-20100110/bin/../lib/gcc/avr/4.3.3/../../../../avr/lib/avr6\libm.a(fp_nan.o)
                              c:/winavr-20100110/bin/../lib/gcc/avr/4.3.3/../../../../avr/lib/avr6\libm.a(addsf3x.o) (__fp_nan)
c:/winavr-20100110/bin/../lib/gcc/avr/4.3.3/../../../../avr/lib/avr6\libm.a(fp_powser.o)
                              c:/winavr-20100110/bin/../lib/gcc/avr/4.3.3/../../../../avr/lib/avr6\libm.a(atan.o) (__fp_powser)
c:/winavr-20100110/bin/../lib/gcc/avr/4.3.3/../../../../avr/lib/avr6\libm.a(fp_pscA.o)
                              c:/winavr-20100110/bin/../lib/gcc/avr/4.3.3/../../../../avr/lib/avr6\libm.a(addsf3x.o) (__fp_pscA)
c:/winavr-20100110/bin/../lib/gcc/avr/4.3.3/../../../../avr/lib/avr6\libm.a(fp_pscB.o)
                              c:/winavr-20100110/bin/../lib/gcc/avr/4.3.3/../../../../avr/lib/avr6\libm.a(addsf3x.o) (__fp_pscB)
c:/winavr-20100110/bin/../lib/gcc/avr/4.3.3/../../../../avr/lib/avr6\libm.a(fp_rempio2.o)
                              c:/winavr-20100110/bin/../lib/gcc/avr/4.3.3/../../../../avr/lib/avr6\libm.a(cos.o) (__fp_rempio2)
c:/winavr-20100110/bin/../lib/gcc/avr/4.3.3/../../../../avr/lib/avr6\libm.a(fp_round.o)
                              c:/winavr-20100110/bin/../lib/gcc/avr/4.3.3/../../../../avr/lib/avr6\libm.a(addsf3.o) (__fp_round)
c:/winavr-20100110/bin/../lib/gcc/avr/4.3.3/../../../../avr/lib/avr6\libm.a(fp_sinus.o)
                              c:/winavr-20100110/bin/../lib/gcc/avr/4.3.3/../../../../avr/lib/avr6\libm.a(cos.o) (__fp_sinus)
c:/winavr-20100110/bin/../lib/gcc/avr/4.3.3/../../../../avr/lib/avr6\libm.a(fp_split3.o)
                              c:/winavr-20100110/bin/../lib/gcc/avr/4.3.3/../../../../avr/lib/avr6\libm.a(addsf3x.o) (__fp_split3)
c:/winavr-20100110/bin/../lib/gcc/avr/4.3.3/../../../../avr/lib/avr6\libm.a(fp_zero.o)
                              c:/winavr-20100110/bin/../lib/gcc/avr/4.3.3/../../../../avr/lib/avr6\libm.a(addsf3x.o) (__fp_zero)
c:/winavr-20100110/bin/../lib/gcc/avr/4.3.3/../../../../avr/lib/avr6\libm.a(gesf2.o)
                              main.o (__gesf2)
c:/winavr-20100110/bin/../lib/gcc/avr/4.3.3/../../../../avr/lib/avr6\libm.a(inverse.o)
                              c:/winavr-20100110/bin/../lib/gcc/avr/4.3.3/../../../../avr/lib/avr6\libm.a(atan.o) (inverse)
c:/winavr-20100110/bin/../lib/gcc/avr/4.3.3/../../../../avr/lib/avr6\libm.a(mulsf3.o)
                              main.o (__mulsf3)
c:/winavr-20100110/bin/../lib/gcc/avr/4.3.3/../../../../avr/lib/avr6\libm.a(mulsf3x.o)
                              c:/winavr-20100110/bin/../lib/gcc/avr/4.3.3/../../../../avr/lib/avr6\libm.a(atan.o) (__mulsf3x)
c:/winavr-20100110/bin/../lib/gcc/avr/4.3.3/../../../../avr/lib/avr6\libm.a(sin.o)
[...]
Memory Configuration

Name             Origin             Length             Attributes
text             0x00000000         0x00100000         xr
data             0x00800200         0x0000fe00         rw !x
eeprom           0x00810000         0x00010000         rw !x
fuse             0x00820000         0x00000400         rw !x
lock             0x00830000         0x00000400         rw !x
signature        0x00840000         0x00000400         rw !x
*default*        0x00000000         0xffffffff

Linker script and memory map

Address of section .data set to 0x800200
LOAD c:/winavr-20100110/bin/../lib/gcc/avr/4.3.3/../../../../avr/lib/avr6/crtm2560.o
LOAD lsm6ds3tr.o
LOAD lsm6ds3us.o
LOAD main.o
LOAD spi.o
LOAD mirf.o
LOAD ir_remote_control.o
LOAD speed_control.o
LOAD variables.o
LOAD ports_io.o
LOAD twimaster.o
LOAD usart.o
LOAD utility.o
LOAD adc.o
LOAD motors.o
LOAD behaviors.o
LOAD leds.o
LOAD sensors.o
LOAD eepromIO.o
LOAD irCommunication.o
START GROUP
LOAD c:/winavr-20100110/bin/../lib/gcc/avr/4.3.3/../../../../avr/lib/avr6\libm.a
END GROUP
LOAD c:/winavr-20100110/bin/../lib/gcc/avr/4.3.3/avr6\libgcc.a
LOAD c:/winavr-20100110/bin/../lib/gcc/avr/4.3.3/../../../../avr/lib/avr6\libc.a
LOAD c:/winavr-20100110/bin/../lib/gcc/avr/4.3.3/avr6\libgcc.a

.hash
 *(.hash)

.dynsym
 *(.dynsym)

.dynstr
 *(.dynstr)

.gnu.version
 *(.gnu.version)

.gnu.version_d
 *(.gnu.version_d)

.gnu.version_r
 *(.gnu.version_r)

.rel.init
 *(.rel.init)

.rela.init
 *(.rela.init)

.rel.text
 *(.rel.text)
 *(.rel.text.*)
 *(.rel.gnu.linkonce.t*)

.rela.text
 *(.rela.text)
 *(.rela.text.*)
 *(.rela.gnu.linkonce.t*)

.rel.fini
 *(.rel.fini)

.rela.fini
 *(.rela.fini)

.rel.rodata
 *(.rel.rodata)
 *(.rel.rodata.*)
 *(.rel.gnu.linkonce.r*)

.rela.rodata
 *(.rela.rodata)
 *(.rela.rodata.*)
 *(.rela.gnu.linkonce.r*)

.rel.data
 *(.rel.data)
 *(.rel.data.*)
 *(.rel.gnu.linkonce.d*)

.rela.data
 *(.rela.data)
 *(.rela.data.*)
 *(.rela.gnu.linkonce.d*)

.rel.ctors
 *(.rel.ctors)

.rela.ctors
 *(.rela.ctors)

.rel.dtors
 *(.rel.dtors)

.rela.dtors
 *(.rela.dtors)

.rel.got
 *(.rel.got)

.rela.got
 *(.rela.got)

.rel.bss
 *(.rel.bss)

.rela.bss
 *(.rela.bss)

.rel.plt
 *(.rel.plt)

.rela.plt
 *(.rela.plt)

.text           0x00000000     0xbcb6
 *(.vectors)
 .vectors       0x00000000       0xe4 c:/winavr-20100110/bin/../lib/gcc/avr/4.3.3/../../../../avr/lib/avr6/crtm2560.o
                0x00000000                __vectors
                0x00000000                __vector_default
 *(.vectors)
 *(.progmem.gcc*)
 .progmem.gcc_sw_table
                0x000000e4       0x6a ir_remote_control.o
 .progmem.gcc_fplib
                0x0000014e       0x2d c:/winavr-20100110/bin/../lib/gcc/avr/4.3.3/../../../../avr/lib/avr6\libm.a(atan.o)
 .progmem.gcc_fplib
                0x0000017b       0x1e c:/winavr-20100110/bin/../lib/gcc/avr/4.3.3/../../../../avr/lib/avr6\libm.a(fp_sinus.o)
 *(.progmem*)
                0x0000019a                . = ALIGN (0x2)
 *fill*         0x00000199        0x1 00
                0x0000019a                __trampolines_start = .
 *(.trampolines)
 .trampolines   0x0000019a        0x0 linker stubs
 *(.trampolines*)
                0x0000019a                __trampolines_end = .
 *(.jumptables)
 *(.jumptables*)
 *(.lowtext)
 *(.lowtext*)
                0x0000019a                __ctors_start = .
 *(.ctors)
                0x0000019a                __ctors_end = .
                0x0000019a                __dtors_start = .
 *(.dtors)
                0x0000019a                __dtors_end = .
 SORT(*)(.ctors)
 SORT(*)(.dtors)
 *(.init0)
 .init0         0x0000019a        0x0 c:/winavr-20100110/bin/../lib/gcc/avr/4.3.3/../../../../avr/lib/avr6/crtm2560.o
                0x0000019a                __init
 *(.init0)
 *(.init1)
 *(.init1)
 *(.init2)
 .init2         0x0000019a       0x10 c:/winavr-20100110/bin/../lib/gcc/avr/4.3.3/../../../../avr/lib/avr6/crtm2560.o
 *(.init2)
 *(.init3)
 *(.init3)
 *(.init4)
 .init4         0x000001aa       0x1a c:/winavr-20100110/bin/../lib/gcc/avr/4.3.3/../../../../avr/lib/avr6/crtm2560.o
                0x000001aa                __do_copy_data
 .init4         0x000001c4       0x10 c:/winavr-20100110/bin/../lib/gcc/avr/4.3.3/avr6\libgcc.a(_clear_bss.o)
                0x000001c4                __do_clear_bss
 *(.init4)
 *(.init5)
 *(.init5)
 *(.init6)
 *(.init6)
 *(.init7)
 *(.init7)
 *(.init8)
 *(.init8)
 *(.init9)
 .init9         0x000001d4        0x6 c:/winavr-20100110/bin/../lib/gcc/avr/4.3.3/../../../../avr/lib/avr6/crtm2560.o
 *(.init9)
 *(.text)
 .text          0x000001da        0x2 c:/winavr-20100110/bin/../lib/gcc/avr/4.3.3/../../../../avr/lib/avr6/crtm2560.o
                0x000001da                __vector_38
                0x000001da                __vector_22
                0x000001da                __vector_28
                0x000001da                __vector_1
                0x000001da                __vector_34
                0x000001da                __vector_24
                0x000001da                __vector_12
                0x000001da                __vector_55
                0x000001da                __vector_46
                0x000001da                __bad_interrupt
                0x000001da                __vector_6
                0x000001da                __vector_31
                0x000001da                __vector_39
                0x000001da                __vector_3
                0x000001da                __vector_23
                0x000001da                __vector_30
                0x000001da                __vector_11
                0x000001da                __vector_54
                0x000001da                __vector_17
                0x000001da                __vector_19
                0x000001da                __vector_56
                0x000001da                __vector_7
                0x000001da                __vector_49
                0x000001da                __vector_41
                0x000001da                __vector_27
                0x000001da                __vector_5
                0x000001da                __vector_47
                0x000001da                __vector_52
                0x000001da                __vector_37
                0x000001da                __vector_4
                0x000001da                __vector_44
                0x000001da                __vector_51
                0x000001da                __vector_9
                0x000001da                __vector_2
                0x000001da                __vector_21
                0x000001da                __vector_36
                0x000001da                __vector_40
                0x000001da                __vector_8
                0x000001da                __vector_26
                0x000001da                __vector_48
                0x000001da                __vector_14
                0x000001da                __vector_53
                0x000001da                __vector_50
                0x000001da                __vector_16
                0x000001da                __vector_18
                0x000001da                __vector_20
                0x000001dc                . = ALIGN (0x2)
 *(.text.*)
 .text.LSM6DS3US_CheckManufacturerId
                0x000001dc       0x3a lsm6ds3us.o
                0x000001dc                LSM6DS3US_CheckManufacturerId
 .text.LSM6DS3US_ReadAll
                0x00000216       0xa0 lsm6ds3us.o
                0x00000216                LSM6DS3US_ReadAll
 .text.LSM6DS3US_InitAccelerometer
                0x000002b6       0x4c lsm6ds3us.o
                0x000002b6                LSM6DS3US_InitAccelerometer
 .text.LSM6DS3US_InitLIS2MLWithCal
                0x00000302      0x380 lsm6ds3us.o
                0x00000302                LSM6DS3US_InitLIS2MLWithCal
 .text.LSM6DS3US_InitGyroscope
                0x00000682       0x60 lsm6ds3us.o
                0x00000682                LSM6DS3US_InitGyroscope
 .text.LSM6DS3US_InitLIS2ML
                0x000006e2      0x2c2 lsm6ds3us.o
                0x000006e2                LSM6DS3US_InitLIS2ML
 .text.main     0x000009a4     0x1aa6 main.o
                0x000009a4                main
 .text.initSPI  0x0000244a       0x18 spi.o
                0x0000244a                initSPI
 .text.closeSPI
                0x00002462        0x6 spi.o
                0x00002462                closeSPI
 .text.SPI_Write_Block
                0x00002468       0x42 spi.o
                0x00002468                SPI_Write_Block
 .text.SPI_ReadWrite_Block
                0x000024aa       0x58 spi.o
                0x000024aa                SPI_ReadWrite_Block
 .text.SPI_Write_Byte
                0x00002502       0x2a spi.o
                0x00002502                SPI_Write_Byte
 .text.writeAckPayload
                0x0000252c       0x44 mirf.o
                0x0000252c                writeAckPayload
 .text.mirf_config
                0x00002570       0xd2 mirf.o
                0x00002570                mirf_config
 .text.mirf_init
                0x00002642        0x6 mirf.o
                0x00002642                mirf_init
 .text.handleRFCommands
                0x00002648      0x858 mirf.o
                0x00002648                handleRFCommands
 .text.init_ir_remote_control
                0x00002ea0       0x38 ir_remote_control.o
                0x00002ea0                init_ir_remote_control
 .text.__vector_10
                0x00002ed8       0x68 ir_remote_control.o
                0x00002ed8                __vector_10
 .text.__vector_13
                0x00002f40      0x24e ir_remote_control.o
                0x00002f40                __vector_13
 .text.handleIRRemoteCommands
                0x0000318e      0x4ce ir_remote_control.o
                0x0000318e                handleIRRemoteCommands
 .text.start_speed_control_right
                0x0000365c      0x256 speed_control.o
                0x0000365c                start_speed_control_right
 .text.start_speed_control_left
                0x000038b2      0x256 speed_control.o
                0x000038b2                start_speed_control_left
 .text.initPortsIO
                0x00003b08       0xce ports_io.o
                0x00003b08                initPortsIO
 .text.i2c_close
                0x00003bd6        0xa twimaster.o
                0x00003bd6                i2c_close
 .text.i2c_init
                0x00003be0       0x10 twimaster.o
                0x00003be0                i2c_init
 .text.i2c_start
                0x00003bf0       0x4c twimaster.o
                0x00003bf0                i2c_start
 .text.i2c_stop
                0x00003c3c       0x10 twimaster.o
                0x00003c3c                i2c_stop
 .text.i2c_write
                0x00003c4c       0x24 twimaster.o
                0x00003c4c                i2c_write
 .text.i2c_readAck
                0x00003c70       0x14 twimaster.o
                0x00003c70                i2c_readAck
 .text.i2c_readNak
                0x00003c84       0x14 twimaster.o
                0x00003c84                i2c_readNak
 .text.i2c_rep_start
                0x00003c98       0x4c twimaster.o
                0x00003c98                i2c_rep_start
 .text.initUsart0
                0x00003ce4       0x2a usart.o
                0x00003ce4                initUsart0
 .text.closeUsart
                0x00003d0e        0xe usart.o
                0x00003d0e                closeUsart
 .text.usart0Transmit
                0x00003d1c       0x1c usart.o
                0x00003d1c                usart0Transmit
 .text.__vector_25
                0x00003d38      0x140 usart.o
                0x00003d38                __vector_25
 .text.getSelector
                0x00003e78       0x4c utility.o
                0x00003e78                getSelector
 .text.__vector_15
                0x00003ec4       0x14 utility.o
                0x00003ec4                __vector_15
 .text.getTime100MicroSec
                0x00003ed8       0x12 utility.o
                0x00003ed8                getTime100MicroSec
 .text.readBatteryLevel
                0x00003eea        0x8 utility.o
                0x00003eea                readBatteryLevel
 .text.resetOdometry
                0x00003ef2       0x7a utility.o
                0x00003ef2                resetOdometry
 .text.initPeripherals
                0x00003f6c       0xb4 utility.o
                0x00003f6c                initPeripherals
 .text.sleep    0x00004020       0xd0 utility.o
                0x00004020                sleep
 .text.initAdc  0x000040f0       0x42 adc.o
                0x000040f0                initAdc
 .text.__vector_29
                0x00004132      0xc72 adc.o
                0x00004132                __vector_29
 .text.initMotors
                0x00004da4       0xbc motors.o
                0x00004da4                initMotors
 .text.setLeftSpeed
                0x00004e60       0x66 motors.o
                0x00004e60                setLeftSpeed
 .text.setRightSpeed
                0x00004ec6       0x66 motors.o
                0x00004ec6                setRightSpeed
 .text.updateOdomData
                0x00004f2c      0x208 motors.o
                0x00004f2c                updateOdomData
 .text.getInputFromSpeed
                0x00005134      0x760 motors.o
                0x00005134                getInputFromSpeed
 .text.getRightSpeedFromInput
                0x00005894      0x4ee motors.o
                0x00005894                getRightSpeedFromInput
 .text.getLeftSpeedFromInput
                0x00005d82      0x554 motors.o
                0x00005d82                getLeftSpeedFromInput
 .text.__vector_45
                0x000062d6      0x142 motors.o
                0x000062d6                __vector_45
 .text.__vector_42
                0x00006418       0x2c motors.o
                0x00006418                __vector_42
 .text.__vector_43
                0x00006444       0x2c motors.o
                0x00006444                __vector_43
 .text.__vector_35
                0x00006470      0x12e motors.o
                0x00006470                __vector_35
 .text.__vector_32
                0x0000659e       0x2c motors.o
                0x0000659e                __vector_32
 .text.__vector_33
                0x000065ca       0x2c motors.o
                0x000065ca                __vector_33
 .text.writeDefaultCalibration
                0x000065f6      0x35c motors.o
                0x000065f6                writeDefaultCalibration
 .text.handleCalibration
                0x00006952      0x796 motors.o
                0x00006952                handleCalibration
 .text.handleMotorsWithSpeedController
                0x000070e8      0x972 motors.o
                0x000070e8                handleMotorsWithSpeedController
 .text.handleMotorsWithNoController
                0x00007a5a      0x604 motors.o
                0x00007a5a                handleMotorsWithNoController
 .text.initCalibration
                0x0000805e      0x372 motors.o
                0x0000805e                initCalibration
 .text.enableObstacleAvoidance
                0x000083d0        0x8 behaviors.o
                0x000083d0                enableObstacleAvoidance
 .text.disableObstacleAvoidance
                0x000083d8        0x6 behaviors.o
                0x000083d8                disableObstacleAvoidance
 .text.enableCliffAvoidance
                0x000083de        0x8 behaviors.o
                0x000083de                enableCliffAvoidance
 .text.disableCliffAvoidance
                0x000083e6        0x6 behaviors.o
                0x000083e6                disableCliffAvoidance
 .text.obstacleAvoidance
                0x000083ec      0x40a behaviors.o
                0x000083ec                obstacleAvoidance
 .text.initBehaviors
                0x000087f6        0xc behaviors.o
                0x000087f6                initBehaviors
 .text.initRGBleds
                0x00008802       0x44 leds.o
                0x00008802                initRGBleds
 .text.updateRedLed
                0x00008846       0x2c leds.o
                0x00008846                updateRedLed
 .text.updateGreenLed
                0x00008872       0x2c leds.o
                0x00008872                updateGreenLed
 .text.updateBlueLed
                0x0000889e       0x2c leds.o
                0x0000889e                updateBlueLed
 .text.setGreenLed
                0x000088ca      0x13a leds.o
                0x000088ca                setGreenLed
 .text.turnOffGreenLeds
                0x00008a04       0x32 leds.o
                0x00008a04                turnOffGreenLeds
 .text.turnOnGreenLeds
                0x00008a36       0x32 leds.o
                0x00008a36                turnOnGreenLeds
 .text.computeHeading
                0x00008a68      0x118 sensors.o
                0x00008a68                computeHeading
 .text.computeAngle
                0x00008b80       0xfe sensors.o
                0x00008b80                computeAngle
 .text.readAll  0x00008c7e      0x510 sensors.o
                0x00008c7e                readAll
 .text.calibrateSensors
                0x0000918e      0x9a4 sensors.o
                0x0000918e                calibrateSensors
 .text.initAccelerometer
                0x00009b32       0xdc sensors.o
                0x00009b32                initAccelerometer
 .text.readMagCalibFromFlash
                0x00009c0e       0x10 eepromIO.o
                0x00009c0e                readMagCalibFromFlash
 .text.readCalibrationFromFlash
                0x00009c1e       0x10 eepromIO.o
                0x00009c1e                readCalibrationFromFlash
 .text.writeMagCalibToFlash
                0x00009c2e       0x1c eepromIO.o
                0x00009c2e                writeMagCalibToFlash
 .text.writeCalibrationToFlash
                0x00009c4a       0x1c eepromIO.o
                0x00009c4a                writeCalibrationToFlash
 .text.irCommInitReceiver
                0x00009c66       0x10 irCommunication.o
                0x00009c66                irCommInitReceiver
 .text.irCommSendData
                0x00009c76       0x12 irCommunication.o
                0x00009c76                irCommSendData
 .text.irCommDataSent
                0x00009c88       0x10 irCommunication.o
                0x00009c88                irCommDataSent
 .text.irCommDataAvailable
                0x00009c98        0x6 irCommunication.o
                0x00009c98                irCommDataAvailable
 .text.irCommReadData
                0x00009c9e        0xa irCommunication.o
                0x00009c9e                irCommReadData
 .text.irCommReceivingSensor
                0x00009ca8        0x6 irCommunication.o
                0x00009ca8                irCommReceivingSensor
 .text.getBearing
                0x00009cae       0x68 irCommunication.o
                0x00009cae                getBearing
 .text.resetDebugVariables
                0x00009d16      0x152 irCommunication.o
                0x00009d16                resetDebugVariables
 .text.irCommTasks
                0x00009e68     0x1540 irCommunication.o
                0x00009e68                irCommTasks
 .text.irCommInit
                0x0000b3a8       0x70 irCommunication.o
                0x0000b3a8                irCommInit
 .text.avr-libc.fplib
                0x0000b418        0xa c:/winavr-20100110/bin/../lib/gcc/avr/4.3.3/../../../../avr/lib/avr6\libm.a(addsf3.o)
                0x0000b418                __subsf3
                0x0000b41a                __addsf3
 .text.avr-libc.fplib
                0x0000b422       0xc0 c:/winavr-20100110/bin/../lib/gcc/avr/4.3.3/../../../../avr/lib/avr6\libm.a(addsf3x.o)
                0x0000b43c                __addsf3x
 .text.avr-libc.fplib
                0x0000b4e2       0x74 c:/winavr-20100110/bin/../lib/gcc/avr/4.3.3/../../../../avr/lib/avr6\libm.a(atan2.o)
                0x0000b500                atan2
 .text.avr-libc.fplib
                0x0000b556       0x50 c:/winavr-20100110/bin/../lib/gcc/avr/4.3.3/../../../../avr/lib/avr6\libm.a(atan.o)
                0x0000b556                atan
 .text.avr-libc.fplib
                0x0000b5a6        0x8 c:/winavr-20100110/bin/../lib/gcc/avr/4.3.3/../../../../avr/lib/avr6\libm.a(cmpsf2.o)
                0x0000b5a6                __lesf2
                0x0000b5a6                __nesf2
                0x0000b5a6                __eqsf2
                0x0000b5a6                __cmpsf2
                0x0000b5a6                __ltsf2
 .text.avr-libc.fplib
                0x0000b5ae        0x6 c:/winavr-20100110/bin/../lib/gcc/avr/4.3.3/../../../../avr/lib/avr6\libm.a(cos.o)
                0x0000b5ae                cos
 .text.avr-libc.fplib
                0x0000b5b4        0x4 c:/winavr-20100110/bin/../lib/gcc/avr/4.3.3/../../../../avr/lib/avr6\libm.a(divsf3.o)
                0x0000b5b4                __divsf3
 .text.avr-libc.fplib
                0x0000b5b8       0xcc c:/winavr-20100110/bin/../lib/gcc/avr/4.3.3/../../../../avr/lib/avr6\libm.a(divsf3x.o)
                0x0000b5ce                __divsf3x
                0x0000b5d2                __divsf3_pse
 .text.avr-libc.fplib
                0x0000b684        0xa c:/winavr-20100110/bin/../lib/gcc/avr/4.3.3/../../../../avr/lib/avr6\libm.a(fixsfsi.o)
                0x0000b684                __fixsfsi
 .text.avr-libc.fplib
                0x0000b68e       0x58 c:/winavr-20100110/bin/../lib/gcc/avr/4.3.3/../../../../avr/lib/avr6\libm.a(fixunssfsi.o)
                0x0000b68e                __fixunssfsi
 .text.avr-libc.fplib
                0x0000b6e6       0x7a c:/winavr-20100110/bin/../lib/gcc/avr/4.3.3/../../../../avr/lib/avr6\libm.a(floatsisf.o)
                0x0000b6ea                __floatsisf
                0x0000b6e6                __floatunsisf
 .text.avr-libc.fplib
                0x0000b760       0x48 c:/winavr-20100110/bin/../lib/gcc/avr/4.3.3/../../../../avr/lib/avr6\libm.a(fp_cmp.o)
                0x0000b760                __fp_cmp
 .text.avr-libc.fplib
                0x0000b7a8        0xc c:/winavr-20100110/bin/../lib/gcc/avr/4.3.3/../../../../avr/lib/avr6\libm.a(fp_inf.o)
                0x0000b7a8                __fp_inf
 .text.avr-libc.fplib
                0x0000b7b4        0x6 c:/winavr-20100110/bin/../lib/gcc/avr/4.3.3/../../../../avr/lib/avr6\libm.a(fp_nan.o)
                0x0000b7b4                __fp_nan
 .text.avr-libc.fplib
                0x0000b7ba       0x4a c:/winavr-20100110/bin/../lib/gcc/avr/4.3.3/../../../../avr/lib/avr6\libm.a(fp_powser.o)
                0x0000b7ba                __fp_powser
 .text.avr-libc.fplib
                0x0000b804        0xe c:/winavr-20100110/bin/../lib/gcc/avr/4.3.3/../../../../avr/lib/avr6\libm.a(fp_pscA.o)
                0x0000b804                __fp_pscA
 .text.avr-libc.fplib
                0x0000b812        0xe c:/winavr-20100110/bin/../lib/gcc/avr/4.3.3/../../../../avr/lib/avr6\libm.a(fp_pscB.o)
                0x0000b812                __fp_pscB
 .text.avr-libc.fplib
                0x0000b820       0x50 c:/winavr-20100110/bin/../lib/gcc/avr/4.3.3/../../../../avr/lib/avr6\libm.a(fp_rempio2.o)
                0x0000b822                __fp_rempio2
 .text.avr-libc.fplib
                0x0000b870       0x22 c:/winavr-20100110/bin/../lib/gcc/avr/4.3.3/../../../../avr/lib/avr6\libm.a(fp_round.o)
                0x0000b870                __fp_round
 .text.avr-libc.fplib
                0x0000b892       0x22 c:/winavr-20100110/bin/../lib/gcc/avr/4.3.3/../../../../avr/lib/avr6\libm.a(fp_sinus.o)
                0x0000b892                __fp_sinus
 .text.avr-libc.fplib
                0x0000b8b4       0x44 c:/winavr-20100110/bin/../lib/gcc/avr/4.3.3/../../../../avr/lib/avr6\libm.a(fp_split3.o)
                0x0000b8b4                __fp_split3
                0x0000b8c4                __fp_splitA
 .text.avr-libc.fplib
                0x0000b8f8        0xe c:/winavr-20100110/bin/../lib/gcc/avr/4.3.3/../../../../avr/lib/avr6\libm.a(fp_zero.o)
                0x0000b8f8                __fp_zero
                0x0000b8fa                __fp_szero
 .text.avr-libc.fplib
                0x0000b906        0x8 c:/winavr-20100110/bin/../lib/gcc/avr/4.3.3/../../../../avr/lib/avr6\libm.a(gesf2.o)
                0x0000b906                __gtsf2
                0x0000b906                __gesf2
 .text.avr-libc.fplib
                0x0000b90e        0xe c:/winavr-20100110/bin/../lib/gcc/avr/4.3.3/../../../../avr/lib/avr6\libm.a(inverse.o)
                0x0000b90e                inverse
 .text.avr-libc.fplib
                0x0000b91c        0x4 c:/winavr-20100110/bin/../lib/gcc/avr/4.3.3/../../../../avr/lib/avr6\libm.a(mulsf3.o)
                0x0000b91c                __mulsf3
 .text.avr-libc.fplib
                0x0000b920       0xc2 c:/winavr-20100110/bin/../lib/gcc/avr/4.3.3/../../../../avr/lib/avr6\libm.a(mulsf3x.o)
                0x0000b938                __mulsf3_pse
                0x0000b934                __mulsf3x
 .text.avr-libc.fplib
                0x0000b9e2        0xc c:/winavr-20100110/bin/../lib/gcc/avr/4.3.3/../../../../avr/lib/avr6\libm.a(sin.o)
                0x0000b9e2                sin
 .text.avr-libc.fplib
                0x0000b9ee        0x6 c:/winavr-20100110/bin/../lib/gcc/avr/4.3.3/../../../../avr/lib/avr6\libm.a(square.o)
                0x0000b9ee                square
 .text.avr-libc.fplib
                0x0000b9f4       0x1c c:/winavr-20100110/bin/../lib/gcc/avr/4.3.3/../../../../avr/lib/avr6\libm.a(fp_mpack.o)
                0x0000b9f8                __fp_mpack_finite
                0x0000b9f4                __fp_mpack
 .text.avr-libc.fplib
                0x0000ba10       0x22 c:/winavr-20100110/bin/../lib/gcc/avr/4.3.3/../../../../avr/lib/avr6\libm.a(fp_powsodd.o)
                0x0000ba10                __fp_powsodd
 .text.libgcc   0x0000ba32       0x3e c:/winavr-20100110/bin/../lib/gcc/avr/4.3.3/avr6\libgcc.a(_mulsi3.o)
                0x0000ba32                __mulsi3
 .text.libgcc   0x0000ba70       0x28 c:/winavr-20100110/bin/../lib/gcc/avr/4.3.3/avr6\libgcc.a(_udivmodhi4.o)
                0x0000ba70                __udivmodhi4
 .text.libgcc   0x0000ba98       0x26 c:/winavr-20100110/bin/../lib/gcc/avr/4.3.3/avr6\libgcc.a(_divmodhi4.o)
                0x0000ba98                __divmodhi4
                0x0000ba98                _div
 .text.libgcc   0x0000babe       0x36 c:/winavr-20100110/bin/../lib/gcc/avr/4.3.3/avr6\libgcc.a(_divmodsi4.o)
                0x0000babe                __divmodsi4
 .text.libgcc   0x0000baf4       0x44 c:/winavr-20100110/bin/../lib/gcc/avr/4.3.3/avr6\libgcc.a(_udivmodsi4.o)
                0x0000baf4                __udivmodsi4
 .text.avr-libc
                0x0000bb38       0xc6 c:/winavr-20100110/bin/../lib/gcc/avr/4.3.3/../../../../avr/lib/avr6\libc.a(rand.o)
                0x0000bbe0                rand_r
                0x0000bbe2                rand
                0x0000bbe8                srand
 .text.avr-libc
                0x0000bbfe        0xe c:/winavr-20100110/bin/../lib/gcc/avr/4.3.3/../../../../avr/lib/avr6\libc.a(memset.o)
                0x0000bbfe                memset
 .text.avr-libc
                0x0000bc0c       0x20 c:/winavr-20100110/bin/../lib/gcc/avr/4.3.3/../../../../avr/lib/avr6\libc.a(eerd_block_atmega2560.o)
                0x0000bc10                __eerd_blraw_m2560
                0x0000bc0c                __eerd_block_m2560
 .text.avr-libc
                0x0000bc2c       0x10 c:/winavr-20100110/bin/../lib/gcc/avr/4.3.3/../../../../avr/lib/avr6\libc.a(eerd_byte_atmega2560.o)
                0x0000bc2c                __eerd_byte_m2560
 .text.avr-libc
                0x0000bc3c        0xa c:/winavr-20100110/bin/../lib/gcc/avr/4.3.3/../../../../avr/lib/avr6\libc.a(eerd_word_atmega2560.o)
                0x0000bc3c                __eerd_word_m2560
 .text.avr-libc
                0x0000bc46       0x1e c:/winavr-20100110/bin/../lib/gcc/avr/4.3.3/../../../../avr/lib/avr6\libc.a(eeupd_block_atmega2560.o)
                0x0000bc46                __eeupd_block_m2560
 .text.avr-libc
                0x0000bc64       0x24 c:/winavr-20100110/bin/../lib/gcc/avr/4.3.3/../../../../avr/lib/avr6\libc.a(eeupd_byte_atmega2560.o)
                0x0000bc64                __eeupd_byte_m2560
                0x0000bc66                __eeupd_r18_m2560
 .text.avr-libc
                0x0000bc88        0x8 c:/winavr-20100110/bin/../lib/gcc/avr/4.3.3/../../../../avr/lib/avr6\libc.a(eeupd_word_atmega2560.o)
                0x0000bc88                __eeupd_word_m2560
 .text.avr-libc
                0x0000bc90       0x1c c:/winavr-20100110/bin/../lib/gcc/avr/4.3.3/../../../../avr/lib/avr6\libc.a(eewr_byte_atmega2560.o)
                0x0000bc92                __eewr_r18_m2560
                0x0000bc90                __eewr_byte_m2560
 .text.avr-libc
                0x0000bcac        0x6 c:/winavr-20100110/bin/../lib/gcc/avr/4.3.3/../../../../avr/lib/avr6\libc.a(eewr_word_atmega2560.o)
                0x0000bcac                __eewr_word_m2560
                0x0000bcb2                . = ALIGN (0x2)
 *(.fini9)
 .fini9         0x0000bcb2        0x0 c:/winavr-20100110/bin/../lib/gcc/avr/4.3.3/avr6\libgcc.a(_exit.o)
                0x0000bcb2                exit
                0x0000bcb2                _exit
 *(.fini9)
 *(.fini8)
 *(.fini8)
 *(.fini7)
 *(.fini7)
 *(.fini6)
 *(.fini6)
 *(.fini5)
 *(.fini5)
 *(.fini4)
 *(.fini4)
 *(.fini3)
 *(.fini3)
 *(.fini2)
 *(.fini2)
 *(.fini1)
 *(.fini1)
 *(.fini0)
 .fini0         0x0000bcb2        0x4 c:/winavr-20100110/bin/../lib/gcc/avr/4.3.3/avr6\libgcc.a(_exit.o)
 *(.fini0)
                0x0000bcb6                _etext = .

.data           0x00800200       0x1a load address 0x0000bcb6
                0x00800200                PROVIDE (__data_start, .)
 *(.data)
 .data          0x00800200        0x4 c:/winavr-20100110/bin/../lib/gcc/avr/4.3.3/../../../../avr/lib/avr6\libc.a(rand.o)
 *(.data*)
 .data.check    0x00800204        0x1 ir_remote_control.o
                0x00800204                check
 .data.i.6087   0x00800205        0x2 ir_remote_control.o
 .data.compute_left_vel
                0x00800207        0x1 variables.o
                0x00800207                compute_left_vel
 .data.compute_right_vel
                0x00800208        0x1 variables.o
                0x00800208                compute_right_vel
 .data.firstSampleRight
                0x00800209        0x1 variables.o
                0x00800209                firstSampleRight
 .data.firstSampleLeft
                0x0080020a        0x1 variables.o
                0x0080020a                firstSampleLeft
 .data.packetId
                0x0080020b        0x1 variables.o
                0x0080020b                packetId
 .data.pwm_red  0x0080020c        0x1 variables.o
                0x0080020c                pwm_red
 .data.pwm_green
                0x0080020d        0x1 variables.o
                0x0080020d                pwm_green
 .data.pwm_blue
                0x0080020e        0x1 variables.o
                0x0080020e                pwm_blue
 .data.chooseMenu
                0x0080020f        0x1 variables.o
                0x0080020f                chooseMenu
 .data.irEnabled
                0x00800210        0x1 variables.o
                0x00800210                irEnabled
 .data.checkGlitch
                0x00800211        0x1 variables.o
                0x00800211                checkGlitch
 .data.accelAddress
                0x00800212        0x1 variables.o
                0x00800212                accelAddress
 .data.currPosition
                0x00800213        0x1 variables.o
                0x00800213                currPosition
 .data.robotPosition
                0x00800214        0x1 variables.o
                0x00800214                robotPosition
 .data.verticalThreshold
                0x00800215        0x2 variables.o
                0x00800215                verticalThreshold
 .data.speedStep
                0x00800217        0x1 variables.o
                0x00800217                speedStep
 .data.irCommLastSensor
                0x00800218        0x1 variables.o
                0x00800218                irCommLastSensor
 .data.irCommRxReceivingSensor
                0x00800219        0x1 variables.o
                0x00800219                irCommRxReceivingSensor
 *(.rodata)
 *(.rodata*)
 *(.gnu.linkonce.d*)
                0x0080021a                . = ALIGN (0x2)
                0x0080021a                _edata = .
                0x0080021a                PROVIDE (__data_end, .)

.bss            0x0080021a      0x871
                0x0080021a                PROVIDE (__bss_start, .)
 *(.bss)
 *(.bss*)
 .bss.tempGyroZ.6198
                0x0080021a        0x2 mirf.o
 .bss.address   0x0080021c        0x1 ir_remote_control.o
                0x0080021c                address
 .bss.data_ir   0x0080021d        0x1 ir_remote_control.o
                0x0080021d                data_ir
 .bss.data_temp
                0x0080021e        0x1 ir_remote_control.o
 .bss.address_temp
                0x0080021f        0x1 ir_remote_control.o
 .bss.check_temp
                0x00800220        0x1 ir_remote_control.o
 .bss.currentAdChannel
                0x00800221        0x1 variables.o
                0x00800221                currentAdChannel
 .bss.currentProx
                0x00800222        0x1 variables.o
                0x00800222                currentProx
 .bss.currentMotLeftChannel
                0x00800223        0x1 variables.o
                0x00800223                currentMotLeftChannel
 .bss.currentMotRightChannel
                0x00800224        0x1 variables.o
                0x00800224                currentMotRightChannel
 .bss.rightMotorPhase
                0x00800225        0x1 variables.o
                0x00800225                rightMotorPhase
 .bss.leftMotorPhase
                0x00800226        0x1 variables.o
                0x00800226                leftMotorPhase
 .bss.proximityValue
                0x00800227       0x30 variables.o
                0x00800227                proximityValue
 .bss.proximityResult
                0x00800257       0x18 variables.o
                0x00800257                proximityResult
 .bss.proximityOffset
                0x0080026f       0x18 variables.o
                0x0080026f                proximityOffset
 .bss.proximitySum
                0x00800287       0x30 variables.o
                0x00800287                proximitySum
 .bss.adcSaveDataTo
                0x008002b7        0x1 variables.o
                0x008002b7                adcSaveDataTo
 .bss.adcSamplingState
                0x008002b8        0x1 variables.o
                0x008002b8                adcSamplingState
 .bss.rightChannelPhase
                0x008002b9        0x1 variables.o
                0x008002b9                rightChannelPhase
 .bss.leftChannelPhase
                0x008002ba        0x1 variables.o
                0x008002ba                leftChannelPhase
 .bss.batteryLevel
                0x008002bb        0x2 variables.o
                0x008002bb                batteryLevel
 .bss.measBattery
                0x008002bd        0x1 variables.o
                0x008002bd                measBattery
 .bss.proxUpdated
                0x008002be        0x1 variables.o
                0x008002be                proxUpdated
 .bss.proximityResultLinear
                0x008002bf       0x10 variables.o
                0x008002bf                proximityResultLinear
 .bss.rightMotSteps
                0x008002cf        0x4 variables.o
                0x008002cf                rightMotSteps
 .bss.leftMotSteps
                0x008002d3        0x4 variables.o
                0x008002d3                leftMotSteps
 .bss.left_current_avg
                0x008002d7        0x2 variables.o
                0x008002d7                left_current_avg
 .bss.right_current_avg
                0x008002d9        0x2 variables.o
                0x008002d9                right_current_avg
 .bss.pwm_right_desired_to_control
                0x008002db        0x2 variables.o
                0x008002db                pwm_right_desired_to_control
 .bss.pwm_left_desired_to_control
                0x008002dd        0x2 variables.o
                0x008002dd                pwm_left_desired_to_control
 .bss.left_vel_sum
                0x008002df        0x2 variables.o
                0x008002df                left_vel_sum
 .bss.right_vel_sum
                0x008002e1        0x2 variables.o
                0x008002e1                right_vel_sum
 .bss.last_left_vel
                0x008002e3        0x2 variables.o
                0x008002e3                last_left_vel
 .bss.last_right_vel
                0x008002e5        0x2 variables.o
                0x008002e5                last_right_vel
 .bss.pwm_right
                0x008002e7        0x2 variables.o
                0x008002e7                pwm_right
 .bss.pwm_left  0x008002e9        0x2 variables.o
                0x008002e9                pwm_left
 .bss.pwm_right_desired
                0x008002eb        0x2 variables.o
                0x008002eb                pwm_right_desired
 .bss.pwm_left_desired
                0x008002ed        0x2 variables.o
                0x008002ed                pwm_left_desired
 .bss.pwm_intermediate_right_desired
                0x008002ef        0x2 variables.o
                0x008002ef                pwm_intermediate_right_desired
 .bss.pwm_intermediate_left_desired
                0x008002f1        0x2 variables.o
                0x008002f1                pwm_intermediate_left_desired
 .bss.pwm_right_speed_controller
                0x008002f3        0x4 variables.o
                0x008002f3                pwm_right_speed_controller
 .bss.pwm_left_speed_controller
                0x008002f7        0x4 variables.o
                0x008002f7                pwm_left_speed_controller
 .bss.delta_left_speed_sum
                0x008002fb        0x2 variables.o
                0x008002fb                delta_left_speed_sum
 .bss.delta_right_speed_sum
                0x008002fd        0x2 variables.o
                0x008002fd                delta_right_speed_sum
 .bss.pwm_right_working
                0x008002ff        0x2 variables.o
                0x008002ff                pwm_right_working
 .bss.pwm_left_working
                0x00800301        0x2 variables.o
                0x00800301                pwm_left_working
 .bss.speedl    0x00800303        0x2 variables.o
                0x00800303                speedl
 .bss.speedr    0x00800305        0x2 variables.o
                0x00800305                speedr
 .bss.rfAddress
                0x00800307        0x2 variables.o
                0x00800307                rfAddress
 .bss.rfFlags   0x00800309        0x1 variables.o
                0x00800309                rfFlags
 .bss.spiCommError
                0x0080030a        0x1 variables.o
                0x0080030a                spiCommError
 .bss.rfDebugMode
                0x0080030b        0x1 variables.o
                0x0080030b                rfDebugMode
 .bss.rgbState  0x0080030c        0x1 variables.o
                0x0080030c                rgbState
 .bss.menuChoice
                0x0080030d        0x1 variables.o
                0x0080030d                menuChoice
 .bss.addressReceived
                0x0080030e        0x1 variables.o
                0x0080030e                addressReceived
 .bss.menuState
                0x0080030f        0x1 variables.o
                0x0080030f                menuState
 .bss.getDataNow
                0x00800310        0x1 variables.o
                0x00800310                getDataNow
 .bss.irCommand
                0x00800311        0x1 variables.o
                0x00800311                irCommand
 .bss.command_received
                0x00800312        0x1 variables.o
                0x00800312                command_received
 .bss.colorState
                0x00800313        0x1 variables.o
                0x00800313                colorState
 .bss.behaviorState
                0x00800314        0x1 variables.o
                0x00800314                behaviorState
 .bss.lastCmdTime
                0x00800315        0x4 variables.o
                0x00800315                lastCmdTime
 .bss.useAccel  0x00800319        0x1 variables.o
                0x00800319                useAccel
 .bss.accX      0x0080031a        0x2 variables.o
                0x0080031a                accX
 .bss.accY      0x0080031c        0x2 variables.o
                0x0080031c                accY
 .bss.accZ      0x0080031e        0x2 variables.o
                0x0080031e                accZ
 .bss.accOffsetX
                0x00800320        0x2 variables.o
                0x00800320                accOffsetX
 .bss.accOffsetY
                0x00800322        0x2 variables.o
                0x00800322                accOffsetY
 .bss.accOffsetXSum
                0x00800324        0x4 variables.o
                0x00800324                accOffsetXSum
 .bss.accOffsetYSum
                0x00800328        0x4 variables.o
                0x00800328                accOffsetYSum
 .bss.accXMax   0x0080032c        0x2 variables.o
                0x0080032c                accXMax
 .bss.accXMin   0x0080032e        0x2 variables.o
                0x0080032e                accXMin
 .bss.accYMax   0x00800330        0x2 variables.o
                0x00800330                accYMax
 .bss.accYMin   0x00800332        0x2 variables.o
                0x00800332                accYMin
 .bss.currentAngle
                0x00800334        0x2 variables.o
                0x00800334                currentAngle
 .bss.timesInSamePos
                0x00800336        0x2 variables.o
                0x00800336                timesInSamePos
 .bss.gyroX     0x00800338        0x2 variables.o
                0x00800338                gyroX
 .bss.gyroY     0x0080033a        0x2 variables.o
                0x0080033a                gyroY
 .bss.gyroZ     0x0080033c        0x2 variables.o
                0x0080033c                gyroZ
 .bss.magX      0x0080033e        0x2 variables.o
                0x0080033e                magX
 .bss.magY      0x00800340        0x2 variables.o
                0x00800340                magY
 .bss.magZ      0x00800342        0x2 variables.o
                0x00800342                magZ
 .bss.heading   0x00800344        0x2 variables.o
                0x00800344                heading
 .bss.roll      0x00800346        0x2 variables.o
                0x00800346                roll
 .bss.pitch     0x00800348        0x2 variables.o
                0x00800348                pitch
 .bss.magOffsetMax
                0x0080034a        0x6 variables.o
                0x0080034a                magOffsetMax
 .bss.magOffsetMin
                0x00800350        0x6 variables.o
                0x00800350                magOffsetMin
 .bss.magOffset
                0x00800356        0x6 variables.o
                0x00800356                magOffset
 .bss.clockTick
                0x0080035c        0x4 variables.o
                0x0080035c                clockTick
 .bss.currentSelector
                0x00800360        0x1 variables.o
                0x00800360                currentSelector
 .bss.calibrationCycle
                0x00800361        0x2 variables.o
                0x00800361                calibrationCycle
 .bss.hardwareRevision
                0x00800363        0x1 variables.o
                0x00800363                hardwareRevision
 .bss.demoState
                0x00800364        0x1 variables.o
                0x00800364                demoState
 .bss.lineFound
                0x00800365        0x1 variables.o
                0x00800365                lineFound
 .bss.outOfLine
                0x00800366        0x1 variables.o
                0x00800366                outOfLine
 .bss.chargeContact
                0x00800367        0x1 variables.o
                0x00800367                chargeContact
 .bss.demoStartTime
                0x00800368        0x4 variables.o
                0x00800368                demoStartTime
 .bss.demoStartTime2
                0x0080036c        0x4 variables.o
                0x0080036c                demoStartTime2
 .bss.demoEndTime
                0x00800370        0x4 variables.o
                0x00800370                demoEndTime
 .bss.speedStepCounter
                0x00800374        0x8 variables.o
                0x00800374                speedStepCounter
 .bss.softAccEnabled
                0x0080037c        0x1 variables.o
                0x0080037c                softAccEnabled
 .bss.calibrationWritten
                0x0080037d        0x1 variables.o
                0x0080037d                calibrationWritten
 .bss.greenLedState
                0x0080037e        0x1 variables.o
                0x0080037e                greenLedState
 .bss.rgbLedState
                0x0080037f        0x1 variables.o
                0x0080037f                rgbLedState
 .bss.lastTick  0x00800380        0x4 variables.o
                0x00800380                lastTick
 .bss.obstacleAvoidanceEnabled
                0x00800384        0x1 variables.o
                0x00800384                obstacleAvoidanceEnabled
 .bss.cliffAvoidanceEnabled
                0x00800385        0x1 variables.o
                0x00800385                cliffAvoidanceEnabled
 .bss.cliffDetectedFlag
                0x00800386        0x1 variables.o
                0x00800386                cliffDetectedFlag
 .bss.theta     0x00800387        0x4 variables.o
                0x00800387                theta
 .bss.lastTheta
                0x0080038b        0x4 variables.o
                0x0080038b                lastTheta
 .bss.xPos      0x0080038f        0x4 variables.o
                0x0080038f                xPos
 .bss.yPos      0x00800393        0x4 variables.o
                0x00800393                yPos
 .bss.deltaDist
                0x00800397        0x4 variables.o
                0x00800397                deltaDist
 .bss.leftDist  0x0080039b        0x4 variables.o
                0x0080039b                leftDist
 .bss.rightDist
                0x0080039f        0x4 variables.o
                0x0080039f                rightDist
 .bss.leftDistPrev
                0x008003a3        0x4 variables.o
                0x008003a3                leftDistPrev
 .bss.rightDistPrev
                0x008003a7        0x4 variables.o
                0x008003a7                rightDistPrev
 .bss.computeOdometry
                0x008003ab        0x1 variables.o
                0x008003ab                computeOdometry
 .bss.thetaAcc  0x008003ac        0x4 variables.o
                0x008003ac                thetaAcc
 .bss.calibWheel
                0x008003b0        0x1 variables.o
                0x008003b0                calibWheel
 .bss.leftSpeedSumOdom
                0x008003b1        0x4 variables.o
                0x008003b1                leftSpeedSumOdom
 .bss.rightSpeedSumOdom
                0x008003b5        0x4 variables.o
                0x008003b5                rightSpeedSumOdom
 .bss.leftSumCount
                0x008003b9        0x2 variables.o
                0x008003b9                leftSumCount
 .bss.rightSumCount
                0x008003bb        0x2 variables.o
                0x008003bb                rightSumCount
 .bss.avgLeftSpeed
                0x008003bd        0x2 variables.o
                0x008003bd                avgLeftSpeed
 .bss.avgRightSpeed
                0x008003bf        0x2 variables.o
                0x008003bf                avgRightSpeed
 .bss.speedLeftFromEnc
                0x008003c1        0x2 variables.o
                0x008003c1                speedLeftFromEnc
 .bss.speedRightFromEnc
                0x008003c3        0x2 variables.o
                0x008003c3                speedRightFromEnc
 .bss.timeLeftOdom
                0x008003c5        0x4 variables.o
                0x008003c5                timeLeftOdom
 .bss.timeRightOdom
                0x008003c9        0x4 variables.o
                0x008003c9                timeRightOdom
 .bss.minGround
                0x008003cd        0x2 variables.o
                0x008003cd                minGround
 .bss.maxGround
                0x008003cf        0x2 variables.o
                0x008003cf                maxGround
 .bss.calibrationThr
                0x008003d1        0x2 variables.o
                0x008003d1                calibrationThr
 .bss.irCommEnabled
                0x008003d3        0x1 variables.o
                0x008003d3                irCommEnabled
 .bss.irCommEnabledNext
                0x008003d4        0x1 variables.o
                0x008003d4                irCommEnabledNext
 .bss.irCommMode
                0x008003d5        0x1 variables.o
                0x008003d5                irCommMode
 .bss.irCommState
                0x008003d6        0x1 variables.o
                0x008003d6                irCommState
 .bss.irCommTempValue
                0x008003d7        0x2 variables.o
                0x008003d7                irCommTempValue
 .bss.irCommSendValues
                0x008003d9        0x1 variables.o
                0x008003d9                irCommSendValues
 .bss.irCommTickCounter
                0x008003da        0x4 variables.o
                0x008003da                irCommTickCounter
 .bss.irCommTickCounter2
                0x008003de        0x4 variables.o
                0x008003de                irCommTickCounter2
 .bss.irCommLastData
                0x008003e2        0x2 variables.o
                0x008003e2                irCommLastData
 .bss.angleDeg  0x008003e4        0x2 variables.o
                0x008003e4                angleDeg
 .bss.angleError
                0x008003e6        0x2 variables.o
                0x008003e6                angleError
 .bss.angleDegEncode
                0x008003e8        0x1 variables.o
                0x008003e8                angleDegEncode
 .bss.irCommRobotId
                0x008003e9        0x1 variables.o
                0x008003e9                irCommRobotId
 .bss.irCommRobotsNum
                0x008003ea        0x1 variables.o
                0x008003ea                irCommRobotsNum
 .bss.irCommLedToggle
                0x008003eb        0x1 variables.o
                0x008003eb                irCommLedToggle
 .bss.irCommMsgCount
                0x008003ec        0x1 variables.o
                0x008003ec                irCommMsgCount
 .bss.irCommMaxSensorSignalIndexTemp
                0x008003ed        0x1 variables.o
                0x008003ed                irCommMaxSensorSignalIndexTemp
 .bss.irCommMaxSensorSignalFiltIndexTemp
                0x008003ee        0x1 variables.o
                0x008003ee                irCommMaxSensorSignalFiltIndexTemp
 .bss.irCommRxMaxSensorIndexTemp
                0x008003ef        0x1 variables.o
                0x008003ef                irCommRxMaxSensorIndexTemp
 .bss.irCommRxMaxDiffIndexTemp
                0x008003f0        0x1 variables.o
                0x008003f0                irCommRxMaxDiffIndexTemp
 .bss.irCommProxMeanIndexTemp
                0x008003f1        0x1 variables.o
                0x008003f1                irCommProxMeanIndexTemp
 .bss.irCommSwitchCountIndexTemp
                0x008003f2        0x1 variables.o
                0x008003f2                irCommSwitchCountIndexTemp
 .bss.irCommMaxSensorValueCurrIndexTemp
                0x008003f3        0x1 variables.o
                0x008003f3                irCommMaxSensorValueCurrIndexTemp
 .bss.irCommMinSensorValueCurrIndexTemp
                0x008003f4        0x1 variables.o
                0x008003f4                irCommMinSensorValueCurrIndexTemp
 .bss.irCommShiftCountIndexTemp
                0x008003f5        0x1 variables.o
                0x008003f5                irCommShiftCountIndexTemp
 .bss.irCommShiftCountFinalIndexTemp
                0x008003f6        0x1 variables.o
                0x008003f6                irCommShiftCountFinalIndexTemp
 .bss.irCommStartDiffIndexTemp
                0x008003f7        0x1 variables.o
                0x008003f7                irCommStartDiffIndexTemp
 .bss.irCommComputeShiftIndexTemp
                0x008003f8        0x1 variables.o
                0x008003f8                irCommComputeShiftIndexTemp
 .bss.irCommRxPeakHighToLowIndexTemp
                0x008003f9        0x1 variables.o
                0x008003f9                irCommRxPeakHighToLowIndexTemp
 .bss.irCommRxStartPeakDurationIndexTemp
                0x008003fa        0x1 variables.o
                0x008003fa                irCommRxStartPeakDurationIndexTemp
 .bss.irCommRxStartBitDetectedIndexTemp
                0x008003fb        0x1 variables.o
                0x008003fb                irCommRxStartBitDetectedIndexTemp
 .bss.irCommStateIndexTemp
                0x008003fc        0x1 variables.o
                0x008003fc                irCommStateIndexTemp
 .bss.irCommSyncStateIndexTemp
                0x008003fd        0x1 variables.o
                0x008003fd                irCommSyncStateIndexTemp
 .bss.irCommBitsSignalIndexTemp
                0x008003fe        0x1 variables.o
                0x008003fe                irCommBitsSignalIndexTemp
 .bss.irCommRxBitReceivedIndexTemp
                0x008003ff        0x1 variables.o
                0x008003ff                irCommRxBitReceivedIndexTemp
 .bss.irCommAdcRxState
                0x00800400        0x1 variables.o
                0x00800400                irCommAdcRxState
 .bss.irCommRxWindowSamples
                0x00800401        0x1 variables.o
                0x00800401                irCommRxWindowSamples
 .bss.irCommRxCrc
                0x00800402        0x1 variables.o
                0x00800402                irCommRxCrc
 .bss.irCommProxSum
                0x00800403        0x4 variables.o
                0x00800403                irCommProxSum
 .bss.irCommTempMax
                0x00800407        0x2 variables.o
                0x00800407                irCommTempMax
 .bss.irCommTempMin
                0x00800409        0x2 variables.o
                0x00800409                irCommTempMin
 .bss.irCommShiftCount
                0x0080040b        0x1 variables.o
                0x0080040b                irCommShiftCount
 .bss.irCommComputeShift
                0x0080040c        0x1 variables.o
                0x0080040c                irCommComputeShift
 .bss.irCommProxMean
                0x0080040d        0x2 variables.o
                0x0080040d                irCommProxMean
 .bss.irCommSignalState
                0x0080040f        0x1 variables.o
                0x0080040f                irCommSignalState
 .bss.irCommSwitchCount
                0x00800410        0x1 variables.o
                0x00800410                irCommSwitchCount
 .bss.irCommRxBitCount
                0x00800411        0x1 variables.o
                0x00800411                irCommRxBitCount
 .bss.irCommRxCrcError
                0x00800412        0x1 variables.o
                0x00800412                irCommRxCrcError
 .bss.irCommRxByte
                0x00800413        0x1 variables.o
                0x00800413                irCommRxByte
 .bss.irCommSecondBitSkipped
                0x00800414        0x1 variables.o
                0x00800414                irCommSecondBitSkipped
 .bss.irCommShiftCounter
                0x00800415        0x1 variables.o
                0x00800415                irCommShiftCounter
 .bss.irCommRxByteExpected
                0x00800416        0x1 variables.o
                0x00800416                irCommRxByteExpected
 .bss.irCommRxLastDataReceived
                0x00800417        0x1 variables.o
                0x00800417                irCommRxLastDataReceived
 .bss.irCommRxDataAvailable
                0x00800418        0x1 variables.o
                0x00800418                irCommRxDataAvailable
 .bss.irCommRxBitSkipped
                0x00800419        0x1 variables.o
                0x00800419                irCommRxBitSkipped
 .bss.irCommRxStartBitDetected
                0x0080041a        0x1 variables.o
                0x0080041a                irCommRxStartBitDetected
 .bss.irCommRxPeakHighToLow
                0x0080041b        0x1 variables.o
                0x0080041b                irCommRxPeakHighToLow
 .bss.irCommRxStartPeakDuration
                0x0080041c        0x1 variables.o
                0x0080041c                irCommRxStartPeakDuration
 .bss.irCommRxMaxDiff
                0x0080041d        0x2 variables.o
                0x0080041d                irCommRxMaxDiff
 .bss.irCommRxMaxSensor
                0x0080041f        0x2 variables.o
                0x0080041f                irCommRxMaxSensor
 .bss.irCommRxNumReceivingSensors
                0x00800421        0x1 variables.o
                0x00800421                irCommRxNumReceivingSensors
 .bss.irCommAdcTxState
                0x00800422        0x1 variables.o
                0x00800422                irCommAdcTxState
 .bss.irCommTxByte
                0x00800423        0x1 variables.o
                0x00800423                irCommTxByte
 .bss.irCommTxByteEnqueued
                0x00800424        0x1 variables.o
                0x00800424                irCommTxByteEnqueued
 .bss.irCommTxLastTransmissionTime
                0x00800425        0x4 variables.o
                0x00800425                irCommTxLastTransmissionTime
 .bss.irCommTxCrc
                0x00800429        0x1 variables.o
                0x00800429                irCommTxCrc
 .bss.irCommTxBitCount
                0x0080042a        0x1 variables.o
                0x0080042a                irCommTxBitCount
 .bss.irCommTxPulseState
                0x0080042b        0x1 variables.o
                0x0080042b                irCommTxPulseState
 .bss.irCommTxDuration
                0x0080042c        0x2 variables.o
                0x0080042c                irCommTxDuration
 .bss.irCommTxSwitchCount
                0x0080042e        0x1 variables.o
                0x0080042e                irCommTxSwitchCount
 .bss.irCommTxSwitchCounter
                0x0080042f        0x1 variables.o
                0x0080042f                irCommTxSwitchCounter
 .bss.irCommTxDurationCycle
                0x00800430        0x1 variables.o
                0x00800430                irCommTxDurationCycle
 .bss.irCommTxSensorGroup
                0x00800431        0x1 variables.o
                0x00800431                irCommTxSensorGroup
 .bss.buff.6292
                0x00800432       0x12 sensors.o
 *(COMMON)
 COMMON         0x00800444        0x1 mirf.o
                0x00800444                PTX
 COMMON         0x00800445      0x646 variables.o
                0x00800445                irCommMinSensorValueCurr
                0x00800447                irCommMaxSensorValueCurrTemp
                0x0080044b                irCommStateTemp
                0x00800459                irCommMaxSensorValueCurr
                0x0080045b                timeOdometry
                0x0080045f                currentOsccal
                0x00800460                irCommSwitchCountTemp
                0x00800462                irCommTxBitToTransmit
                0x0080046e                irCommRxBitReceived
                0x00800478                irCommSyncStateTemp
                0x0080047a                irCommComputeShiftTemp
                0x0080047c                calibrateOdomFlag
                0x0080047d                irCommProxMeanTemp
                0x00800481                delta_left_speed_current
                0x00800483                irCommRxStartBitDetectedTemp
                0x00800485                irCommMaxSensorSignalFiltTemp
                0x008004d5                irCommMinSensorValueAdc
                0x008004d7                irCommRxPeakHighToLowTemp
                0x008004d9                irCommProxValuesBuff1
                0x00800619                irCommRxStartPeakDurationTemp
                0x0080061b                irCommProxValuesBuff2
                0x0080075b                irCommProxValuesCurr
                0x0080075d                irCommMinSensorValueBuff1
                0x0080076d                irCommRxBitReceivedTemp
                0x00800777                irCommProxValuesAdc
                0x00800779                irCommMaxSensorSignalTemp
                0x008007c9                calibVelIndex
                0x008007ca                irCommStartDiffTemp
                0x008007ce                delta_right_speed_prev
                0x008007d0                ackPayload
                0x008007e0                irCommMinSensorValueBuff2
                0x008007f0                calibration
                0x00800880                dataLED
                0x00800886                irCommMaxSensorValueBuff1
                0x00800896                delta_left_speed_prev
                0x00800898                rfData
                0x008008a5                irCommBitsSignalTemp
                0x00800a35                delta_right_speed_current
                0x00800a37                irCommRxMaxSensorTemp
                0x00800a3b                irCommMinSensorValueCurrTemp
                0x00800a3f                timeoutOdometry
                0x00800a43                irCommShiftCountFinalTemp
                0x00800a45                irCommMaxSensorValueAdc
                0x00800a47                irCommMaxSensorSignal
                0x00800a6f                calibState
                0x00800a70                irCommRxMaxDiffTemp
                0x00800a74                irCommMaxSensorValueBuff2
                0x00800a84                tempVel
                0x00800a86                irCommTempPointer
                0x00800a88                startCalibration
                0x00800a89                irCommShiftCountTemp
                0x00800a8b                PROVIDE (__bss_end, .)
                0x0000bcb6                __data_load_start = LOADADDR (.data)
                0x0000bcd0                __data_load_end = (__data_load_start + SIZEOF (.data))

.noinit         0x00800a8b        0x0
                0x00800a8b                PROVIDE (__noinit_start, .)
 *(.noinit*)
                0x00800a8b                PROVIDE (__noinit_end, .)
                0x00800a8b                _end = .
                0x00800a8b                PROVIDE (__heap_start, .)

.eeprom         0x00810000        0x0
 *(.eeprom*)
                0x00810000                __eeprom_end = .

.fuse
 *(.fuse)
 *(.lfuse)
 *(.hfuse)
 *(.efuse)

.lock
 *(.lock*)

.signature
 *(.signature*)

.stab
 *(.stab)

.stabstr
 *(.stabstr)

.stab.excl
 *(.stab.excl)

.stab.exclstr
 *(.stab.exclstr)

.stab.index
 *(.stab.index)

.stab.indexstr
 *(.stab.indexstr)

.comment
 *(.comment)

.debug
 *(.debug)

.line
 *(.line)

.debug_srcinfo
 *(.debug_srcinfo)

.debug_sfnames
 *(.debug_sfnames)

.debug_aranges  0x00000000      0x6b0
 *(.debug_aranges)
 .debug_aranges
                0x00000000       0x80 lsm6ds3tr.o
 .debug_aranges
                0x00000080       0x80 lsm6ds3us.o
 .debug_aranges
                0x00000100       0x20 main.o
 .debug_aranges
                0x00000120       0x48 spi.o
 .debug_aranges
                0x00000168       0xc0 mirf.o
 .debug_aranges
                0x00000228       0x50 ir_remote_control.o
 .debug_aranges
                0x00000278       0x30 speed_control.o
 .debug_aranges
                0x000002a8       0x20 ports_io.o
 .debug_aranges
                0x000002c8       0x60 twimaster.o
 .debug_aranges
                0x00000328       0x60 usart.o
 .debug_aranges
                0x00000388       0x50 utility.o
 .debug_aranges
                0x000003d8       0x28 adc.o
 .debug_aranges
                0x00000400       0xb8 motors.o
 .debug_aranges
                0x000004b8       0x50 behaviors.o
 .debug_aranges
                0x00000508       0x58 leds.o
 .debug_aranges
                0x00000560       0x90 sensors.o
 .debug_aranges
                0x000005f0       0x40 eepromIO.o
 .debug_aranges
                0x00000630       0x80 irCommunication.o

.debug_pubnames
                0x00000000     0x2685
 *(.debug_pubnames)
 .debug_pubnames
                0x00000000      0x18c lsm6ds3tr.o
 .debug_pubnames
                0x0000018c      0x1a0 lsm6ds3us.o
 .debug_pubnames
                0x0000032c       0x1b main.o
 .debug_pubnames
                0x00000347       0x77 spi.o
 .debug_pubnames
                0x000003be      0x1cf mirf.o
 .debug_pubnames
                0x0000058d       0xd3 ir_remote_control.o
 .debug_pubnames
                0x00000660       0x64 speed_control.o
 .debug_pubnames
                0x000006c4     0x17c2 variables.o
 .debug_pubnames
                0x00001e86       0x22 ports_io.o
 .debug_pubnames
                0x00001ea8       0x9b twimaster.o
 .debug_pubnames
                0x00001f43       0xb6 usart.o
 .debug_pubnames
                0x00001ff9       0x8e utility.o
 .debug_pubnames
                0x00002087       0x2e adc.o
 .debug_pubnames
                0x000020b5      0x1b7 motors.o
 .debug_pubnames
                0x0000226c       0xb8 behaviors.o
 .debug_pubnames
                0x00002324       0xa3 leds.o
 .debug_pubnames
                0x000023c7      0x116 sensors.o
 .debug_pubnames
                0x000024dd       0x90 eepromIO.o
 .debug_pubnames
                0x0000256d      0x118 irCommunication.o

.debug_info     0x00000000     0x738b
 *(.debug_info)
 .debug_info    0x00000000     0x11fc lsm6ds3tr.o
 .debug_info    0x000011fc     0x11c4 lsm6ds3us.o
 .debug_info    0x000023c0      0x3bf main.o
 .debug_info    0x0000277f      0x20d spi.o
 .debug_info    0x0000298c      0xa12 mirf.o
 .debug_info    0x0000339e      0x305 ir_remote_control.o
 .debug_info    0x000036a3      0x167 speed_control.o
 .debug_info    0x0000380a     0x1700 variables.o
 .debug_info    0x00004f0a       0x83 ports_io.o
 .debug_info    0x00004f8d      0x1de twimaster.o
 .debug_info    0x0000516b      0x27b usart.o
 .debug_info    0x000053e6      0x225 utility.o
 .debug_info    0x0000560b      0x3d3 adc.o
 .debug_info    0x000059de      0x765 motors.o
 .debug_info    0x00006143      0x1da behaviors.o
 .debug_info    0x0000631d      0x18f leds.o
 .debug_info    0x000064ac      0x599 sensors.o
 .debug_info    0x00006a45      0x12d eepromIO.o
 .debug_info    0x00006b72      0x819 irCommunication.o
 *(.gnu.linkonce.wi.*)

.debug_abbrev   0x00000000     0x152e
 *(.debug_abbrev)
 .debug_abbrev  0x00000000      0x1d3 lsm6ds3tr.o
 .debug_abbrev  0x000001d3      0x1d3 lsm6ds3us.o
 .debug_abbrev  0x000003a6       0xb6 main.o
 .debug_abbrev  0x0000045c      0x127 spi.o
 .debug_abbrev  0x00000583      0x29e mirf.o
 .debug_abbrev  0x00000821      0x133 ir_remote_control.o
 .debug_abbrev  0x00000954       0x7f speed_control.o
 .debug_abbrev  0x000009d3       0x84 variables.o
 .debug_abbrev  0x00000a57       0x52 ports_io.o
 .debug_abbrev  0x00000aa9      0x148 twimaster.o
 .debug_abbrev  0x00000bf1      0x153 usart.o
 .debug_abbrev  0x00000d44       0xbc utility.o
 .debug_abbrev  0x00000e00       0xc1 adc.o
 .debug_abbrev  0x00000ec1      0x1e5 motors.o
 .debug_abbrev  0x000010a6       0xda behaviors.o
 .debug_abbrev  0x00001180       0x85 leds.o
 .debug_abbrev  0x00001205      0x15b sensors.o
 .debug_abbrev  0x00001360       0xa1 eepromIO.o
 .debug_abbrev  0x00001401      0x12d irCommunication.o

.debug_line     0x00000000     0xa70e
 *(.debug_line)
 .debug_line    0x00000000      0xf5c lsm6ds3tr.o
 .debug_line    0x00000f5c      0xf32 lsm6ds3us.o
 .debug_line    0x00001e8e     0x1466 main.o
 .debug_line    0x000032f4      0x246 spi.o
 .debug_line    0x0000353a      0xdd7 mirf.o
 .debug_line    0x00004311      0x69c ir_remote_control.o
 .debug_line    0x000049ad      0x28f speed_control.o
 .debug_line    0x00004c3c       0x8b variables.o
 .debug_line    0x00004cc7      0x1f8 ports_io.o
 .debug_line    0x00004ebf      0x315 twimaster.o
 .debug_line    0x000051d4      0x363 usart.o
 .debug_line    0x00005537      0x3c8 utility.o
 .debug_line    0x000058ff      0xb52 adc.o
 .debug_line    0x00006451     0x187e motors.o
 .debug_line    0x00007ccf      0x291 behaviors.o
 .debug_line    0x00007f60      0x304 leds.o
 .debug_line    0x00008264      0xe8b sensors.o
 .debug_line    0x000090ef      0x15b eepromIO.o
 .debug_line    0x0000924a     0x14c4 irCommunication.o

.debug_frame    0x00000000      0xb20
 *(.debug_frame)
 .debug_frame   0x00000000       0xe0 lsm6ds3tr.o
 .debug_frame   0x000000e0       0xe0 lsm6ds3us.o
 .debug_frame   0x000001c0       0x20 main.o
 .debug_frame   0x000001e0       0x70 spi.o
 .debug_frame   0x00000250      0x160 mirf.o
 .debug_frame   0x000003b0       0x80 ir_remote_control.o
 .debug_frame   0x00000430       0x40 speed_control.o
 .debug_frame   0x00000470       0x20 ports_io.o
 .debug_frame   0x00000490       0xa0 twimaster.o
 .debug_frame   0x00000530       0xa0 usart.o
 .debug_frame   0x000005d0       0x80 utility.o
 .debug_frame   0x00000650       0x30 adc.o
 .debug_frame   0x00000680      0x150 motors.o
 .debug_frame   0x000007d0       0x80 behaviors.o
 .debug_frame   0x00000850       0x90 leds.o
 .debug_frame   0x000008e0      0x100 sensors.o
 .debug_frame   0x000009e0       0x60 eepromIO.o
 .debug_frame   0x00000a40       0xe0 irCommunication.o

.debug_str      0x00000000     0x226a
 *(.debug_str)
 .debug_str     0x00000000      0x345 lsm6ds3tr.o
                                0x3b1 (size before relaxing)
 .debug_str     0x00000345      0x16b lsm6ds3us.o
                                0x3c5 (size before relaxing)
 .debug_str     0x000004b0      0x2c2 main.o
                                0x36f (size before relaxing)
 .debug_str     0x00000772       0x79 spi.o
                                0x133 (size before relaxing)
 .debug_str     0x000007eb      0x241 mirf.o
                                0x3f9 (size before relaxing)
 .debug_str     0x00000a2c      0x11a ir_remote_control.o
                                0x2b4 (size before relaxing)
 .debug_str     0x00000b46      0x17b speed_control.o
                                0x22c (size before relaxing)
 .debug_str     0x00000cc1      0xe9e variables.o
                               0x13e8 (size before relaxing)
 .debug_str     0x00001b5f       0x1c ports_io.o
                                 0xd5 (size before relaxing)
 .debug_str     0x00001b7b       0x7b twimaster.o
                                0x138 (size before relaxing)
 .debug_str     0x00001bf6       0xaf usart.o
                                0x1e9 (size before relaxing)
 .debug_str     0x00001ca5       0x7d utility.o
                                0x1f9 (size before relaxing)
 .debug_str     0x00001d22       0x1f adc.o
                                0x4a1 (size before relaxing)
 .debug_str     0x00001d41      0x18c motors.o
                                0x661 (size before relaxing)
 .debug_str     0x00001ecd       0xce behaviors.o
                                0x1ed (size before relaxing)
 .debug_str     0x00001f9b       0x89 leds.o
                                0x15d (size before relaxing)
 .debug_str     0x00002024       0xdc sensors.o
                                0x33c (size before relaxing)
 .debug_str     0x00002100       0x7a eepromIO.o
                                0x145 (size before relaxing)
 .debug_str     0x0000217a       0xf0 irCommunication.o
                                0xa41 (size before relaxing)

.debug_loc      0x00000000     0x1926
 *(.debug_loc)
 .debug_loc     0x00000000      0x2db lsm6ds3tr.o
 .debug_loc     0x000002db      0x2db lsm6ds3us.o
 .debug_loc     0x000005b6      0x59f main.o
 .debug_loc     0x00000b55       0xa3 spi.o
 .debug_loc     0x00000bf8      0x22e mirf.o
 .debug_loc     0x00000e26       0xb0 speed_control.o
 .debug_loc     0x00000ed6       0xf3 twimaster.o
 .debug_loc     0x00000fc9       0xee usart.o
 .debug_loc     0x000010b7       0x2b utility.o
 .debug_loc     0x000010e2       0xe8 adc.o
 .debug_loc     0x000011ca      0x4f2 motors.o
 .debug_loc     0x000016bc       0x98 behaviors.o
 .debug_loc     0x00001754      0x154 leds.o
 .debug_loc     0x000018a8       0x7e irCommunication.o

.debug_macinfo
 *(.debug_macinfo)
OUTPUT(Elisa3-avr-studio.elf elf32-avr)
LOAD linker stubs

.debug_ranges   0x00000000     0x12f0
 .debug_ranges  0x00000000      0x660 lsm6ds3tr.o
 .debug_ranges  0x00000660      0x660 lsm6ds3us.o
 .debug_ranges  0x00000cc0       0x18 main.o
 .debug_ranges  0x00000cd8       0x40 spi.o
 .debug_ranges  0x00000d18       0xf0 mirf.o
 .debug_ranges  0x00000e08       0x48 ir_remote_control.o
 .debug_ranges  0x00000e50       0x28 speed_control.o
 .debug_ranges  0x00000e78       0x18 ports_io.o
 .debug_ranges  0x00000e90       0x88 twimaster.o
 .debug_ranges  0x00000f18       0x58 usart.o
 .debug_ranges  0x00000f70       0x48 utility.o
 .debug_ranges  0x00000fb8       0x20 adc.o
 .debug_ranges  0x00000fd8      0x108 motors.o
 .debug_ranges  0x000010e0       0x48 behaviors.o
 .debug_ranges  0x00001128       0x50 leds.o
 .debug_ranges  0x00001178       0xc8 sensors.o
 .debug_ranges  0x00001240       0x38 eepromIO.o
 .debug_ranges  0x00001278       0x78 irCommunication.o
