Archive member included because of file (symbol)

c:/program files (x86)/atmel/avr tools/avr toolchain/bin/../lib/gcc/avr/4.5.1/avr6\libgcc.a(_mulsi3.o)
                              behaviors.o (__mulsi3)
c:/program files (x86)/atmel/avr tools/avr toolchain/bin/../lib/gcc/avr/4.5.1/avr6\libgcc.a(_udivmodhi4.o)
                              mirf.o (__udivmodhi4)
c:/program files (x86)/atmel/avr tools/avr toolchain/bin/../lib/gcc/avr/4.5.1/avr6\libgcc.a(_divmodhi4.o)
                              main.o (__divmodhi4)
c:/program files (x86)/atmel/avr tools/avr toolchain/bin/../lib/gcc/avr/4.5.1/avr6\libgcc.a(_exit.o)
                              c:/program files (x86)/atmel/avr tools/avr toolchain/bin/../lib/gcc/avr/4.5.1/../../../../avr/lib/avr6/crtm2560.o (exit)
c:/program files (x86)/atmel/avr tools/avr toolchain/bin/../lib/gcc/avr/4.5.1/avr6\libgcc.a(_copy_data.o)
                              ir_remote_control.o (__do_copy_data)
c:/program files (x86)/atmel/avr tools/avr toolchain/bin/../lib/gcc/avr/4.5.1/avr6\libgcc.a(_clear_bss.o)
                              mirf.o (__do_clear_bss)
c:/program files (x86)/atmel/avr tools/avr toolchain/bin/../lib/gcc/avr/4.5.1/avr6\libgcc.a(_mul_sf.o)
                              sensors.o (__mulsf3)
c:/program files (x86)/atmel/avr tools/avr toolchain/bin/../lib/gcc/avr/4.5.1/avr6\libgcc.a(_si_to_sf.o)
                              sensors.o (__floatsisf)
c:/program files (x86)/atmel/avr tools/avr toolchain/bin/../lib/gcc/avr/4.5.1/avr6\libgcc.a(_sf_to_si.o)
                              sensors.o (__fixsfsi)
c:/program files (x86)/atmel/avr tools/avr toolchain/bin/../lib/gcc/avr/4.5.1/avr6\libgcc.a(_thenan_sf.o)
                              c:/program files (x86)/atmel/avr tools/avr toolchain/bin/../lib/gcc/avr/4.5.1/avr6\libgcc.a(_mul_sf.o) (__thenan_sf)
c:/program files (x86)/atmel/avr tools/avr toolchain/bin/../lib/gcc/avr/4.5.1/avr6\libgcc.a(_prologue.o)
                              c:/program files (x86)/atmel/avr tools/avr toolchain/bin/../lib/gcc/avr/4.5.1/avr6\libgcc.a(_mul_sf.o) (__prologue_saves__)
c:/program files (x86)/atmel/avr tools/avr toolchain/bin/../lib/gcc/avr/4.5.1/avr6\libgcc.a(_epilogue.o)
                              c:/program files (x86)/atmel/avr tools/avr toolchain/bin/../lib/gcc/avr/4.5.1/avr6\libgcc.a(_mul_sf.o) (__epilogue_restores__)
c:/program files (x86)/atmel/avr tools/avr toolchain/bin/../lib/gcc/avr/4.5.1/avr6\libgcc.a(_clzsi2.o)
                              c:/program files (x86)/atmel/avr tools/avr toolchain/bin/../lib/gcc/avr/4.5.1/avr6\libgcc.a(_si_to_sf.o) (__clzsi2)
c:/program files (x86)/atmel/avr tools/avr toolchain/bin/../lib/gcc/avr/4.5.1/avr6\libgcc.a(_pack_sf.o)
                              c:/program files (x86)/atmel/avr tools/avr toolchain/bin/../lib/gcc/avr/4.5.1/avr6\libgcc.a(_mul_sf.o) (__pack_f)
c:/program files (x86)/atmel/avr tools/avr toolchain/bin/../lib/gcc/avr/4.5.1/avr6\libgcc.a(_unpack_sf.o)
                              c:/program files (x86)/atmel/avr tools/avr toolchain/bin/../lib/gcc/avr/4.5.1/avr6\libgcc.a(_mul_sf.o) (__unpack_f)
c:/program files (x86)/atmel/avr tools/avr toolchain/bin/../lib/gcc/avr/4.5.1/avr6\libgcc.a(_clz.o)
                              c:/program files (x86)/atmel/avr tools/avr toolchain/bin/../lib/gcc/avr/4.5.1/avr6\libgcc.a(_clzsi2.o) (__clz_tab)
c:/program files (x86)/atmel/avr tools/avr toolchain/bin/../lib/gcc/avr/4.5.1/../../../../avr/lib/avr6\libc.a(rand.o)
                              main.o (rand)
c:/program files (x86)/atmel/avr tools/avr toolchain/bin/../lib/gcc/avr/4.5.1/../../../../avr/lib/avr6\libc.a(atan2.o)
                              sensors.o (atan2)
c:/program files (x86)/atmel/avr tools/avr toolchain/bin/../lib/gcc/avr/4.5.1/../../../../avr/lib/avr6\libc.a(atan.o)
                              c:/program files (x86)/atmel/avr tools/avr toolchain/bin/../lib/gcc/avr/4.5.1/../../../../avr/lib/avr6\libc.a(atan2.o) (atan)
c:/program files (x86)/atmel/avr tools/avr toolchain/bin/../lib/gcc/avr/4.5.1/../../../../avr/lib/avr6\libc.a(divsf3x.o)
                              c:/program files (x86)/atmel/avr tools/avr toolchain/bin/../lib/gcc/avr/4.5.1/../../../../avr/lib/avr6\libc.a(atan2.o) (__divsf3_pse)
c:/program files (x86)/atmel/avr tools/avr toolchain/bin/../lib/gcc/avr/4.5.1/../../../../avr/lib/avr6\libc.a(fp_inf.o)
                              c:/program files (x86)/atmel/avr tools/avr toolchain/bin/../lib/gcc/avr/4.5.1/../../../../avr/lib/avr6\libc.a(divsf3x.o) (__fp_inf)
c:/program files (x86)/atmel/avr tools/avr toolchain/bin/../lib/gcc/avr/4.5.1/../../../../avr/lib/avr6\libc.a(fp_nan.o)
                              c:/program files (x86)/atmel/avr tools/avr toolchain/bin/../lib/gcc/avr/4.5.1/../../../../avr/lib/avr6\libc.a(atan2.o) (__fp_nan)
c:/program files (x86)/atmel/avr tools/avr toolchain/bin/../lib/gcc/avr/4.5.1/../../../../avr/lib/avr6\libc.a(fp_powser.o)
                              c:/program files (x86)/atmel/avr tools/avr toolchain/bin/../lib/gcc/avr/4.5.1/../../../../avr/lib/avr6\libc.a(atan.o) (__fp_powser)
c:/program files (x86)/atmel/avr tools/avr toolchain/bin/../lib/gcc/avr/4.5.1/../../../../avr/lib/avr6\libc.a(fp_pscA.o)
                              c:/program files (x86)/atmel/avr tools/avr toolchain/bin/../lib/gcc/avr/4.5.1/../../../../avr/lib/avr6\libc.a(atan2.o) (__fp_pscA)
c:/program files (x86)/atmel/avr tools/avr toolchain/bin/../lib/gcc/avr/4.5.1/../../../../avr/lib/avr6\libc.a(fp_pscB.o)
                              c:/program files (x86)/atmel/avr tools/avr toolchain/bin/../lib/gcc/avr/4.5.1/../../../../avr/lib/avr6\libc.a(atan2.o) (__fp_pscB)
c:/program files (x86)/atmel/avr tools/avr toolchain/bin/../lib/gcc/avr/4.5.1/../../../../avr/lib/avr6\libc.a(fp_round.o)
                              c:/program files (x86)/atmel/avr tools/avr toolchain/bin/../lib/gcc/avr/4.5.1/../../../../avr/lib/avr6\libc.a(atan2.o) (__fp_round)
c:/program files (x86)/atmel/avr tools/avr toolchain/bin/../lib/gcc/avr/4.5.1/../../../../avr/lib/avr6\libc.a(fp_split3.o)
                              c:/program files (x86)/atmel/avr tools/avr toolchain/bin/../lib/gcc/avr/4.5.1/../../../../avr/lib/avr6\libc.a(atan2.o) (__fp_split3)
c:/program files (x86)/atmel/avr tools/avr toolchain/bin/../lib/gcc/avr/4.5.1/../../../../avr/lib/avr6\libc.a(fp_zero.o)
                              c:/program files (x86)/atmel/avr tools/avr toolchain/bin/../lib/gcc/avr/4.5.1/../../../../avr/lib/avr6\libc.a(atan2.o) (__fp_zero)
c:/program files (x86)/atmel/avr tools/avr toolchain/bin/../lib/gcc/avr/4.5.1/../../../../avr/lib/avr6\libc.a(inverse.o)
                              c:/program files (x86)/atmel/avr tools/avr toolchain/bin/../lib/gcc/avr/4.5.1/../../../../avr/lib/avr6\libc.a(atan.o) (inverse)
c:/program files (x86)/atmel/avr tools/avr toolchain/bin/../lib/gcc/avr/4.5.1/../../../../avr/lib/avr6\libc.a(mulsf3x.o)
                              c:/program files (x86)/atmel/avr tools/avr toolchain/bin/../lib/gcc/avr/4.5.1/../../../../avr/lib/avr6\libc.a(atan.o) (__mulsf3x)
c:/program files (x86)/atmel/avr tools/avr toolchain/bin/../lib/gcc/avr/4.5.1/../../../../avr/lib/avr6\libc.a(square.o)
                              c:/program files (x86)/atmel/avr tools/avr toolchain/bin/../lib/gcc/avr/4.5.1/../../../../avr/lib/avr6\libc.a(atan.o) (square)
c:/program files (x86)/atmel/avr tools/avr toolchain/bin/../lib/gcc/avr/4.5.1/../../../../avr/lib/avr6\libc.a(eerd_word_atmega2560.o)
                              utility.o (__eerd_word_m2560)
c:/program files (x86)/atmel/avr tools/avr toolchain/bin/../lib/gcc/avr/4.5.1/../../../../avr/lib/avr6\libc.a(eewr_word_atmega2560.o)
                              main.o (__eewr_word_m2560)
c:/program files (x86)/atmel/avr tools/avr toolchain/bin/../lib/gcc/avr/4.5.1/../../../../avr/lib/avr6\libc.a(addsf3.o)
                              c:/program files (x86)/atmel/avr tools/avr toolchain/bin/../lib/gcc/avr/4.5.1/../../../../avr/lib/avr6\libc.a(atan2.o) (__addsf3)
c:/program files (x86)/atmel/avr tools/avr toolchain/bin/../lib/gcc/avr/4.5.1/../../../../avr/lib/avr6\libc.a(addsf3x.o)
                              c:/program files (x86)/atmel/avr tools/avr toolchain/bin/../lib/gcc/avr/4.5.1/../../../../avr/lib/avr6\libc.a(atan.o) (__addsf3x)
c:/program files (x86)/atmel/avr tools/avr toolchain/bin/../lib/gcc/avr/4.5.1/../../../../avr/lib/avr6\libc.a(divsf3.o)
                              c:/program files (x86)/atmel/avr tools/avr toolchain/bin/../lib/gcc/avr/4.5.1/../../../../avr/lib/avr6\libc.a(inverse.o) (__divsf3)
c:/program files (x86)/atmel/avr tools/avr toolchain/bin/../lib/gcc/avr/4.5.1/../../../../avr/lib/avr6\libc.a(eerd_block_atmega2560.o)
                              c:/program files (x86)/atmel/avr tools/avr toolchain/bin/../lib/gcc/avr/4.5.1/../../../../avr/lib/avr6\libc.a(eerd_word_atmega2560.o) (__eerd_blraw_m2560)
c:/program files (x86)/atmel/avr tools/avr toolchain/bin/../lib/gcc/avr/4.5.1/../../../../avr/lib/avr6\libc.a(eewr_byte_atmega2560.o)
                              c:/program files (x86)/atmel/avr tools/avr toolchain/bin/../lib/gcc/avr/4.5.1/../../../../avr/lib/avr6\libc.a(eewr_word_atmega2560.o) (__eewr_byte_m2560)
c:/program files (x86)/atmel/avr tools/avr toolchain/bin/../lib/gcc/avr/4.5.1/avr6\libgcc.a(_divmodsi4.o)
                              c:/program files (x86)/atmel/avr tools/avr toolchain/bin/../lib/gcc/avr/4.5.1/../../../../avr/lib/avr6\libc.a(rand.o) (__divmodsi4)
c:/program files (x86)/atmel/avr tools/avr toolchain/bin/../lib/gcc/avr/4.5.1/avr6\libgcc.a(_udivmodsi4.o)
                              c:/program files (x86)/atmel/avr tools/avr toolchain/bin/../lib/gcc/avr/4.5.1/avr6\libgcc.a(_divmodsi4.o) (__udivmodsi4)

Allocating common symbols
Common symbol       size              file

PTX                 0x1               mirf.o
delta_left_speed_current
                    0x2               variables.o
delta_right_speed_prev
                    0x2               variables.o
ackPayload          0x10              variables.o
dataLED             0x6               variables.o
delta_left_speed_prev
                    0x2               variables.o
rfData              0xd               variables.o
delta_right_speed_current
                    0x2               variables.o
startCalibration    0x1               variables.o

Memory Configuration

Name             Origin             Length             Attributes
text             0x00000000         0x00100000         xr
data             0x00800200         0x0000fe00         rw !x
eeprom           0x00810000         0x00010000         rw !x
fuse             0x00820000         0x00000400         rw !x
lock             0x00830000         0x00000400         rw !x
signature        0x00840000         0x00000400         rw !x
*default*        0x00000000         0xffffffff

Linker script and memory map

Address of section .data set to 0x800200
LOAD c:/program files (x86)/atmel/avr tools/avr toolchain/bin/../lib/gcc/avr/4.5.1/../../../../avr/lib/avr6/crtm2560.o
LOAD main.o
LOAD spi.o
LOAD mirf.o
LOAD ir_remote_control.o
LOAD speed_control.o
LOAD variables.o
LOAD ports_io.o
LOAD twimaster.o
LOAD usart.o
LOAD utility.o
LOAD adc.o
LOAD motors.o
LOAD behaviors.o
LOAD leds.o
LOAD sensors.o
LOAD c:/program files (x86)/atmel/avr tools/avr toolchain/bin/../lib/gcc/avr/4.5.1/avr6\libgcc.a
LOAD c:/program files (x86)/atmel/avr tools/avr toolchain/bin/../lib/gcc/avr/4.5.1/../../../../avr/lib/avr6\libc.a
LOAD c:/program files (x86)/atmel/avr tools/avr toolchain/bin/../lib/gcc/avr/4.5.1/avr6\libgcc.a

.hash
 *(.hash)

.dynsym
 *(.dynsym)

.dynstr
 *(.dynstr)

.gnu.version
 *(.gnu.version)

.gnu.version_d
 *(.gnu.version_d)

.gnu.version_r
 *(.gnu.version_r)

.rel.init
 *(.rel.init)

.rela.init
 *(.rela.init)

.rel.text
 *(.rel.text)
 *(.rel.text.*)
 *(.rel.gnu.linkonce.t*)

.rela.text
 *(.rela.text)
 *(.rela.text.*)
 *(.rela.gnu.linkonce.t*)

.rel.fini
 *(.rel.fini)

.rela.fini
 *(.rela.fini)

.rel.rodata
 *(.rel.rodata)
 *(.rel.rodata.*)
 *(.rel.gnu.linkonce.r*)

.rela.rodata
 *(.rela.rodata)
 *(.rela.rodata.*)
 *(.rela.gnu.linkonce.r*)

.rel.data
 *(.rel.data)
 *(.rel.data.*)
 *(.rel.gnu.linkonce.d*)

.rela.data
 *(.rela.data)
 *(.rela.data.*)
 *(.rela.gnu.linkonce.d*)

.rel.ctors
 *(.rel.ctors)

.rela.ctors
 *(.rela.ctors)

.rel.dtors
 *(.rel.dtors)

.rela.dtors
 *(.rela.dtors)

.rel.got
 *(.rel.got)

.rela.got
 *(.rela.got)

.rel.bss
 *(.rel.bss)

.rela.bss
 *(.rela.bss)

.rel.plt
 *(.rel.plt)

.rela.plt
 *(.rela.plt)

.text           0x00000000     0x5b20
 *(.vectors)
 .vectors       0x00000000       0xe4 c:/program files (x86)/atmel/avr tools/avr toolchain/bin/../lib/gcc/avr/4.5.1/../../../../avr/lib/avr6/crtm2560.o
                0x00000000                __vector_default
                0x00000000                __vectors
 *(.vectors)
 *(.progmem.gcc*)
 .progmem.gcc_sw_table
                0x000000e4       0x6a ir_remote_control.o
 .progmem.gcc_fplib
                0x0000014e       0x2d c:/program files (x86)/atmel/avr tools/avr toolchain/bin/../lib/gcc/avr/4.5.1/../../../../avr/lib/avr6\libc.a(atan.o)
 *(.progmem*)
                0x0000017c                . = ALIGN (0x2)
 *fill*         0x0000017b        0x1 00
                0x0000017c                __trampolines_start = .
 *(.trampolines)
 .trampolines   0x0000017c        0x0 linker stubs
 *(.trampolines*)
                0x0000017c                __trampolines_end = .
 *(.jumptables)
 *(.jumptables*)
 *(.lowtext)
 *(.lowtext*)
                0x0000017c                __ctors_start = .
 *(.ctors)
                0x0000017c                __ctors_end = .
                0x0000017c                __dtors_start = .
 *(.dtors)
                0x0000017c                __dtors_end = .
 SORT(*)(.ctors)
 SORT(*)(.dtors)
 *(.init0)
 .init0         0x0000017c        0x0 c:/program files (x86)/atmel/avr tools/avr toolchain/bin/../lib/gcc/avr/4.5.1/../../../../avr/lib/avr6/crtm2560.o
                0x0000017c                __init
 *(.init0)
 *(.init1)
 *(.init1)
 *(.init2)
 .init2         0x0000017c       0x10 c:/program files (x86)/atmel/avr tools/avr toolchain/bin/../lib/gcc/avr/4.5.1/../../../../avr/lib/avr6/crtm2560.o
 *(.init2)
 *(.init3)
 *(.init3)
 *(.init4)
 .init4         0x0000018c       0x16 c:/program files (x86)/atmel/avr tools/avr toolchain/bin/../lib/gcc/avr/4.5.1/avr6\libgcc.a(_copy_data.o)
                0x0000018c                __do_copy_data
 .init4         0x000001a2       0x10 c:/program files (x86)/atmel/avr tools/avr toolchain/bin/../lib/gcc/avr/4.5.1/avr6\libgcc.a(_clear_bss.o)
                0x000001a2                __do_clear_bss
 *(.init4)
 *(.init5)
 *(.init5)
 *(.init6)
 *(.init6)
 *(.init7)
 *(.init7)
 *(.init8)
 *(.init8)
 *(.init9)
 .init9         0x000001b2        0x8 c:/program files (x86)/atmel/avr tools/avr toolchain/bin/../lib/gcc/avr/4.5.1/../../../../avr/lib/avr6/crtm2560.o
 *(.init9)
 *(.text)
 .text          0x000001ba        0x4 c:/program files (x86)/atmel/avr tools/avr toolchain/bin/../lib/gcc/avr/4.5.1/../../../../avr/lib/avr6/crtm2560.o
                0x000001ba                __vector_38
                0x000001ba                __vector_22
                0x000001ba                __vector_28
                0x000001ba                __vector_1
                0x000001ba                __vector_34
                0x000001ba                __vector_24
                0x000001ba                __vector_12
                0x000001ba                __vector_55
                0x000001ba                __vector_46
                0x000001ba                __bad_interrupt
                0x000001ba                __vector_6
                0x000001ba                __vector_31
                0x000001ba                __vector_39
                0x000001ba                __vector_3
                0x000001ba                __vector_23
                0x000001ba                __vector_30
                0x000001ba                __vector_11
                0x000001ba                __vector_54
                0x000001ba                __vector_17
                0x000001ba                __vector_19
                0x000001ba                __vector_56
                0x000001ba                __vector_7
                0x000001ba                __vector_49
                0x000001ba                __vector_41
                0x000001ba                __vector_27
                0x000001ba                __vector_5
                0x000001ba                __vector_47
                0x000001ba                __vector_52
                0x000001ba                __vector_37
                0x000001ba                __vector_4
                0x000001ba                __vector_44
                0x000001ba                __vector_51
                0x000001ba                __vector_9
                0x000001ba                __vector_2
                0x000001ba                __vector_21
                0x000001ba                __vector_36
                0x000001ba                __vector_40
                0x000001ba                __vector_8
                0x000001ba                __vector_26
                0x000001ba                __vector_48
                0x000001ba                __vector_14
                0x000001ba                __vector_53
                0x000001ba                __vector_50
                0x000001ba                __vector_16
                0x000001ba                __vector_18
                0x000001ba                __vector_20
 .text          0x000001be      0xa00 main.o
                0x000001be                main
 .text          0x00000bbe       0xee spi.o
                0x00000bbe                SPI_WAIT
                0x00000be0                initSPI
                0x00000bf8                closeSPI
                0x00000bfe                SPI_ReadWrite_Block
                0x00000c46                SPI_Write_Block
                0x00000c86                SPI_Write_Byte
 .text          0x00000cac      0xa68 mirf.o
                0x00000cac                mirf_config
                0x00000db2                mirf_init
                0x00000dbc                mirf_set_RADDR
                0x00000dde                mirf_set_TADDR
                0x00000dfc                mirf_data_ready
                0x00000e16                rx_fifo_is_empty
                0x00000e46                flush_rx_fifo
                0x00000e52                mirf_get_data
                0x00000e82                mirf_config_register
                0x00000eaa                mirf_read_register
                0x00000edc                mirf_write_register
                0x00000f10                mirf_send
                0x00000f6c                writeAckPayload
                0x00000fc6                flushTxFifo
                0x00000fd2                handleRFCommands
 .text          0x00001714      0x716 ir_remote_control.o
                0x00001714                init_ir_remote_control
                0x0000174a                __vector_10
                0x000017b2                __vector_13
                0x00001a00                ir_remote_get_check
                0x00001a06                ir_remote_get_address
                0x00001a0c                ir_remote_get_data
                0x00001a12                handleIRRemoteCommands
 .text          0x00001e2a      0x8aa speed_control.o
                0x00001e2a                init_speed_control
                0x00001e2c                start_vertical_speed_control_left
                0x000020b6                start_vertical_speed_control_right
                0x00002340                start_horizontal_speed_control_right
                0x0000250a                start_horizontal_speed_control_left
 .text          0x000026d4        0x0 variables.o
 .text          0x000026d4       0x96 ports_io.o
                0x000026d4                initPortsIO
 .text          0x0000276a      0x15c twimaster.o
                0x0000276a                i2c_close
                0x00002774                i2c_init
                0x00002784                i2c_start
                0x000027d0                i2c_start_wait
                0x0000281e                i2c_rep_start
                0x0000286a                i2c_stop
                0x0000287a                i2c_write
                0x0000289e                i2c_readAck
                0x000028b2                i2c_readNak
 .text          0x000028c6      0x168 usart.o
                0x000028c6                initUsart0
                0x000028f0                initUsart1
                0x0000291a                closeUsart
                0x00002928                usart0Transmit
                0x00002942                usart1Transmit
                0x0000295c                usart0InputBufferEmpty
                0x0000296a                usart0Receive
                0x0000298a                __vector_25
 .text          0x00002a2e      0x262 utility.o
                0x00002a2e                getSelector
                0x00002a78                initPeripherals
                0x00002b04                __vector_15
                0x00002b18                sleep
                0x00002c76                getTime100MicroSec
                0x00002c88                readBatteryLevel
 .text          0x00002c90      0x5aa adc.o
                0x00002c90                initAdc
                0x00002cd6                __vector_29
 .text          0x0000323a      0x73e motors.o
                0x0000323a                initMotors
                0x000032f6                handleMotorsWithNoController
                0x00003426                handleMotorsWithSpeedController
                0x00003598                setLeftSpeed
                0x0000360c                setRightSpeed
                0x00003680                __vector_45
                0x000037ae                __vector_42
                0x000037da                __vector_43
                0x00003806                __vector_35
                0x00003920                __vector_32
                0x0000394c                __vector_33
 .text          0x00003978      0x436 behaviors.o
                0x00003978                initBehaviors
                0x00003986                obstacleAvoidance
                0x00003d42                cliffDetected
                0x00003d92                enableObstacleAvoidance
                0x00003d9a                disableObstacleAvoidance
                0x00003da0                enableCliffAvoidance
                0x00003da8                disableCliffAvoidance
 .text          0x00003dae      0x290 leds.o
                0x00003dae                initRGBleds
                0x00003df2                toggleBlueLed
                0x00003e28                updateRedLed
                0x00003e50                updateGreenLed
                0x00003e78                updateBlueLed
                0x00003ea0                setGreenLed
                0x00003fda                turnOffGreenLeds
                0x0000400c                turnOnGreenLeds
 .text          0x0000403e      0xda4 sensors.o
                0x0000403e                initAccelerometer
                0x000040d6                initMMA7455L
                0x000040fe                initADXL345
                0x0000415e                readAccelXY
                0x00004298                readAccelXYZ
                0x00004418                calibrateSensors
                0x00004b36                readAccelXYZ_1
                0x00004bb8                readAccelXYZ_2
                0x00004d10                computeAngle
 .text          0x00004de2        0x0 c:/program files (x86)/atmel/avr tools/avr toolchain/bin/../lib/gcc/avr/4.5.1/avr6\libgcc.a(_mulsi3.o)
 .text          0x00004de2        0x0 c:/program files (x86)/atmel/avr tools/avr toolchain/bin/../lib/gcc/avr/4.5.1/avr6\libgcc.a(_udivmodhi4.o)
 .text          0x00004de2        0x0 c:/program files (x86)/atmel/avr tools/avr toolchain/bin/../lib/gcc/avr/4.5.1/avr6\libgcc.a(_divmodhi4.o)
 .text          0x00004de2        0x0 c:/program files (x86)/atmel/avr tools/avr toolchain/bin/../lib/gcc/avr/4.5.1/avr6\libgcc.a(_exit.o)
 .text          0x00004de2        0x0 c:/program files (x86)/atmel/avr tools/avr toolchain/bin/../lib/gcc/avr/4.5.1/avr6\libgcc.a(_copy_data.o)
 .text          0x00004de2        0x0 c:/program files (x86)/atmel/avr tools/avr toolchain/bin/../lib/gcc/avr/4.5.1/avr6\libgcc.a(_clear_bss.o)
 .text          0x00004de2      0x1fe c:/program files (x86)/atmel/avr tools/avr toolchain/bin/../lib/gcc/avr/4.5.1/avr6\libgcc.a(_mul_sf.o)
                0x00004de2                __mulsf3
 .text          0x00004fe0       0xbc c:/program files (x86)/atmel/avr tools/avr toolchain/bin/../lib/gcc/avr/4.5.1/avr6\libgcc.a(_si_to_sf.o)
                0x00004fe0                __floatsisf
 .text          0x0000509c       0xa6 c:/program files (x86)/atmel/avr tools/avr toolchain/bin/../lib/gcc/avr/4.5.1/avr6\libgcc.a(_sf_to_si.o)
                0x0000509c                __fixsfsi
 .text          0x00005142        0x0 c:/program files (x86)/atmel/avr tools/avr toolchain/bin/../lib/gcc/avr/4.5.1/avr6\libgcc.a(_thenan_sf.o)
 .text          0x00005142        0x0 c:/program files (x86)/atmel/avr tools/avr toolchain/bin/../lib/gcc/avr/4.5.1/avr6\libgcc.a(_prologue.o)
 .text          0x00005142        0x0 c:/program files (x86)/atmel/avr tools/avr toolchain/bin/../lib/gcc/avr/4.5.1/avr6\libgcc.a(_epilogue.o)
 .text          0x00005142       0x9a c:/program files (x86)/atmel/avr tools/avr toolchain/bin/../lib/gcc/avr/4.5.1/avr6\libgcc.a(_clzsi2.o)
                0x00005142                __clzsi2
 .text          0x000051dc      0x1c0 c:/program files (x86)/atmel/avr tools/avr toolchain/bin/../lib/gcc/avr/4.5.1/avr6\libgcc.a(_pack_sf.o)
                0x000051dc                __pack_f
 .text          0x0000539c       0xe0 c:/program files (x86)/atmel/avr tools/avr toolchain/bin/../lib/gcc/avr/4.5.1/avr6\libgcc.a(_unpack_sf.o)
                0x0000539c                __unpack_f
 .text          0x0000547c        0x0 c:/program files (x86)/atmel/avr tools/avr toolchain/bin/../lib/gcc/avr/4.5.1/avr6\libgcc.a(_clz.o)
 .text          0x0000547c        0x0 c:/program files (x86)/atmel/avr tools/avr toolchain/bin/../lib/gcc/avr/4.5.1/../../../../avr/lib/avr6\libc.a(rand.o)
 .text          0x0000547c        0x0 c:/program files (x86)/atmel/avr tools/avr toolchain/bin/../lib/gcc/avr/4.5.1/../../../../avr/lib/avr6\libc.a(atan2.o)
 .text          0x0000547c        0x0 c:/program files (x86)/atmel/avr tools/avr toolchain/bin/../lib/gcc/avr/4.5.1/../../../../avr/lib/avr6\libc.a(atan.o)
 .text          0x0000547c        0x0 c:/program files (x86)/atmel/avr tools/avr toolchain/bin/../lib/gcc/avr/4.5.1/../../../../avr/lib/avr6\libc.a(divsf3x.o)
 .text          0x0000547c        0x0 c:/program files (x86)/atmel/avr tools/avr toolchain/bin/../lib/gcc/avr/4.5.1/../../../../avr/lib/avr6\libc.a(fp_inf.o)
 .text          0x0000547c        0x0 c:/program files (x86)/atmel/avr tools/avr toolchain/bin/../lib/gcc/avr/4.5.1/../../../../avr/lib/avr6\libc.a(fp_nan.o)
 .text          0x0000547c        0x0 c:/program files (x86)/atmel/avr tools/avr toolchain/bin/../lib/gcc/avr/4.5.1/../../../../avr/lib/avr6\libc.a(fp_powser.o)
 .text          0x0000547c        0x0 c:/program files (x86)/atmel/avr tools/avr toolchain/bin/../lib/gcc/avr/4.5.1/../../../../avr/lib/avr6\libc.a(fp_pscA.o)
 .text          0x0000547c        0x0 c:/program files (x86)/atmel/avr tools/avr toolchain/bin/../lib/gcc/avr/4.5.1/../../../../avr/lib/avr6\libc.a(fp_pscB.o)
 .text          0x0000547c        0x0 c:/program files (x86)/atmel/avr tools/avr toolchain/bin/../lib/gcc/avr/4.5.1/../../../../avr/lib/avr6\libc.a(fp_round.o)
 .text          0x0000547c        0x0 c:/program files (x86)/atmel/avr tools/avr toolchain/bin/../lib/gcc/avr/4.5.1/../../../../avr/lib/avr6\libc.a(fp_split3.o)
 .text          0x0000547c        0x0 c:/program files (x86)/atmel/avr tools/avr toolchain/bin/../lib/gcc/avr/4.5.1/../../../../avr/lib/avr6\libc.a(fp_zero.o)
 .text          0x0000547c        0x0 c:/program files (x86)/atmel/avr tools/avr toolchain/bin/../lib/gcc/avr/4.5.1/../../../../avr/lib/avr6\libc.a(inverse.o)
 .text          0x0000547c        0x0 c:/program files (x86)/atmel/avr tools/avr toolchain/bin/../lib/gcc/avr/4.5.1/../../../../avr/lib/avr6\libc.a(mulsf3x.o)
 .text          0x0000547c        0x0 c:/program files (x86)/atmel/avr tools/avr toolchain/bin/../lib/gcc/avr/4.5.1/../../../../avr/lib/avr6\libc.a(square.o)
 .text          0x0000547c        0x0 c:/program files (x86)/atmel/avr tools/avr toolchain/bin/../lib/gcc/avr/4.5.1/../../../../avr/lib/avr6\libc.a(eerd_word_atmega2560.o)
 .text          0x0000547c        0x0 c:/program files (x86)/atmel/avr tools/avr toolchain/bin/../lib/gcc/avr/4.5.1/../../../../avr/lib/avr6\libc.a(eewr_word_atmega2560.o)
 .text          0x0000547c        0x0 c:/program files (x86)/atmel/avr tools/avr toolchain/bin/../lib/gcc/avr/4.5.1/../../../../avr/lib/avr6\libc.a(addsf3.o)
 .text          0x0000547c        0x0 c:/program files (x86)/atmel/avr tools/avr toolchain/bin/../lib/gcc/avr/4.5.1/../../../../avr/lib/avr6\libc.a(addsf3x.o)
 .text          0x0000547c        0x0 c:/program files (x86)/atmel/avr tools/avr toolchain/bin/../lib/gcc/avr/4.5.1/../../../../avr/lib/avr6\libc.a(divsf3.o)
 .text          0x0000547c        0x0 c:/program files (x86)/atmel/avr tools/avr toolchain/bin/../lib/gcc/avr/4.5.1/../../../../avr/lib/avr6\libc.a(eerd_block_atmega2560.o)
 .text          0x0000547c        0x0 c:/program files (x86)/atmel/avr tools/avr toolchain/bin/../lib/gcc/avr/4.5.1/../../../../avr/lib/avr6\libc.a(eewr_byte_atmega2560.o)
 .text          0x0000547c        0x0 c:/program files (x86)/atmel/avr tools/avr toolchain/bin/../lib/gcc/avr/4.5.1/avr6\libgcc.a(_divmodsi4.o)
 .text          0x0000547c        0x0 c:/program files (x86)/atmel/avr tools/avr toolchain/bin/../lib/gcc/avr/4.5.1/avr6\libgcc.a(_udivmodsi4.o)
                0x0000547c                . = ALIGN (0x2)
 *(.text.*)
 .text.libgcc   0x0000547c       0x3e c:/program files (x86)/atmel/avr tools/avr toolchain/bin/../lib/gcc/avr/4.5.1/avr6\libgcc.a(_mulsi3.o)
                0x0000547c                __mulsi3
 .text.libgcc   0x000054ba       0x28 c:/program files (x86)/atmel/avr tools/avr toolchain/bin/../lib/gcc/avr/4.5.1/avr6\libgcc.a(_udivmodhi4.o)
                0x000054ba                __udivmodhi4
 .text.libgcc   0x000054e2       0x26 c:/program files (x86)/atmel/avr tools/avr toolchain/bin/../lib/gcc/avr/4.5.1/avr6\libgcc.a(_divmodhi4.o)
                0x000054e2                _div
                0x000054e2                __divmodhi4
 .text.libgcc   0x00005508        0x0 c:/program files (x86)/atmel/avr tools/avr toolchain/bin/../lib/gcc/avr/4.5.1/avr6\libgcc.a(_exit.o)
 .text.libgcc   0x00005508        0x0 c:/program files (x86)/atmel/avr tools/avr toolchain/bin/../lib/gcc/avr/4.5.1/avr6\libgcc.a(_copy_data.o)
 .text.libgcc   0x00005508        0x0 c:/program files (x86)/atmel/avr tools/avr toolchain/bin/../lib/gcc/avr/4.5.1/avr6\libgcc.a(_clear_bss.o)
 .text.libgcc   0x00005508       0x38 c:/program files (x86)/atmel/avr tools/avr toolchain/bin/../lib/gcc/avr/4.5.1/avr6\libgcc.a(_prologue.o)
                0x00005508                __prologue_saves__
 .text.libgcc   0x00005540       0x36 c:/program files (x86)/atmel/avr tools/avr toolchain/bin/../lib/gcc/avr/4.5.1/avr6\libgcc.a(_epilogue.o)
                0x00005540                __epilogue_restores__
 .text.avr-libc
                0x00005576       0xbc c:/program files (x86)/atmel/avr tools/avr toolchain/bin/../lib/gcc/avr/4.5.1/../../../../avr/lib/avr6\libc.a(rand.o)
                0x0000560c                rand_r
                0x00005612                rand
                0x0000561c                srand
 .text.avr-libc.fplib
                0x00005632       0x74 c:/program files (x86)/atmel/avr tools/avr toolchain/bin/../lib/gcc/avr/4.5.1/../../../../avr/lib/avr6\libc.a(atan2.o)
                0x00005650                atan2
 .text.avr-libc.fplib
                0x000056a6       0x50 c:/program files (x86)/atmel/avr tools/avr toolchain/bin/../lib/gcc/avr/4.5.1/../../../../avr/lib/avr6\libc.a(atan.o)
                0x000056a6                atan
 .text.avr-libc.fplib
                0x000056f6       0xcc c:/program files (x86)/atmel/avr tools/avr toolchain/bin/../lib/gcc/avr/4.5.1/../../../../avr/lib/avr6\libc.a(divsf3x.o)
                0x0000570c                __divsf3x
                0x00005710                __divsf3_pse
 .text.avr-libc.fplib
                0x000057c2        0xc c:/program files (x86)/atmel/avr tools/avr toolchain/bin/../lib/gcc/avr/4.5.1/../../../../avr/lib/avr6\libc.a(fp_inf.o)
                0x000057c2                __fp_inf
 .text.avr-libc.fplib
                0x000057ce        0x6 c:/program files (x86)/atmel/avr tools/avr toolchain/bin/../lib/gcc/avr/4.5.1/../../../../avr/lib/avr6\libc.a(fp_nan.o)
                0x000057ce                __fp_nan
 .text.avr-libc.fplib
                0x000057d4       0x4a c:/program files (x86)/atmel/avr tools/avr toolchain/bin/../lib/gcc/avr/4.5.1/../../../../avr/lib/avr6\libc.a(fp_powser.o)
                0x000057d4                __fp_powser
 .text.avr-libc.fplib
                0x0000581e        0xe c:/program files (x86)/atmel/avr tools/avr toolchain/bin/../lib/gcc/avr/4.5.1/../../../../avr/lib/avr6\libc.a(fp_pscA.o)
                0x0000581e                __fp_pscA
 .text.avr-libc.fplib
                0x0000582c        0xe c:/program files (x86)/atmel/avr tools/avr toolchain/bin/../lib/gcc/avr/4.5.1/../../../../avr/lib/avr6\libc.a(fp_pscB.o)
                0x0000582c                __fp_pscB
 .text.avr-libc.fplib
                0x0000583a       0x22 c:/program files (x86)/atmel/avr tools/avr toolchain/bin/../lib/gcc/avr/4.5.1/../../../../avr/lib/avr6\libc.a(fp_round.o)
                0x0000583a                __fp_round
 .text.avr-libc.fplib
                0x0000585c       0x44 c:/program files (x86)/atmel/avr tools/avr toolchain/bin/../lib/gcc/avr/4.5.1/../../../../avr/lib/avr6\libc.a(fp_split3.o)
                0x0000585c                __fp_split3
                0x0000586c                __fp_splitA
 .text.avr-libc.fplib
                0x000058a0        0xe c:/program files (x86)/atmel/avr tools/avr toolchain/bin/../lib/gcc/avr/4.5.1/../../../../avr/lib/avr6\libc.a(fp_zero.o)
                0x000058a0                __fp_zero
                0x000058a2                __fp_szero
 .text.avr-libc.fplib
                0x000058ae        0xe c:/program files (x86)/atmel/avr tools/avr toolchain/bin/../lib/gcc/avr/4.5.1/../../../../avr/lib/avr6\libc.a(inverse.o)
                0x000058ae                inverse
 .text.avr-libc.fplib
                0x000058bc       0xc2 c:/program files (x86)/atmel/avr tools/avr toolchain/bin/../lib/gcc/avr/4.5.1/../../../../avr/lib/avr6\libc.a(mulsf3x.o)
                0x000058d0                __mulsf3x
                0x000058d4                __mulsf3_pse
 .text.avr-libc.fplib
                0x0000597e        0x6 c:/program files (x86)/atmel/avr tools/avr toolchain/bin/../lib/gcc/avr/4.5.1/../../../../avr/lib/avr6\libc.a(square.o)
                0x0000597e                square
 .text.avr-libc
                0x00005984        0xc c:/program files (x86)/atmel/avr tools/avr toolchain/bin/../lib/gcc/avr/4.5.1/../../../../avr/lib/avr6\libc.a(eerd_word_atmega2560.o)
                0x00005984                __eerd_word_m2560
 .text.avr-libc
                0x00005990        0xa c:/program files (x86)/atmel/avr tools/avr toolchain/bin/../lib/gcc/avr/4.5.1/../../../../avr/lib/avr6\libc.a(eewr_word_atmega2560.o)
                0x00005990                __eewr_word_m2560
 .text.avr-libc.fplib
                0x0000599a        0xa c:/program files (x86)/atmel/avr tools/avr toolchain/bin/../lib/gcc/avr/4.5.1/../../../../avr/lib/avr6\libc.a(addsf3.o)
                0x0000599a                __subsf3
                0x0000599c                __addsf3
 .text.avr-libc.fplib
                0x000059a4       0xc0 c:/program files (x86)/atmel/avr tools/avr toolchain/bin/../lib/gcc/avr/4.5.1/../../../../avr/lib/avr6\libc.a(addsf3x.o)
                0x000059be                __addsf3x
 .text.avr-libc.fplib
                0x00005a64        0x4 c:/program files (x86)/atmel/avr tools/avr toolchain/bin/../lib/gcc/avr/4.5.1/../../../../avr/lib/avr6\libc.a(divsf3.o)
                0x00005a64                __divsf3
 .text.avr-libc
                0x00005a68       0x20 c:/program files (x86)/atmel/avr tools/avr toolchain/bin/../lib/gcc/avr/4.5.1/../../../../avr/lib/avr6\libc.a(eerd_block_atmega2560.o)
                0x00005a68                __eerd_block_m2560
                0x00005a6c                __eerd_blraw_m2560
 .text.avr-libc
                0x00005a88       0x1c c:/program files (x86)/atmel/avr tools/avr toolchain/bin/../lib/gcc/avr/4.5.1/../../../../avr/lib/avr6\libc.a(eewr_byte_atmega2560.o)
                0x00005a88                __eewr_byte_m2560
                0x00005a8a                __eewr_r18_m2560
 .text.libgcc   0x00005aa4       0x36 c:/program files (x86)/atmel/avr tools/avr toolchain/bin/../lib/gcc/avr/4.5.1/avr6\libgcc.a(_divmodsi4.o)
                0x00005aa4                __divmodsi4
 .text.libgcc   0x00005ada       0x44 c:/program files (x86)/atmel/avr tools/avr toolchain/bin/../lib/gcc/avr/4.5.1/avr6\libgcc.a(_udivmodsi4.o)
                0x00005ada                __udivmodsi4
                0x00005b1e                . = ALIGN (0x2)
 *(.fini9)
 .fini9         0x00005b1e        0x0 c:/program files (x86)/atmel/avr tools/avr toolchain/bin/../lib/gcc/avr/4.5.1/avr6\libgcc.a(_exit.o)
                0x00005b1e                _exit
                0x00005b1e                exit
 *(.fini9)
 *(.fini8)
 *(.fini8)
 *(.fini7)
 *(.fini7)
 *(.fini6)
 *(.fini6)
 *(.fini5)
 *(.fini5)
 *(.fini4)
 *(.fini4)
 *(.fini3)
 *(.fini3)
 *(.fini2)
 *(.fini2)
 *(.fini1)
 *(.fini1)
 *(.fini0)
 .fini0         0x00005b1e        0x2 c:/program files (x86)/atmel/avr tools/avr toolchain/bin/../lib/gcc/avr/4.5.1/avr6\libgcc.a(_exit.o)
 *(.fini0)
                0x00005b20                _etext = .

.data           0x00800200      0x124 load address 0x00005b20
                0x00800200                PROVIDE (__data_start, .)
 *(.data)
 .data          0x00800200        0x0 c:/program files (x86)/atmel/avr tools/avr toolchain/bin/../lib/gcc/avr/4.5.1/../../../../avr/lib/avr6/crtm2560.o
 .data          0x00800200        0x0 main.o
 .data          0x00800200        0x0 spi.o
 .data          0x00800200        0x0 mirf.o
 .data          0x00800200        0x3 ir_remote_control.o
                0x00800200                check
 .data          0x00800203        0x0 speed_control.o
 .data          0x00800203       0x15 variables.o
                0x00800203                k_ff_speed_control_left
                0x00800205                k_ff_speed_control_right
                0x00800207                compute_left_vel
                0x00800208                compute_right_vel
                0x00800209                firstSampleRight
                0x0080020a                firstSampleLeft
                0x0080020b                packetId
                0x0080020c                pwm_red
                0x0080020d                pwm_green
                0x0080020e                pwm_blue
                0x0080020f                peripheralChoice
                0x00800210                choosePeripheral
                0x00800211                chooseMenu
                0x00800212                irEnabled
                0x00800213                checkGlitch
                0x00800214                accelAddress
                0x00800215                prevPosition
                0x00800216                currPosition
                0x00800217                robotPosition
 .data          0x00800218        0x0 ports_io.o
 .data          0x00800218        0x0 twimaster.o
 .data          0x00800218        0x0 usart.o
 .data          0x00800218        0x0 utility.o
 .data          0x00800218        0x0 adc.o
 .data          0x00800218        0x0 motors.o
 .data          0x00800218        0x0 behaviors.o
 .data          0x00800218        0x0 leds.o
 .data          0x00800218        0x0 sensors.o
 .data          0x00800218        0x0 c:/program files (x86)/atmel/avr tools/avr toolchain/bin/../lib/gcc/avr/4.5.1/avr6\libgcc.a(_mulsi3.o)
 .data          0x00800218        0x0 c:/program files (x86)/atmel/avr tools/avr toolchain/bin/../lib/gcc/avr/4.5.1/avr6\libgcc.a(_udivmodhi4.o)
 .data          0x00800218        0x0 c:/program files (x86)/atmel/avr tools/avr toolchain/bin/../lib/gcc/avr/4.5.1/avr6\libgcc.a(_divmodhi4.o)
 .data          0x00800218        0x0 c:/program files (x86)/atmel/avr tools/avr toolchain/bin/../lib/gcc/avr/4.5.1/avr6\libgcc.a(_exit.o)
 .data          0x00800218        0x0 c:/program files (x86)/atmel/avr tools/avr toolchain/bin/../lib/gcc/avr/4.5.1/avr6\libgcc.a(_copy_data.o)
 .data          0x00800218        0x0 c:/program files (x86)/atmel/avr tools/avr toolchain/bin/../lib/gcc/avr/4.5.1/avr6\libgcc.a(_clear_bss.o)
 .data          0x00800218        0x0 c:/program files (x86)/atmel/avr tools/avr toolchain/bin/../lib/gcc/avr/4.5.1/avr6\libgcc.a(_mul_sf.o)
 .data          0x00800218        0x0 c:/program files (x86)/atmel/avr tools/avr toolchain/bin/../lib/gcc/avr/4.5.1/avr6\libgcc.a(_si_to_sf.o)
 .data          0x00800218        0x0 c:/program files (x86)/atmel/avr tools/avr toolchain/bin/../lib/gcc/avr/4.5.1/avr6\libgcc.a(_sf_to_si.o)
 .data          0x00800218        0x8 c:/program files (x86)/atmel/avr tools/avr toolchain/bin/../lib/gcc/avr/4.5.1/avr6\libgcc.a(_thenan_sf.o)
                0x00800218                __thenan_sf
 .data          0x00800220        0x0 c:/program files (x86)/atmel/avr tools/avr toolchain/bin/../lib/gcc/avr/4.5.1/avr6\libgcc.a(_prologue.o)
 .data          0x00800220        0x0 c:/program files (x86)/atmel/avr tools/avr toolchain/bin/../lib/gcc/avr/4.5.1/avr6\libgcc.a(_epilogue.o)
 .data          0x00800220        0x0 c:/program files (x86)/atmel/avr tools/avr toolchain/bin/../lib/gcc/avr/4.5.1/avr6\libgcc.a(_clzsi2.o)
 .data          0x00800220        0x0 c:/program files (x86)/atmel/avr tools/avr toolchain/bin/../lib/gcc/avr/4.5.1/avr6\libgcc.a(_pack_sf.o)
 .data          0x00800220        0x0 c:/program files (x86)/atmel/avr tools/avr toolchain/bin/../lib/gcc/avr/4.5.1/avr6\libgcc.a(_unpack_sf.o)
 .data          0x00800220      0x100 c:/program files (x86)/atmel/avr tools/avr toolchain/bin/../lib/gcc/avr/4.5.1/avr6\libgcc.a(_clz.o)
                0x00800220                __clz_tab
 .data          0x00800320        0x4 c:/program files (x86)/atmel/avr tools/avr toolchain/bin/../lib/gcc/avr/4.5.1/../../../../avr/lib/avr6\libc.a(rand.o)
 .data          0x00800324        0x0 c:/program files (x86)/atmel/avr tools/avr toolchain/bin/../lib/gcc/avr/4.5.1/../../../../avr/lib/avr6\libc.a(atan2.o)
 .data          0x00800324        0x0 c:/program files (x86)/atmel/avr tools/avr toolchain/bin/../lib/gcc/avr/4.5.1/../../../../avr/lib/avr6\libc.a(atan.o)
 .data          0x00800324        0x0 c:/program files (x86)/atmel/avr tools/avr toolchain/bin/../lib/gcc/avr/4.5.1/../../../../avr/lib/avr6\libc.a(divsf3x.o)
 .data          0x00800324        0x0 c:/program files (x86)/atmel/avr tools/avr toolchain/bin/../lib/gcc/avr/4.5.1/../../../../avr/lib/avr6\libc.a(fp_inf.o)
 .data          0x00800324        0x0 c:/program files (x86)/atmel/avr tools/avr toolchain/bin/../lib/gcc/avr/4.5.1/../../../../avr/lib/avr6\libc.a(fp_nan.o)
 .data          0x00800324        0x0 c:/program files (x86)/atmel/avr tools/avr toolchain/bin/../lib/gcc/avr/4.5.1/../../../../avr/lib/avr6\libc.a(fp_powser.o)
 .data          0x00800324        0x0 c:/program files (x86)/atmel/avr tools/avr toolchain/bin/../lib/gcc/avr/4.5.1/../../../../avr/lib/avr6\libc.a(fp_pscA.o)
 .data          0x00800324        0x0 c:/program files (x86)/atmel/avr tools/avr toolchain/bin/../lib/gcc/avr/4.5.1/../../../../avr/lib/avr6\libc.a(fp_pscB.o)
 .data          0x00800324        0x0 c:/program files (x86)/atmel/avr tools/avr toolchain/bin/../lib/gcc/avr/4.5.1/../../../../avr/lib/avr6\libc.a(fp_round.o)
 .data          0x00800324        0x0 c:/program files (x86)/atmel/avr tools/avr toolchain/bin/../lib/gcc/avr/4.5.1/../../../../avr/lib/avr6\libc.a(fp_split3.o)
 .data          0x00800324        0x0 c:/program files (x86)/atmel/avr tools/avr toolchain/bin/../lib/gcc/avr/4.5.1/../../../../avr/lib/avr6\libc.a(fp_zero.o)
 .data          0x00800324        0x0 c:/program files (x86)/atmel/avr tools/avr toolchain/bin/../lib/gcc/avr/4.5.1/../../../../avr/lib/avr6\libc.a(inverse.o)
 .data          0x00800324        0x0 c:/program files (x86)/atmel/avr tools/avr toolchain/bin/../lib/gcc/avr/4.5.1/../../../../avr/lib/avr6\libc.a(mulsf3x.o)
 .data          0x00800324        0x0 c:/program files (x86)/atmel/avr tools/avr toolchain/bin/../lib/gcc/avr/4.5.1/../../../../avr/lib/avr6\libc.a(square.o)
 .data          0x00800324        0x0 c:/program files (x86)/atmel/avr tools/avr toolchain/bin/../lib/gcc/avr/4.5.1/../../../../avr/lib/avr6\libc.a(eerd_word_atmega2560.o)
 .data          0x00800324        0x0 c:/program files (x86)/atmel/avr tools/avr toolchain/bin/../lib/gcc/avr/4.5.1/../../../../avr/lib/avr6\libc.a(eewr_word_atmega2560.o)
 .data          0x00800324        0x0 c:/program files (x86)/atmel/avr tools/avr toolchain/bin/../lib/gcc/avr/4.5.1/../../../../avr/lib/avr6\libc.a(addsf3.o)
 .data          0x00800324        0x0 c:/program files (x86)/atmel/avr tools/avr toolchain/bin/../lib/gcc/avr/4.5.1/../../../../avr/lib/avr6\libc.a(addsf3x.o)
 .data          0x00800324        0x0 c:/program files (x86)/atmel/avr tools/avr toolchain/bin/../lib/gcc/avr/4.5.1/../../../../avr/lib/avr6\libc.a(divsf3.o)
 .data          0x00800324        0x0 c:/program files (x86)/atmel/avr tools/avr toolchain/bin/../lib/gcc/avr/4.5.1/../../../../avr/lib/avr6\libc.a(eerd_block_atmega2560.o)
 .data          0x00800324        0x0 c:/program files (x86)/atmel/avr tools/avr toolchain/bin/../lib/gcc/avr/4.5.1/../../../../avr/lib/avr6\libc.a(eewr_byte_atmega2560.o)
 .data          0x00800324        0x0 c:/program files (x86)/atmel/avr tools/avr toolchain/bin/../lib/gcc/avr/4.5.1/avr6\libgcc.a(_divmodsi4.o)
 .data          0x00800324        0x0 c:/program files (x86)/atmel/avr tools/avr toolchain/bin/../lib/gcc/avr/4.5.1/avr6\libgcc.a(_udivmodsi4.o)
 *(.data*)
 *(.rodata)
 *(.rodata*)
 *(.gnu.linkonce.d*)
                0x00800324                . = ALIGN (0x2)
                0x00800324                _edata = .
                0x00800324                PROVIDE (__data_end, .)

.bss            0x00800324      0x253
                0x00800324                PROVIDE (__bss_start, .)
 *(.bss)
 .bss           0x00800324        0x0 c:/program files (x86)/atmel/avr tools/avr toolchain/bin/../lib/gcc/avr/4.5.1/../../../../avr/lib/avr6/crtm2560.o
 .bss           0x00800324        0x0 main.o
 .bss           0x00800324        0x0 spi.o
 .bss           0x00800324        0x0 mirf.o
 .bss           0x00800324        0x5 ir_remote_control.o
                0x00800324                address
                0x00800325                data_ir
 .bss           0x00800329        0x0 speed_control.o
 .bss           0x00800329      0x221 variables.o
                0x00800329                currentAdChannel
                0x0080032a                currentProx
                0x0080032b                currentMotLeftChannel
                0x0080032c                currentMotRightChannel
                0x0080032d                rightMotorPhase
                0x0080032e                leftMotorPhase
                0x0080032f                proximityValue
                0x0080035f                proximityResult
                0x00800377                proximityOffset
                0x0080038f                proximitySum
                0x008003bf                adcSaveDataTo
                0x008003c0                adcSamplingState
                0x008003c1                rightChannelPhase
                0x008003c2                leftChannelPhase
                0x008003c3                batteryLevel
                0x008003c5                measBattery
                0x008003c6                proxUpdated
                0x008003c7                proximityResultLinear
                0x008003d7                left_current_avg
                0x008003d9                right_current_avg
                0x008003db                last_left_current
                0x008003dd                last_right_current
                0x008003df                pwm_right_desired_to_control
                0x008003e1                pwm_left_desired_to_control
                0x008003e3                left_vel_sum
                0x008003e5                right_vel_sum
                0x008003e7                last_left_vel
                0x008003e9                last_right_vel
                0x008003eb                pwm_right
                0x008003ed                pwm_left
                0x008003ef                pwm_right_desired
                0x008003f1                pwm_left_desired
                0x008003f3                pwm_right_speed_controller
                0x008003f5                pwm_left_speed_controller
                0x008003f7                delta_left_speed_sum
                0x008003f9                delta_right_speed_sum
                0x008003fb                pwm_right_working
                0x008003fd                pwm_left_working
                0x008003ff                speedl
                0x00800401                speedr
                0x00800403                rfAddress
                0x00800405                rfFlags
                0x00800406                spiCommError
                0x00800407                blinkState
                0x00800408                rgbState
                0x00800409                sendAdcValues
                0x0080040a                commError
                0x0080040b                byteCount
                0x0080040d                uartBuff
                0x0080050d                nextByteIndex
                0x0080050e                currByteIndex
                0x0080050f                menuChoice
                0x00800510                addressReceived
                0x00800511                menuState
                0x00800512                getDataNow
                0x00800513                irCommand
                0x00800514                command_received
                0x00800515                colorState
                0x00800516                behaviorState
                0x00800517                useAccel
                0x00800518                accX
                0x0080051a                accY
                0x0080051c                accZ
                0x0080051e                accOffsetX
                0x00800520                accOffsetY
                0x00800522                accOffsetZ
                0x00800524                accOffsetXSum
                0x00800526                accOffsetYSum
                0x00800528                accOffsetZSum
                0x0080052a                currentAngle
                0x0080052c                timesInSamePos
                0x0080052d                accBuff
                0x00800533                clockTick
                0x00800537                currentSelector
                0x00800538                calibrationCycle
                0x0080053a                hardwareRevision
                0x0080053b                demoState
                0x0080053c                lineFound
                0x0080053d                outOfLine
                0x0080053e                chargeContact
                0x0080053f                demoStartTime
                0x00800543                demoEndTime
                0x00800547                obstacleAvoidanceEnabled
                0x00800548                cliffAvoidanceEnabled
                0x00800549                cliffDetectedFlag
 .bss           0x0080054a        0x0 ports_io.o
 .bss           0x0080054a        0x0 twimaster.o
 .bss           0x0080054a        0x0 usart.o
 .bss           0x0080054a        0x0 utility.o
 .bss           0x0080054a        0x0 adc.o
 .bss           0x0080054a        0x0 motors.o
 .bss           0x0080054a        0x0 behaviors.o
 .bss           0x0080054a        0x0 leds.o
 .bss           0x0080054a        0x0 sensors.o
 .bss           0x0080054a        0x0 c:/program files (x86)/atmel/avr tools/avr toolchain/bin/../lib/gcc/avr/4.5.1/avr6\libgcc.a(_mulsi3.o)
 .bss           0x0080054a        0x0 c:/program files (x86)/atmel/avr tools/avr toolchain/bin/../lib/gcc/avr/4.5.1/avr6\libgcc.a(_udivmodhi4.o)
 .bss           0x0080054a        0x0 c:/program files (x86)/atmel/avr tools/avr toolchain/bin/../lib/gcc/avr/4.5.1/avr6\libgcc.a(_divmodhi4.o)
 .bss           0x0080054a        0x0 c:/program files (x86)/atmel/avr tools/avr toolchain/bin/../lib/gcc/avr/4.5.1/avr6\libgcc.a(_exit.o)
 .bss           0x0080054a        0x0 c:/program files (x86)/atmel/avr tools/avr toolchain/bin/../lib/gcc/avr/4.5.1/avr6\libgcc.a(_copy_data.o)
 .bss           0x0080054a        0x0 c:/program files (x86)/atmel/avr tools/avr toolchain/bin/../lib/gcc/avr/4.5.1/avr6\libgcc.a(_clear_bss.o)
 .bss           0x0080054a        0x0 c:/program files (x86)/atmel/avr tools/avr toolchain/bin/../lib/gcc/avr/4.5.1/avr6\libgcc.a(_mul_sf.o)
 .bss           0x0080054a        0x0 c:/program files (x86)/atmel/avr tools/avr toolchain/bin/../lib/gcc/avr/4.5.1/avr6\libgcc.a(_si_to_sf.o)
 .bss           0x0080054a        0x0 c:/program files (x86)/atmel/avr tools/avr toolchain/bin/../lib/gcc/avr/4.5.1/avr6\libgcc.a(_sf_to_si.o)
 .bss           0x0080054a        0x0 c:/program files (x86)/atmel/avr tools/avr toolchain/bin/../lib/gcc/avr/4.5.1/avr6\libgcc.a(_thenan_sf.o)
 .bss           0x0080054a        0x0 c:/program files (x86)/atmel/avr tools/avr toolchain/bin/../lib/gcc/avr/4.5.1/avr6\libgcc.a(_prologue.o)
 .bss           0x0080054a        0x0 c:/program files (x86)/atmel/avr tools/avr toolchain/bin/../lib/gcc/avr/4.5.1/avr6\libgcc.a(_epilogue.o)
 .bss           0x0080054a        0x0 c:/program files (x86)/atmel/avr tools/avr toolchain/bin/../lib/gcc/avr/4.5.1/avr6\libgcc.a(_clzsi2.o)
 .bss           0x0080054a        0x0 c:/program files (x86)/atmel/avr tools/avr toolchain/bin/../lib/gcc/avr/4.5.1/avr6\libgcc.a(_pack_sf.o)
 .bss           0x0080054a        0x0 c:/program files (x86)/atmel/avr tools/avr toolchain/bin/../lib/gcc/avr/4.5.1/avr6\libgcc.a(_unpack_sf.o)
 .bss           0x0080054a        0x0 c:/program files (x86)/atmel/avr tools/avr toolchain/bin/../lib/gcc/avr/4.5.1/avr6\libgcc.a(_clz.o)
 .bss           0x0080054a        0x0 c:/program files (x86)/atmel/avr tools/avr toolchain/bin/../lib/gcc/avr/4.5.1/../../../../avr/lib/avr6\libc.a(rand.o)
 .bss           0x0080054a        0x0 c:/program files (x86)/atmel/avr tools/avr toolchain/bin/../lib/gcc/avr/4.5.1/../../../../avr/lib/avr6\libc.a(atan2.o)
 .bss           0x0080054a        0x0 c:/program files (x86)/atmel/avr tools/avr toolchain/bin/../lib/gcc/avr/4.5.1/../../../../avr/lib/avr6\libc.a(atan.o)
 .bss           0x0080054a        0x0 c:/program files (x86)/atmel/avr tools/avr toolchain/bin/../lib/gcc/avr/4.5.1/../../../../avr/lib/avr6\libc.a(divsf3x.o)
 .bss           0x0080054a        0x0 c:/program files (x86)/atmel/avr tools/avr toolchain/bin/../lib/gcc/avr/4.5.1/../../../../avr/lib/avr6\libc.a(fp_inf.o)
 .bss           0x0080054a        0x0 c:/program files (x86)/atmel/avr tools/avr toolchain/bin/../lib/gcc/avr/4.5.1/../../../../avr/lib/avr6\libc.a(fp_nan.o)
 .bss           0x0080054a        0x0 c:/program files (x86)/atmel/avr tools/avr toolchain/bin/../lib/gcc/avr/4.5.1/../../../../avr/lib/avr6\libc.a(fp_powser.o)
 .bss           0x0080054a        0x0 c:/program files (x86)/atmel/avr tools/avr toolchain/bin/../lib/gcc/avr/4.5.1/../../../../avr/lib/avr6\libc.a(fp_pscA.o)
 .bss           0x0080054a        0x0 c:/program files (x86)/atmel/avr tools/avr toolchain/bin/../lib/gcc/avr/4.5.1/../../../../avr/lib/avr6\libc.a(fp_pscB.o)
 .bss           0x0080054a        0x0 c:/program files (x86)/atmel/avr tools/avr toolchain/bin/../lib/gcc/avr/4.5.1/../../../../avr/lib/avr6\libc.a(fp_round.o)
 .bss           0x0080054a        0x0 c:/program files (x86)/atmel/avr tools/avr toolchain/bin/../lib/gcc/avr/4.5.1/../../../../avr/lib/avr6\libc.a(fp_split3.o)
 .bss           0x0080054a        0x0 c:/program files (x86)/atmel/avr tools/avr toolchain/bin/../lib/gcc/avr/4.5.1/../../../../avr/lib/avr6\libc.a(fp_zero.o)
 .bss           0x0080054a        0x0 c:/program files (x86)/atmel/avr tools/avr toolchain/bin/../lib/gcc/avr/4.5.1/../../../../avr/lib/avr6\libc.a(inverse.o)
 .bss           0x0080054a        0x0 c:/program files (x86)/atmel/avr tools/avr toolchain/bin/../lib/gcc/avr/4.5.1/../../../../avr/lib/avr6\libc.a(mulsf3x.o)
 .bss           0x0080054a        0x0 c:/program files (x86)/atmel/avr tools/avr toolchain/bin/../lib/gcc/avr/4.5.1/../../../../avr/lib/avr6\libc.a(square.o)
 .bss           0x0080054a        0x0 c:/program files (x86)/atmel/avr tools/avr toolchain/bin/../lib/gcc/avr/4.5.1/../../../../avr/lib/avr6\libc.a(eerd_word_atmega2560.o)
 .bss           0x0080054a        0x0 c:/program files (x86)/atmel/avr tools/avr toolchain/bin/../lib/gcc/avr/4.5.1/../../../../avr/lib/avr6\libc.a(eewr_word_atmega2560.o)
 .bss           0x0080054a        0x0 c:/program files (x86)/atmel/avr tools/avr toolchain/bin/../lib/gcc/avr/4.5.1/../../../../avr/lib/avr6\libc.a(addsf3.o)
 .bss           0x0080054a        0x0 c:/program files (x86)/atmel/avr tools/avr toolchain/bin/../lib/gcc/avr/4.5.1/../../../../avr/lib/avr6\libc.a(addsf3x.o)
 .bss           0x0080054a        0x0 c:/program files (x86)/atmel/avr tools/avr toolchain/bin/../lib/gcc/avr/4.5.1/../../../../avr/lib/avr6\libc.a(divsf3.o)
 .bss           0x0080054a        0x0 c:/program files (x86)/atmel/avr tools/avr toolchain/bin/../lib/gcc/avr/4.5.1/../../../../avr/lib/avr6\libc.a(eerd_block_atmega2560.o)
 .bss           0x0080054a        0x0 c:/program files (x86)/atmel/avr tools/avr toolchain/bin/../lib/gcc/avr/4.5.1/../../../../avr/lib/avr6\libc.a(eewr_byte_atmega2560.o)
 .bss           0x0080054a        0x0 c:/program files (x86)/atmel/avr tools/avr toolchain/bin/../lib/gcc/avr/4.5.1/avr6\libgcc.a(_divmodsi4.o)
 .bss           0x0080054a        0x0 c:/program files (x86)/atmel/avr tools/avr toolchain/bin/../lib/gcc/avr/4.5.1/avr6\libgcc.a(_udivmodsi4.o)
 *(.bss*)
 *(COMMON)
 COMMON         0x0080054a        0x1 mirf.o
                0x0080054a                PTX
 COMMON         0x0080054b       0x2c variables.o
                0x0080054b                delta_left_speed_current
                0x0080054d                delta_right_speed_prev
                0x0080054f                ackPayload
                0x0080055f                dataLED
                0x00800565                delta_left_speed_prev
                0x00800567                rfData
                0x00800574                delta_right_speed_current
                0x00800576                startCalibration
                0x00800577                PROVIDE (__bss_end, .)
                0x00005b20                __data_load_start = LOADADDR (.data)
                0x00005c44                __data_load_end = (__data_load_start + SIZEOF (.data))

.noinit         0x00800577        0x0
                0x00800577                PROVIDE (__noinit_start, .)
 *(.noinit*)
                0x00800577                PROVIDE (__noinit_end, .)
                0x00800577                _end = .
                0x00800577                PROVIDE (__heap_start, .)

.eeprom         0x00810000        0x0
 *(.eeprom*)
                0x00810000                __eeprom_end = .

.fuse
 *(.fuse)
 *(.lfuse)
 *(.hfuse)
 *(.efuse)

.lock
 *(.lock*)

.signature
 *(.signature*)

.stab           0x00000000     0x25ec
 *(.stab)
 .stab          0x00000000      0x6e4 c:/program files (x86)/atmel/avr tools/avr toolchain/bin/../lib/gcc/avr/4.5.1/../../../../avr/lib/avr6/crtm2560.o
 .stab          0x000006e4      0x2f4 c:/program files (x86)/atmel/avr tools/avr toolchain/bin/../lib/gcc/avr/4.5.1/../../../../avr/lib/avr6\libc.a(atan2.o)
                                0x300 (size before relaxing)
 .stab          0x000009d8      0x210 c:/program files (x86)/atmel/avr tools/avr toolchain/bin/../lib/gcc/avr/4.5.1/../../../../avr/lib/avr6\libc.a(atan.o)
                                0x21c (size before relaxing)
 .stab          0x00000be8      0x510 c:/program files (x86)/atmel/avr tools/avr toolchain/bin/../lib/gcc/avr/4.5.1/../../../../avr/lib/avr6\libc.a(divsf3x.o)
                                0x51c (size before relaxing)
 .stab          0x000010f8       0x78 c:/program files (x86)/atmel/avr tools/avr toolchain/bin/../lib/gcc/avr/4.5.1/../../../../avr/lib/avr6\libc.a(fp_inf.o)
                                 0x84 (size before relaxing)
 .stab          0x00001170       0x54 c:/program files (x86)/atmel/avr tools/avr toolchain/bin/../lib/gcc/avr/4.5.1/../../../../avr/lib/avr6\libc.a(fp_nan.o)
                                 0x60 (size before relaxing)
 .stab          0x000011c4      0x1ec c:/program files (x86)/atmel/avr tools/avr toolchain/bin/../lib/gcc/avr/4.5.1/../../../../avr/lib/avr6\libc.a(fp_powser.o)
                                0x1f8 (size before relaxing)
 .stab          0x000013b0       0x84 c:/program files (x86)/atmel/avr tools/avr toolchain/bin/../lib/gcc/avr/4.5.1/../../../../avr/lib/avr6\libc.a(fp_pscA.o)
                                 0x90 (size before relaxing)
 .stab          0x00001434       0x84 c:/program files (x86)/atmel/avr tools/avr toolchain/bin/../lib/gcc/avr/4.5.1/../../../../avr/lib/avr6\libc.a(fp_pscB.o)
                                 0x90 (size before relaxing)
 .stab          0x000014b8       0xfc c:/program files (x86)/atmel/avr tools/avr toolchain/bin/../lib/gcc/avr/4.5.1/../../../../avr/lib/avr6\libc.a(fp_round.o)
                                0x108 (size before relaxing)
 .stab          0x000015b4      0x1d4 c:/program files (x86)/atmel/avr tools/avr toolchain/bin/../lib/gcc/avr/4.5.1/../../../../avr/lib/avr6\libc.a(fp_split3.o)
                                0x1e0 (size before relaxing)
 .stab          0x00001788       0x90 c:/program files (x86)/atmel/avr tools/avr toolchain/bin/../lib/gcc/avr/4.5.1/../../../../avr/lib/avr6\libc.a(fp_zero.o)
                                 0x9c (size before relaxing)
 .stab          0x00001818       0x84 c:/program files (x86)/atmel/avr tools/avr toolchain/bin/../lib/gcc/avr/4.5.1/../../../../avr/lib/avr6\libc.a(inverse.o)
                                 0x90 (size before relaxing)
 .stab          0x0000189c      0x4d4 c:/program files (x86)/atmel/avr tools/avr toolchain/bin/../lib/gcc/avr/4.5.1/../../../../avr/lib/avr6\libc.a(mulsf3x.o)
                                0x4e0 (size before relaxing)
 .stab          0x00001d70       0x54 c:/program files (x86)/atmel/avr tools/avr toolchain/bin/../lib/gcc/avr/4.5.1/../../../../avr/lib/avr6\libc.a(square.o)
                                 0x60 (size before relaxing)
 .stab          0x00001dc4       0x6c c:/program files (x86)/atmel/avr tools/avr toolchain/bin/../lib/gcc/avr/4.5.1/../../../../avr/lib/avr6\libc.a(eerd_word_atmega2560.o)
                                 0x78 (size before relaxing)
 .stab          0x00001e30       0x54 c:/program files (x86)/atmel/avr tools/avr toolchain/bin/../lib/gcc/avr/4.5.1/../../../../avr/lib/avr6\libc.a(eewr_word_atmega2560.o)
                                 0x60 (size before relaxing)
 .stab          0x00001e84       0x78 c:/program files (x86)/atmel/avr tools/avr toolchain/bin/../lib/gcc/avr/4.5.1/../../../../avr/lib/avr6\libc.a(addsf3.o)
                                 0x84 (size before relaxing)
 .stab          0x00001efc      0x4bc c:/program files (x86)/atmel/avr tools/avr toolchain/bin/../lib/gcc/avr/4.5.1/../../../../avr/lib/avr6\libc.a(addsf3x.o)
                                0x4c8 (size before relaxing)
 .stab          0x000023b8       0x48 c:/program files (x86)/atmel/avr tools/avr toolchain/bin/../lib/gcc/avr/4.5.1/../../../../avr/lib/avr6\libc.a(divsf3.o)
                                 0x54 (size before relaxing)
 .stab          0x00002400      0x108 c:/program files (x86)/atmel/avr tools/avr toolchain/bin/../lib/gcc/avr/4.5.1/../../../../avr/lib/avr6\libc.a(eerd_block_atmega2560.o)
                                0x114 (size before relaxing)
 .stab          0x00002508       0xe4 c:/program files (x86)/atmel/avr tools/avr toolchain/bin/../lib/gcc/avr/4.5.1/../../../../avr/lib/avr6\libc.a(eewr_byte_atmega2560.o)
                                 0xf0 (size before relaxing)

.stabstr        0x00000000      0x88f
 *(.stabstr)
 .stabstr       0x00000000      0x88f c:/program files (x86)/atmel/avr tools/avr toolchain/bin/../lib/gcc/avr/4.5.1/../../../../avr/lib/avr6/crtm2560.o

.stab.excl
 *(.stab.excl)

.stab.exclstr
 *(.stab.exclstr)

.stab.index
 *(.stab.index)

.stab.indexstr
 *(.stab.indexstr)

.comment
 *(.comment)

.debug
 *(.debug)

.line
 *(.line)

.debug_srcinfo
 *(.debug_srcinfo)

.debug_sfnames
 *(.debug_sfnames)

.debug_aranges  0x00000000      0x2b8
 *(.debug_aranges)
 .debug_aranges
                0x00000000       0x20 main.o
 .debug_aranges
                0x00000020       0x20 spi.o
 .debug_aranges
                0x00000040       0x20 mirf.o
 .debug_aranges
                0x00000060       0x20 ir_remote_control.o
 .debug_aranges
                0x00000080       0x20 speed_control.o
 .debug_aranges
                0x000000a0       0x20 ports_io.o
 .debug_aranges
                0x000000c0       0x20 twimaster.o
 .debug_aranges
                0x000000e0       0x20 usart.o
 .debug_aranges
                0x00000100       0x20 utility.o
 .debug_aranges
                0x00000120       0x20 adc.o
 .debug_aranges
                0x00000140       0x20 motors.o
 .debug_aranges
                0x00000160       0x20 behaviors.o
 .debug_aranges
                0x00000180       0x20 leds.o
 .debug_aranges
                0x000001a0       0x20 sensors.o
 .debug_aranges
                0x000001c0       0x20 c:/program files (x86)/atmel/avr tools/avr toolchain/bin/../lib/gcc/avr/4.5.1/avr6\libgcc.a(_mul_sf.o)
 .debug_aranges
                0x000001e0       0x20 c:/program files (x86)/atmel/avr tools/avr toolchain/bin/../lib/gcc/avr/4.5.1/avr6\libgcc.a(_si_to_sf.o)
 .debug_aranges
                0x00000200       0x20 c:/program files (x86)/atmel/avr tools/avr toolchain/bin/../lib/gcc/avr/4.5.1/avr6\libgcc.a(_sf_to_si.o)
 .debug_aranges
                0x00000220       0x20 c:/program files (x86)/atmel/avr tools/avr toolchain/bin/../lib/gcc/avr/4.5.1/avr6\libgcc.a(_clzsi2.o)
 .debug_aranges
                0x00000240       0x20 c:/program files (x86)/atmel/avr tools/avr toolchain/bin/../lib/gcc/avr/4.5.1/avr6\libgcc.a(_pack_sf.o)
 .debug_aranges
                0x00000260       0x20 c:/program files (x86)/atmel/avr tools/avr toolchain/bin/../lib/gcc/avr/4.5.1/avr6\libgcc.a(_unpack_sf.o)
 .debug_aranges
                0x00000280       0x38 c:/program files (x86)/atmel/avr tools/avr toolchain/bin/../lib/gcc/avr/4.5.1/../../../../avr/lib/avr6\libc.a(rand.o)

.debug_pubnames
                0x00000000     0x11d3
 *(.debug_pubnames)
 .debug_pubnames
                0x00000000       0x1b main.o
 .debug_pubnames
                0x0000001b       0x77 spi.o
 .debug_pubnames
                0x00000092      0x13a mirf.o
 .debug_pubnames
                0x000001cc       0xd3 ir_remote_control.o
 .debug_pubnames
                0x0000029f       0xc7 speed_control.o
 .debug_pubnames
                0x00000366      0x838 variables.o
 .debug_pubnames
                0x00000b9e       0x22 ports_io.o
 .debug_pubnames
                0x00000bc0       0x9b twimaster.o
 .debug_pubnames
                0x00000c5b       0xa2 usart.o
 .debug_pubnames
                0x00000cfd       0x7c utility.o
 .debug_pubnames
                0x00000d79       0x2e adc.o
 .debug_pubnames
                0x00000da7       0xe9 motors.o
 .debug_pubnames
                0x00000e90       0xb8 behaviors.o
 .debug_pubnames
                0x00000f48       0xa3 leds.o
 .debug_pubnames
                0x00000feb       0xb6 sensors.o
 .debug_pubnames
                0x000010a1       0x1f c:/program files (x86)/atmel/avr tools/avr toolchain/bin/../lib/gcc/avr/4.5.1/avr6\libgcc.a(_mul_sf.o)
 .debug_pubnames
                0x000010c0       0x22 c:/program files (x86)/atmel/avr tools/avr toolchain/bin/../lib/gcc/avr/4.5.1/avr6\libgcc.a(_si_to_sf.o)
 .debug_pubnames
                0x000010e2       0x20 c:/program files (x86)/atmel/avr tools/avr toolchain/bin/../lib/gcc/avr/4.5.1/avr6\libgcc.a(_sf_to_si.o)
 .debug_pubnames
                0x00001102       0x22 c:/program files (x86)/atmel/avr tools/avr toolchain/bin/../lib/gcc/avr/4.5.1/avr6\libgcc.a(_thenan_sf.o)
 .debug_pubnames
                0x00001124       0x1f c:/program files (x86)/atmel/avr tools/avr toolchain/bin/../lib/gcc/avr/4.5.1/avr6\libgcc.a(_clzsi2.o)
 .debug_pubnames
                0x00001143       0x1f c:/program files (x86)/atmel/avr tools/avr toolchain/bin/../lib/gcc/avr/4.5.1/avr6\libgcc.a(_pack_sf.o)
 .debug_pubnames
                0x00001162       0x21 c:/program files (x86)/atmel/avr tools/avr toolchain/bin/../lib/gcc/avr/4.5.1/avr6\libgcc.a(_unpack_sf.o)
 .debug_pubnames
                0x00001183       0x20 c:/program files (x86)/atmel/avr tools/avr toolchain/bin/../lib/gcc/avr/4.5.1/avr6\libgcc.a(_clz.o)
 .debug_pubnames
                0x000011a3       0x30 c:/program files (x86)/atmel/avr tools/avr toolchain/bin/../lib/gcc/avr/4.5.1/../../../../avr/lib/avr6\libc.a(rand.o)

.debug_info     0x00000000     0x48df
 *(.debug_info)
 .debug_info    0x00000000      0x353 main.o
 .debug_info    0x00000353      0x21c spi.o
 .debug_info    0x0000056f      0x9d5 mirf.o
 .debug_info    0x00000f44      0x3a6 ir_remote_control.o
 .debug_info    0x000012ea      0x26e speed_control.o
 .debug_info    0x00001558      0x8d8 variables.o
 .debug_info    0x00001e30       0x98 ports_io.o
 .debug_info    0x00001ec8      0x1fc twimaster.o
 .debug_info    0x000020c4      0x24e usart.o
 .debug_info    0x00002312      0x254 utility.o
 .debug_info    0x00002566      0x417 adc.o
 .debug_info    0x0000297d      0x443 motors.o
 .debug_info    0x00002dc0      0x20a behaviors.o
 .debug_info    0x00002fca      0x1dd leds.o
 .debug_info    0x000031a7      0x525 sensors.o
 .debug_info    0x000036cc      0x429 c:/program files (x86)/atmel/avr tools/avr toolchain/bin/../lib/gcc/avr/4.5.1/avr6\libgcc.a(_mul_sf.o)
 .debug_info    0x00003af5      0x207 c:/program files (x86)/atmel/avr tools/avr toolchain/bin/../lib/gcc/avr/4.5.1/avr6\libgcc.a(_si_to_sf.o)
 .debug_info    0x00003cfc      0x2b0 c:/program files (x86)/atmel/avr tools/avr toolchain/bin/../lib/gcc/avr/4.5.1/avr6\libgcc.a(_sf_to_si.o)
 .debug_info    0x00003fac      0x12c c:/program files (x86)/atmel/avr tools/avr toolchain/bin/../lib/gcc/avr/4.5.1/avr6\libgcc.a(_thenan_sf.o)
 .debug_info    0x000040d8      0x10c c:/program files (x86)/atmel/avr tools/avr toolchain/bin/../lib/gcc/avr/4.5.1/avr6\libgcc.a(_clzsi2.o)
 .debug_info    0x000041e4      0x2ec c:/program files (x86)/atmel/avr tools/avr toolchain/bin/../lib/gcc/avr/4.5.1/avr6\libgcc.a(_pack_sf.o)
 .debug_info    0x000044d0      0x251 c:/program files (x86)/atmel/avr tools/avr toolchain/bin/../lib/gcc/avr/4.5.1/avr6\libgcc.a(_unpack_sf.o)
 .debug_info    0x00004721       0x9e c:/program files (x86)/atmel/avr tools/avr toolchain/bin/../lib/gcc/avr/4.5.1/avr6\libgcc.a(_clz.o)
 .debug_info    0x000047bf      0x120 c:/program files (x86)/atmel/avr tools/avr toolchain/bin/../lib/gcc/avr/4.5.1/../../../../avr/lib/avr6\libc.a(rand.o)
 *(.gnu.linkonce.wi.*)

.debug_abbrev   0x00000000     0x17df
 *(.debug_abbrev)
 .debug_abbrev  0x00000000       0x98 main.o
 .debug_abbrev  0x00000098      0x134 spi.o
 .debug_abbrev  0x000001cc      0x268 mirf.o
 .debug_abbrev  0x00000434      0x121 ir_remote_control.o
 .debug_abbrev  0x00000555       0x7d speed_control.o
 .debug_abbrev  0x000005d2       0x54 variables.o
 .debug_abbrev  0x00000626       0x5d ports_io.o
 .debug_abbrev  0x00000683      0x139 twimaster.o
 .debug_abbrev  0x000007bc       0xf2 usart.o
 .debug_abbrev  0x000008ae       0xe7 utility.o
 .debug_abbrev  0x00000995       0x9c adc.o
 .debug_abbrev  0x00000a31       0xab motors.o
 .debug_abbrev  0x00000adc       0xcf behaviors.o
 .debug_abbrev  0x00000bab       0x90 leds.o
 .debug_abbrev  0x00000c3b      0x126 sensors.o
 .debug_abbrev  0x00000d61      0x20c c:/program files (x86)/atmel/avr tools/avr toolchain/bin/../lib/gcc/avr/4.5.1/avr6\libgcc.a(_mul_sf.o)
 .debug_abbrev  0x00000f6d      0x148 c:/program files (x86)/atmel/avr tools/avr toolchain/bin/../lib/gcc/avr/4.5.1/avr6\libgcc.a(_si_to_sf.o)
 .debug_abbrev  0x000010b5      0x17f c:/program files (x86)/atmel/avr tools/avr toolchain/bin/../lib/gcc/avr/4.5.1/avr6\libgcc.a(_sf_to_si.o)
 .debug_abbrev  0x00001234       0xad c:/program files (x86)/atmel/avr tools/avr toolchain/bin/../lib/gcc/avr/4.5.1/avr6\libgcc.a(_thenan_sf.o)
 .debug_abbrev  0x000012e1       0xc2 c:/program files (x86)/atmel/avr tools/avr toolchain/bin/../lib/gcc/avr/4.5.1/avr6\libgcc.a(_clzsi2.o)
 .debug_abbrev  0x000013a3      0x1b3 c:/program files (x86)/atmel/avr tools/avr toolchain/bin/../lib/gcc/avr/4.5.1/avr6\libgcc.a(_pack_sf.o)
 .debug_abbrev  0x00001556      0x154 c:/program files (x86)/atmel/avr tools/avr toolchain/bin/../lib/gcc/avr/4.5.1/avr6\libgcc.a(_unpack_sf.o)
 .debug_abbrev  0x000016aa       0x68 c:/program files (x86)/atmel/avr tools/avr toolchain/bin/../lib/gcc/avr/4.5.1/avr6\libgcc.a(_clz.o)
 .debug_abbrev  0x00001712       0xcd c:/program files (x86)/atmel/avr tools/avr toolchain/bin/../lib/gcc/avr/4.5.1/../../../../avr/lib/avr6\libc.a(rand.o)

.debug_line     0x00000000     0x55d7
 *(.debug_line)
 .debug_line    0x00000000      0x940 main.o
 .debug_line    0x00000940      0x28d spi.o
 .debug_line    0x00000bcd      0xbeb mirf.o
 .debug_line    0x000017b8      0x69b ir_remote_control.o
 .debug_line    0x00001e53      0x673 speed_control.o
 .debug_line    0x000024c6       0x50 variables.o
 .debug_line    0x00002516      0x1e6 ports_io.o
 .debug_line    0x000026fc      0x366 twimaster.o
 .debug_line    0x00002a62      0x2c1 usart.o
 .debug_line    0x00002d23      0x407 utility.o
 .debug_line    0x0000312a      0x577 adc.o
 .debug_line    0x000036a1      0x6fa motors.o
 .debug_line    0x00003d9b      0x2d3 behaviors.o
 .debug_line    0x0000406e      0x364 leds.o
 .debug_line    0x000043d2      0x731 sensors.o
 .debug_line    0x00004b03      0x233 c:/program files (x86)/atmel/avr tools/avr toolchain/bin/../lib/gcc/avr/4.5.1/avr6\libgcc.a(_mul_sf.o)
 .debug_line    0x00004d36      0x137 c:/program files (x86)/atmel/avr tools/avr toolchain/bin/../lib/gcc/avr/4.5.1/avr6\libgcc.a(_si_to_sf.o)
 .debug_line    0x00004e6d      0x11b c:/program files (x86)/atmel/avr tools/avr toolchain/bin/../lib/gcc/avr/4.5.1/avr6\libgcc.a(_sf_to_si.o)
 .debug_line    0x00004f88       0xa2 c:/program files (x86)/atmel/avr tools/avr toolchain/bin/../lib/gcc/avr/4.5.1/avr6\libgcc.a(_thenan_sf.o)
 .debug_line    0x0000502a       0xc6 c:/program files (x86)/atmel/avr tools/avr toolchain/bin/../lib/gcc/avr/4.5.1/avr6\libgcc.a(_clzsi2.o)
 .debug_line    0x000050f0      0x19c c:/program files (x86)/atmel/avr tools/avr toolchain/bin/../lib/gcc/avr/4.5.1/avr6\libgcc.a(_pack_sf.o)
 .debug_line    0x0000528c      0x15d c:/program files (x86)/atmel/avr tools/avr toolchain/bin/../lib/gcc/avr/4.5.1/avr6\libgcc.a(_unpack_sf.o)
 .debug_line    0x000053e9       0x9d c:/program files (x86)/atmel/avr tools/avr toolchain/bin/../lib/gcc/avr/4.5.1/avr6\libgcc.a(_clz.o)
 .debug_line    0x00005486      0x151 c:/program files (x86)/atmel/avr tools/avr toolchain/bin/../lib/gcc/avr/4.5.1/../../../../avr/lib/avr6\libc.a(rand.o)

.debug_frame    0x00000000      0x7e0
 *(.debug_frame)
 .debug_frame   0x00000000       0x20 main.o
 .debug_frame   0x00000020       0x70 spi.o
 .debug_frame   0x00000090      0x100 mirf.o
 .debug_frame   0x00000190       0x80 ir_remote_control.o
 .debug_frame   0x00000210       0x60 speed_control.o
 .debug_frame   0x00000270       0x20 ports_io.o
 .debug_frame   0x00000290       0xa0 twimaster.o
 .debug_frame   0x00000330       0x90 usart.o
 .debug_frame   0x000003c0       0x70 utility.o
 .debug_frame   0x00000430       0x30 adc.o
 .debug_frame   0x00000460       0xc0 motors.o
 .debug_frame   0x00000520       0x80 behaviors.o
 .debug_frame   0x000005a0       0x90 leds.o
 .debug_frame   0x00000630       0xa0 sensors.o
 .debug_frame   0x000006d0       0x20 c:/program files (x86)/atmel/avr tools/avr toolchain/bin/../lib/gcc/avr/4.5.1/avr6\libgcc.a(_mul_sf.o)
 .debug_frame   0x000006f0       0x20 c:/program files (x86)/atmel/avr tools/avr toolchain/bin/../lib/gcc/avr/4.5.1/avr6\libgcc.a(_si_to_sf.o)
 .debug_frame   0x00000710       0x20 c:/program files (x86)/atmel/avr tools/avr toolchain/bin/../lib/gcc/avr/4.5.1/avr6\libgcc.a(_sf_to_si.o)
 .debug_frame   0x00000730       0x20 c:/program files (x86)/atmel/avr tools/avr toolchain/bin/../lib/gcc/avr/4.5.1/avr6\libgcc.a(_clzsi2.o)
 .debug_frame   0x00000750       0x20 c:/program files (x86)/atmel/avr tools/avr toolchain/bin/../lib/gcc/avr/4.5.1/avr6\libgcc.a(_pack_sf.o)
 .debug_frame   0x00000770       0x20 c:/program files (x86)/atmel/avr tools/avr toolchain/bin/../lib/gcc/avr/4.5.1/avr6\libgcc.a(_unpack_sf.o)
 .debug_frame   0x00000790       0x50 c:/program files (x86)/atmel/avr tools/avr toolchain/bin/../lib/gcc/avr/4.5.1/../../../../avr/lib/avr6\libc.a(rand.o)

.debug_str      0x00000000     0x1142
 *(.debug_str)
 .debug_str     0x00000000      0x1d2 main.o
                                0x20b (size before relaxing)
 .debug_str     0x000001d2       0x77 spi.o
                                0x159 (size before relaxing)
 .debug_str     0x00000249      0x192 mirf.o
                                0x30b (size before relaxing)
 .debug_str     0x000003db      0x103 ir_remote_control.o
                                0x286 (size before relaxing)
 .debug_str     0x000004de      0x1d9 speed_control.o
                                0x2b2 (size before relaxing)
 .debug_str     0x000006b7      0x380 variables.o
                                0x745 (size before relaxing)
 .debug_str     0x00000a37       0x1a ports_io.o
                                0x103 (size before relaxing)
 .debug_str     0x00000a51       0x79 twimaster.o
                                0x167 (size before relaxing)
 .debug_str     0x00000aca       0x93 usart.o
                                0x1c4 (size before relaxing)
 .debug_str     0x00000b5d       0x6d utility.o
                                0x1c7 (size before relaxing)
 .debug_str     0x00000bca       0x1d adc.o
                                0x2f1 (size before relaxing)
 .debug_str     0x00000be7       0xb7 motors.o
                                0x35c (size before relaxing)
 .debug_str     0x00000c9e       0xcc behaviors.o
                                0x1ff (size before relaxing)
 .debug_str     0x00000d6a       0x87 leds.o
                                0x194 (size before relaxing)
 .debug_str     0x00000df1       0x9c sensors.o
                                0x29e (size before relaxing)
 .debug_str     0x00000e8d      0x186 c:/program files (x86)/atmel/avr tools/avr toolchain/bin/../lib/gcc/avr/4.5.1/avr6\libgcc.a(_mul_sf.o)
                                0x1e7 (size before relaxing)
 .debug_str     0x00001013       0x1e c:/program files (x86)/atmel/avr tools/avr toolchain/bin/../lib/gcc/avr/4.5.1/avr6\libgcc.a(_si_to_sf.o)
                                0x1a3 (size before relaxing)
 .debug_str     0x00001031        0xa c:/program files (x86)/atmel/avr tools/avr toolchain/bin/../lib/gcc/avr/4.5.1/avr6\libgcc.a(_sf_to_si.o)
                                0x1c6 (size before relaxing)
 .debug_str     0x00000000      0x12b c:/program files (x86)/atmel/avr tools/avr toolchain/bin/../lib/gcc/avr/4.5.1/avr6\libgcc.a(_thenan_sf.o)
 .debug_str     0x0000103b       0x7d c:/program files (x86)/atmel/avr tools/avr toolchain/bin/../lib/gcc/avr/4.5.1/avr6\libgcc.a(_clzsi2.o)
                                0x105 (size before relaxing)
 .debug_str     0x000010b8       0x10 c:/program files (x86)/atmel/avr tools/avr toolchain/bin/../lib/gcc/avr/4.5.1/avr6\libgcc.a(_pack_sf.o)
                                0x1c5 (size before relaxing)
 .debug_str     0x000010c8        0xb c:/program files (x86)/atmel/avr tools/avr toolchain/bin/../lib/gcc/avr/4.5.1/avr6\libgcc.a(_unpack_sf.o)
                                0x1a7 (size before relaxing)
 .debug_str     0x00000000       0xe8 c:/program files (x86)/atmel/avr tools/avr toolchain/bin/../lib/gcc/avr/4.5.1/avr6\libgcc.a(_clz.o)
 .debug_str     0x000010d3       0x6f c:/program files (x86)/atmel/avr tools/avr toolchain/bin/../lib/gcc/avr/4.5.1/../../../../avr/lib/avr6\libc.a(rand.o)
                                 0xa8 (size before relaxing)

.debug_loc      0x00000000     0x1754
 *(.debug_loc)
 .debug_loc     0x00000000      0x170 main.o
 .debug_loc     0x00000170      0x117 spi.o
 .debug_loc     0x00000287      0x3e7 mirf.o
 .debug_loc     0x0000066e       0x4a ir_remote_control.o
 .debug_loc     0x000006b8       0xa0 speed_control.o
 .debug_loc     0x00000758      0x11a twimaster.o
 .debug_loc     0x00000872       0x70 usart.o
 .debug_loc     0x000008e2       0x4b utility.o
 .debug_loc     0x0000092d       0x78 adc.o
 .debug_loc     0x000009a5       0x3c motors.o
 .debug_loc     0x000009e1      0x2cc behaviors.o
 .debug_loc     0x00000cad       0xf1 leds.o
 .debug_loc     0x00000d9e      0x438 sensors.o
 .debug_loc     0x000011d6      0x12a c:/program files (x86)/atmel/avr tools/avr toolchain/bin/../lib/gcc/avr/4.5.1/avr6\libgcc.a(_mul_sf.o)
 .debug_loc     0x00001300       0xac c:/program files (x86)/atmel/avr tools/avr toolchain/bin/../lib/gcc/avr/4.5.1/avr6\libgcc.a(_si_to_sf.o)
 .debug_loc     0x000013ac       0x7e c:/program files (x86)/atmel/avr tools/avr toolchain/bin/../lib/gcc/avr/4.5.1/avr6\libgcc.a(_sf_to_si.o)
 .debug_loc     0x0000142a       0x94 c:/program files (x86)/atmel/avr tools/avr toolchain/bin/../lib/gcc/avr/4.5.1/avr6\libgcc.a(_clzsi2.o)
 .debug_loc     0x000014be       0xd6 c:/program files (x86)/atmel/avr tools/avr toolchain/bin/../lib/gcc/avr/4.5.1/avr6\libgcc.a(_pack_sf.o)
 .debug_loc     0x00001594       0xac c:/program files (x86)/atmel/avr tools/avr toolchain/bin/../lib/gcc/avr/4.5.1/avr6\libgcc.a(_unpack_sf.o)
 .debug_loc     0x00001640      0x114 c:/program files (x86)/atmel/avr tools/avr toolchain/bin/../lib/gcc/avr/4.5.1/../../../../avr/lib/avr6\libc.a(rand.o)

.debug_macinfo
 *(.debug_macinfo)
OUTPUT(Elisa3-avr-studio.elf elf32-avr)
LOAD linker stubs

.debug_pubtypes
                0x00000000      0x219
 .debug_pubtypes
                0x00000000       0x2b main.o
 .debug_pubtypes
                0x0000002b       0x1e spi.o
 .debug_pubtypes
                0x00000049       0x2b mirf.o
 .debug_pubtypes
                0x00000074       0x2b ir_remote_control.o
 .debug_pubtypes
                0x0000009f       0x12 speed_control.o
 .debug_pubtypes
                0x000000b1       0x12 variables.o
 .debug_pubtypes
                0x000000c3       0x1e ports_io.o
 .debug_pubtypes
                0x000000e1       0x2b twimaster.o
 .debug_pubtypes
                0x0000010c       0x1e usart.o
 .debug_pubtypes
                0x0000012a       0x2b utility.o
 .debug_pubtypes
                0x00000155       0x2b adc.o
 .debug_pubtypes
                0x00000180       0x2b motors.o
 .debug_pubtypes
                0x000001ab       0x1f behaviors.o
 .debug_pubtypes
                0x000001ca       0x2b leds.o
 .debug_pubtypes
                0x000001f5       0x12 sensors.o
 .debug_pubtypes
                0x00000207       0x12 c:/program files (x86)/atmel/avr tools/avr toolchain/bin/../lib/gcc/avr/4.5.1/../../../../avr/lib/avr6\libc.a(rand.o)

.debug_ranges   0x00000000      0x190
 .debug_ranges  0x00000000       0x60 spi.o
 .debug_ranges  0x00000060       0x30 mirf.o
 .debug_ranges  0x00000090       0x40 twimaster.o
 .debug_ranges  0x000000d0       0x18 utility.o
 .debug_ranges  0x000000e8       0x30 sensors.o
 .debug_ranges  0x00000118       0x50 c:/program files (x86)/atmel/avr tools/avr toolchain/bin/../lib/gcc/avr/4.5.1/avr6\libgcc.a(_mul_sf.o)
 .debug_ranges  0x00000168       0x28 c:/program files (x86)/atmel/avr tools/avr toolchain/bin/../lib/gcc/avr/4.5.1/../../../../avr/lib/avr6\libc.a(rand.o)
