Archive member included because of file (symbol)

c:/program files (x86)/atmel/avr tools/avr toolchain/bin/../lib/gcc/avr/4.5.1/../../../../avr/lib/avr6\libm.a(addsf3.o)
                              motors.o (__subsf3)
c:/program files (x86)/atmel/avr tools/avr toolchain/bin/../lib/gcc/avr/4.5.1/../../../../avr/lib/avr6\libm.a(addsf3x.o)
                              c:/program files (x86)/atmel/avr tools/avr toolchain/bin/../lib/gcc/avr/4.5.1/../../../../avr/lib/avr6\libm.a(addsf3.o) (__addsf3x)
c:/program files (x86)/atmel/avr tools/avr toolchain/bin/../lib/gcc/avr/4.5.1/../../../../avr/lib/avr6\libm.a(atan2.o)
                              sensors.o (atan2)
c:/program files (x86)/atmel/avr tools/avr toolchain/bin/../lib/gcc/avr/4.5.1/../../../../avr/lib/avr6\libm.a(atan.o)
                              c:/program files (x86)/atmel/avr tools/avr toolchain/bin/../lib/gcc/avr/4.5.1/../../../../avr/lib/avr6\libm.a(atan2.o) (atan)
c:/program files (x86)/atmel/avr tools/avr toolchain/bin/../lib/gcc/avr/4.5.1/../../../../avr/lib/avr6\libm.a(cmpsf2.o)
                              main.o (__lesf2)
c:/program files (x86)/atmel/avr tools/avr toolchain/bin/../lib/gcc/avr/4.5.1/../../../../avr/lib/avr6\libm.a(cos.o)
                              motors.o (cos)
c:/program files (x86)/atmel/avr tools/avr toolchain/bin/../lib/gcc/avr/4.5.1/../../../../avr/lib/avr6\libm.a(divsf3.o)
                              motors.o (__divsf3)
c:/program files (x86)/atmel/avr tools/avr toolchain/bin/../lib/gcc/avr/4.5.1/../../../../avr/lib/avr6\libm.a(divsf3x.o)
                              c:/program files (x86)/atmel/avr tools/avr toolchain/bin/../lib/gcc/avr/4.5.1/../../../../avr/lib/avr6\libm.a(divsf3.o) (__divsf3x)
c:/program files (x86)/atmel/avr tools/avr toolchain/bin/../lib/gcc/avr/4.5.1/../../../../avr/lib/avr6\libm.a(fixsfsi.o)
                              main.o (__fixsfsi)
c:/program files (x86)/atmel/avr tools/avr toolchain/bin/../lib/gcc/avr/4.5.1/../../../../avr/lib/avr6\libm.a(fixunssfsi.o)
                              main.o (__fixunssfsi)
c:/program files (x86)/atmel/avr tools/avr toolchain/bin/../lib/gcc/avr/4.5.1/../../../../avr/lib/avr6\libm.a(floatsisf.o)
                              motors.o (__floatunsisf)
c:/program files (x86)/atmel/avr tools/avr toolchain/bin/../lib/gcc/avr/4.5.1/../../../../avr/lib/avr6\libm.a(fp_cmp.o)
                              c:/program files (x86)/atmel/avr tools/avr toolchain/bin/../lib/gcc/avr/4.5.1/../../../../avr/lib/avr6\libm.a(cmpsf2.o) (__fp_cmp)
c:/program files (x86)/atmel/avr tools/avr toolchain/bin/../lib/gcc/avr/4.5.1/../../../../avr/lib/avr6\libm.a(fp_inf.o)
                              c:/program files (x86)/atmel/avr tools/avr toolchain/bin/../lib/gcc/avr/4.5.1/../../../../avr/lib/avr6\libm.a(addsf3x.o) (__fp_inf)
c:/program files (x86)/atmel/avr tools/avr toolchain/bin/../lib/gcc/avr/4.5.1/../../../../avr/lib/avr6\libm.a(fp_nan.o)
                              c:/program files (x86)/atmel/avr tools/avr toolchain/bin/../lib/gcc/avr/4.5.1/../../../../avr/lib/avr6\libm.a(addsf3x.o) (__fp_nan)
c:/program files (x86)/atmel/avr tools/avr toolchain/bin/../lib/gcc/avr/4.5.1/../../../../avr/lib/avr6\libm.a(fp_powser.o)
                              c:/program files (x86)/atmel/avr tools/avr toolchain/bin/../lib/gcc/avr/4.5.1/../../../../avr/lib/avr6\libm.a(atan.o) (__fp_powser)
c:/program files (x86)/atmel/avr tools/avr toolchain/bin/../lib/gcc/avr/4.5.1/../../../../avr/lib/avr6\libm.a(fp_pscA.o)
                              c:/program files (x86)/atmel/avr tools/avr toolchain/bin/../lib/gcc/avr/4.5.1/../../../../avr/lib/avr6\libm.a(addsf3x.o) (__fp_pscA)
c:/program files (x86)/atmel/avr tools/avr toolchain/bin/../lib/gcc/avr/4.5.1/../../../../avr/lib/avr6\libm.a(fp_pscB.o)
                              c:/program files (x86)/atmel/avr tools/avr toolchain/bin/../lib/gcc/avr/4.5.1/../../../../avr/lib/avr6\libm.a(addsf3x.o) (__fp_pscB)
c:/program files (x86)/atmel/avr tools/avr toolchain/bin/../lib/gcc/avr/4.5.1/../../../../avr/lib/avr6\libm.a(fp_rempio2.o)
                              c:/program files (x86)/atmel/avr tools/avr toolchain/bin/../lib/gcc/avr/4.5.1/../../../../avr/lib/avr6\libm.a(cos.o) (__fp_rempio2)
c:/program files (x86)/atmel/avr tools/avr toolchain/bin/../lib/gcc/avr/4.5.1/../../../../avr/lib/avr6\libm.a(fp_round.o)
                              c:/program files (x86)/atmel/avr tools/avr toolchain/bin/../lib/gcc/avr/4.5.1/../../../../avr/lib/avr6\libm.a(addsf3.o) (__fp_round)
c:/program files (x86)/atmel/avr tools/avr toolchain/bin/../lib/gcc/avr/4.5.1/../../../../avr/lib/avr6\libm.a(fp_sinus.o)
                              c:/program files (x86)/atmel/avr tools/avr toolchain/bin/../lib/gcc/avr/4.5.1/../../../../avr/lib/avr6\libm.a(cos.o) (__fp_sinus)
c:/program files (x86)/atmel/avr tools/avr toolchain/bin/../lib/gcc/avr/4.5.1/../../../../avr/lib/avr6\libm.a(fp_split3.o)
[...]
Memory Configuration

Name             Origin             Length             Attributes
text             0x00000000         0x00100000         xr
data             0x00800200         0x0000fe00         rw !x
eeprom           0x00810000         0x00010000         rw !x
fuse             0x00820000         0x00000400         rw !x
lock             0x00830000         0x00000400         rw !x
signature        0x00840000         0x00000400         rw !x
*default*        0x00000000         0xffffffff

Linker script and memory map

Address of section .data set to 0x800200
LOAD c:/program files (x86)/atmel/avr tools/avr toolchain/bin/../lib/gcc/avr/4.5.1/../../../../avr/lib/avr6/crtm2560.o
LOAD main.o
LOAD spi.o
LOAD mirf.o
LOAD ir_remote_control.o
LOAD speed_control.o
LOAD variables.o
LOAD ports_io.o
LOAD twimaster.o
LOAD usart.o
LOAD utility.o
LOAD adc.o
LOAD motors.o
LOAD behaviors.o
LOAD leds.o
LOAD sensors.o
LOAD eepromIO.o
LOAD irCommunication.o
LOAD c:/program files (x86)/atmel/avr tools/avr toolchain/bin/../lib/gcc/avr/4.5.1/../../../../avr/lib/avr6\libm.a
LOAD c:/program files (x86)/atmel/avr tools/avr toolchain/bin/../lib/gcc/avr/4.5.1/avr6\libgcc.a
LOAD c:/program files (x86)/atmel/avr tools/avr toolchain/bin/../lib/gcc/avr/4.5.1/../../../../avr/lib/avr6\libc.a
LOAD c:/program files (x86)/atmel/avr tools/avr toolchain/bin/../lib/gcc/avr/4.5.1/avr6\libgcc.a

.hash
 *(.hash)

.dynsym
 *(.dynsym)

.dynstr
 *(.dynstr)

.gnu.version
 *(.gnu.version)

.gnu.version_d
 *(.gnu.version_d)

.gnu.version_r
 *(.gnu.version_r)

.rel.init
 *(.rel.init)

.rela.init
 *(.rela.init)

.rel.text
 *(.rel.text)
 *(.rel.text.*)
 *(.rel.gnu.linkonce.t*)

.rela.text
 *(.rela.text)
 *(.rela.text.*)
 *(.rela.gnu.linkonce.t*)

.rel.fini
 *(.rel.fini)

.rela.fini
 *(.rela.fini)

.rel.rodata
 *(.rel.rodata)
 *(.rel.rodata.*)
 *(.rel.gnu.linkonce.r*)

.rela.rodata
 *(.rela.rodata)
 *(.rela.rodata.*)
 *(.rela.gnu.linkonce.r*)

.rel.data
 *(.rel.data)
 *(.rel.data.*)
 *(.rel.gnu.linkonce.d*)

.rela.data
 *(.rela.data)
 *(.rela.data.*)
 *(.rela.gnu.linkonce.d*)

.rel.ctors
 *(.rel.ctors)

.rela.ctors
 *(.rela.ctors)

.rel.dtors
 *(.rel.dtors)

.rela.dtors
 *(.rela.dtors)

.rel.got
 *(.rel.got)

.rela.got
 *(.rela.got)

.rel.bss
 *(.rel.bss)

.rela.bss
 *(.rela.bss)

.rel.plt
 *(.rel.plt)

.rela.plt
 *(.rela.plt)

.text           0x00000000     0xb03a
 *(.vectors)
 .vectors       0x00000000       0xe4 c:/program files (x86)/atmel/avr tools/avr toolchain/bin/../lib/gcc/avr/4.5.1/../../../../avr/lib/avr6/crtm2560.o
                0x00000000                __vector_default
                0x00000000                __vectors
 *(.vectors)
 *(.progmem.gcc*)
 .progmem.gcc_sw_table
                0x000000e4       0x6a ir_remote_control.o
 .progmem.gcc_fplib
                0x0000014e       0x2d c:/program files (x86)/atmel/avr tools/avr toolchain/bin/../lib/gcc/avr/4.5.1/../../../../avr/lib/avr6\libm.a(atan.o)
 .progmem.gcc_fplib
                0x0000017b       0x1e c:/program files (x86)/atmel/avr tools/avr toolchain/bin/../lib/gcc/avr/4.5.1/../../../../avr/lib/avr6\libm.a(fp_sinus.o)
 *(.progmem*)
                0x0000019a                . = ALIGN (0x2)
 *fill*         0x00000199        0x1 00
                0x0000019a                __trampolines_start = .
 *(.trampolines)
 .trampolines   0x0000019a        0x0 linker stubs
 *(.trampolines*)
                0x0000019a                __trampolines_end = .
 *(.jumptables)
 *(.jumptables*)
 *(.lowtext)
 *(.lowtext*)
                0x0000019a                __ctors_start = .
 *(.ctors)
                0x0000019a                __ctors_end = .
                0x0000019a                __dtors_start = .
 *(.dtors)
                0x0000019a                __dtors_end = .
 SORT(*)(.ctors)
 SORT(*)(.dtors)
 *(.init0)
 .init0         0x0000019a        0x0 c:/program files (x86)/atmel/avr tools/avr toolchain/bin/../lib/gcc/avr/4.5.1/../../../../avr/lib/avr6/crtm2560.o
                0x0000019a                __init
 *(.init0)
 *(.init1)
 *(.init1)
 *(.init2)
 .init2         0x0000019a       0x10 c:/program files (x86)/atmel/avr tools/avr toolchain/bin/../lib/gcc/avr/4.5.1/../../../../avr/lib/avr6/crtm2560.o
 *(.init2)
 *(.init3)
 *(.init3)
 *(.init4)
 .init4         0x000001aa       0x16 c:/program files (x86)/atmel/avr tools/avr toolchain/bin/../lib/gcc/avr/4.5.1/avr6\libgcc.a(_copy_data.o)
                0x000001aa                __do_copy_data
 .init4         0x000001c0       0x10 c:/program files (x86)/atmel/avr tools/avr toolchain/bin/../lib/gcc/avr/4.5.1/avr6\libgcc.a(_clear_bss.o)
                0x000001c0                __do_clear_bss
 *(.init4)
 *(.init5)
 *(.init5)
 *(.init6)
 *(.init6)
 *(.init7)
 *(.init7)
 *(.init8)
 *(.init8)
 *(.init9)
 .init9         0x000001d0        0x8 c:/program files (x86)/atmel/avr tools/avr toolchain/bin/../lib/gcc/avr/4.5.1/../../../../avr/lib/avr6/crtm2560.o
 *(.init9)
 *(.text)
 .text          0x000001d8        0x4 c:/program files (x86)/atmel/avr tools/avr toolchain/bin/../lib/gcc/avr/4.5.1/../../../../avr/lib/avr6/crtm2560.o
                0x000001d8                __vector_38
                0x000001d8                __vector_22
                0x000001d8                __vector_28
                0x000001d8                __vector_1
                0x000001d8                __vector_34
                0x000001d8                __vector_24
                0x000001d8                __vector_12
                0x000001d8                __vector_55
                0x000001d8                __vector_46
                0x000001d8                __bad_interrupt
                0x000001d8                __vector_6
                0x000001d8                __vector_31
                0x000001d8                __vector_39
                0x000001d8                __vector_3
                0x000001d8                __vector_23
                0x000001d8                __vector_30
                0x000001d8                __vector_11
                0x000001d8                __vector_54
                0x000001d8                __vector_17
                0x000001d8                __vector_19
                0x000001d8                __vector_56
                0x000001d8                __vector_7
                0x000001d8                __vector_49
                0x000001d8                __vector_41
                0x000001d8                __vector_27
                0x000001d8                __vector_5
                0x000001d8                __vector_47
                0x000001d8                __vector_52
                0x000001d8                __vector_37
                0x000001d8                __vector_4
                0x000001d8                __vector_44
                0x000001d8                __vector_51
                0x000001d8                __vector_9
                0x000001d8                __vector_2
                0x000001d8                __vector_21
                0x000001d8                __vector_36
                0x000001d8                __vector_40
                0x000001d8                __vector_8
                0x000001d8                __vector_26
                0x000001d8                __vector_48
                0x000001d8                __vector_14
                0x000001d8                __vector_53
                0x000001d8                __vector_50
                0x000001d8                __vector_16
                0x000001d8                __vector_18
                0x000001d8                __vector_20
 .text          0x000001dc     0x1a90 main.o
                0x000001dc                main
 .text          0x00001c6c       0xee spi.o
                0x00001c6c                SPI_WAIT
                0x00001c8e                initSPI
                0x00001ca6                closeSPI
                0x00001cac                SPI_ReadWrite_Block
                0x00001cf4                SPI_Write_Block
                0x00001d34                SPI_Write_Byte
 .text          0x00001d5a      0xb5a mirf.o
                0x00001d5a                mirf_config
                0x00001e60                mirf_init
                0x00001e6a                mirf_set_RADDR
                0x00001e8c                mirf_set_TADDR
                0x00001eaa                mirf_data_ready
                0x00001ec4                rx_fifo_is_empty
                0x00001ef4                flush_rx_fifo
                0x00001f00                mirf_get_data
                0x00001f30                mirf_config_register
                0x00001f58                mirf_read_register
                0x00001f8a                mirf_write_register
                0x00001fbe                mirf_send
                0x0000201a                writeAckPayload
                0x00002074                readPayloadWidthFromTopFifo
                0x00002086                readPayloadWidthFromPipe0
                0x000020b4                flushTxFifo
                0x000020c0                handleRFCommands
                0x00002860                rfEnableDebugMode
                0x0000286e                rfDisableDebugMode
                0x00002874                rfDebugSendData
                0x000028ac                rfDebugNextPacket
 .text          0x000028b4      0x782 ir_remote_control.o
                0x000028b4                init_ir_remote_control
                0x000028ea                __vector_10
                0x00002952                __vector_13
                0x00002ba0                ir_remote_get_check
                0x00002ba6                ir_remote_get_address
                0x00002bac                ir_remote_get_data
                0x00002bb2                handleIRRemoteCommands
 .text          0x00003036      0x4d6 speed_control.o
                0x00003036                init_speed_control
                0x00003038                start_speed_control_right
                0x000032a2                start_speed_control_left
 .text          0x0000350c        0x0 variables.o
 .text          0x0000350c       0x96 ports_io.o
                0x0000350c                initPortsIO
 .text          0x000035a2      0x15c twimaster.o
                0x000035a2                i2c_close
                0x000035ac                i2c_init
                0x000035bc                i2c_start
                0x00003608                i2c_start_wait
                0x00003656                i2c_rep_start
                0x000036a2                i2c_stop
                0x000036b2                i2c_write
                0x000036d6                i2c_readAck
                0x000036ea                i2c_readNak
 .text          0x000036fe      0x230 usart.o
                0x000036fe                initUsart0
                0x00003728                initUsart1
                0x00003752                closeUsart
                0x00003760                usart0Transmit
                0x0000377a                usart1Transmit
                0x00003794                usart0InputBufferEmpty
                0x000037a2                usart0Receive
                0x000037c2                __vector_25
 .text          0x0000392e      0x28a utility.o
                0x0000392e                getSelector
                0x00003978                initPeripherals
                0x00003a3a                __vector_15
                0x00003a4e                sleep
                0x00003b26                getTime100MicroSec
                0x00003b38                readBatteryLevel
                0x00003b40                resetOdometry
 .text          0x00003bb8      0xc74 adc.o
                0x00003bb8                initAdc
                0x00003bfe                __vector_29
 .text          0x0000482c     0x2bd4 motors.o
                0x0000482c                initMotors
                0x000048e8                cast_speed
                0x00004908                setLeftSpeed
                0x00004942                setRightSpeed
                0x0000497c                updateOdomData
                0x00004b4a                handleCalibration
                0x0000519a                getInputFromSpeed
                0x0000586a                getRightSpeedFromInput
                0x00005d20                getLeftSpeedFromInput
                0x000061d6                writeDefaultCalibration
                0x00006558                initCalibration
                0x00006574                handleSoftAcceleration
                0x000068a8                handleMotorsWithSpeedController
                0x00006ea4                handleMotorsWithNoController
                0x00007108                __vector_45
                0x00007236                __vector_42
                0x00007262                __vector_43
                0x0000728e                __vector_35
                0x000073a8                __vector_32
                0x000073d4                __vector_33
 .text          0x00007400      0x4a2 behaviors.o
                0x00007400                initBehaviors
                0x0000740e                obstacleAvoidance
                0x00007836                cliffDetected
                0x00007886                enableObstacleAvoidance
                0x0000788e                disableObstacleAvoidance
                0x00007894                enableCliffAvoidance
                0x0000789c                disableCliffAvoidance
 .text          0x000078a2      0x290 leds.o
                0x000078a2                initRGBleds
                0x000078e6                toggleBlueLed
                0x0000791c                updateRedLed
                0x00007944                updateGreenLed
                0x0000796c                updateBlueLed
                0x00007994                setGreenLed
                0x00007ace                turnOffGreenLeds
                0x00007b00                turnOnGreenLeds
 .text          0x00007b32     0x133a sensors.o
                0x00007b32                initAccelerometer
                0x00007bc2                initMMA7455L
                0x00007bea                initADXL345
                0x00007c4a                readAccelXY
                0x00007e8a                readAccelXYZ
                0x0000810e                calibrateSensors
                0x00008a68                readAccelXYZ_1
                0x00008aea                readAccelXYZ_2
                0x00008d3c                computeAngle
                0x00008e30                readTemperature
 .text          0x00008e6c       0x30 eepromIO.o
                0x00008e6c                writeCalibrationToFlash
                0x00008e8a                readCalibrationFromFlash
 .text          0x00008e9c     0x1900 irCommunication.o
                0x00008e9c                irCommInitTransmitter
                0x00008eaa                irCommInitReceiver
                0x00008eba                irCommInitVars
                0x00008ee6                irCommInit
                0x00008f58                irCommDeinit
                0x00008f62                resetDebugVariables
                0x000090b4                irCommTasks
                0x0000a744                irCommSendData
                0x0000a756                irCommDataSent
                0x0000a766                irCommDataAvailable
                0x0000a76c                irCommReadData
                0x0000a776                irCommReceivingSensor
                0x0000a77c                getBearing
 .text          0x0000a79c        0x0 c:/program files (x86)/atmel/avr tools/avr toolchain/bin/../lib/gcc/avr/4.5.1/../../../../avr/lib/avr6\libm.a(addsf3.o)
 .text          0x0000a79c        0x0 c:/program files (x86)/atmel/avr tools/avr toolchain/bin/../lib/gcc/avr/4.5.1/../../../../avr/lib/avr6\libm.a(addsf3x.o)
 .text          0x0000a79c        0x0 c:/program files (x86)/atmel/avr tools/avr toolchain/bin/../lib/gcc/avr/4.5.1/../../../../avr/lib/avr6\libm.a(atan2.o)
 .text          0x0000a79c        0x0 c:/program files (x86)/atmel/avr tools/avr toolchain/bin/../lib/gcc/avr/4.5.1/../../../../avr/lib/avr6\libm.a(atan.o)
 .text          0x0000a79c        0x0 c:/program files (x86)/atmel/avr tools/avr toolchain/bin/../lib/gcc/avr/4.5.1/../../../../avr/lib/avr6\libm.a(cmpsf2.o)
 .text          0x0000a79c        0x0 c:/program files (x86)/atmel/avr tools/avr toolchain/bin/../lib/gcc/avr/4.5.1/../../../../avr/lib/avr6\libm.a(cos.o)
 .text          0x0000a79c        0x0 c:/program files (x86)/atmel/avr tools/avr toolchain/bin/../lib/gcc/avr/4.5.1/../../../../avr/lib/avr6\libm.a(divsf3.o)
 .text          0x0000a79c        0x0 c:/program files (x86)/atmel/avr tools/avr toolchain/bin/../lib/gcc/avr/4.5.1/../../../../avr/lib/avr6\libm.a(divsf3x.o)
 .text          0x0000a79c        0x0 c:/program files (x86)/atmel/avr tools/avr toolchain/bin/../lib/gcc/avr/4.5.1/../../../../avr/lib/avr6\libm.a(fixsfsi.o)
 .text          0x0000a79c        0x0 c:/program files (x86)/atmel/avr tools/avr toolchain/bin/../lib/gcc/avr/4.5.1/../../../../avr/lib/avr6\libm.a(fixunssfsi.o)
 .text          0x0000a79c        0x0 c:/program files (x86)/atmel/avr tools/avr toolchain/bin/../lib/gcc/avr/4.5.1/../../../../avr/lib/avr6\libm.a(floatsisf.o)
 .text          0x0000a79c        0x0 c:/program files (x86)/atmel/avr tools/avr toolchain/bin/../lib/gcc/avr/4.5.1/../../../../avr/lib/avr6\libm.a(fp_cmp.o)
 .text          0x0000a79c        0x0 c:/program files (x86)/atmel/avr tools/avr toolchain/bin/../lib/gcc/avr/4.5.1/../../../../avr/lib/avr6\libm.a(fp_inf.o)
 .text          0x0000a79c        0x0 c:/program files (x86)/atmel/avr tools/avr toolchain/bin/../lib/gcc/avr/4.5.1/../../../../avr/lib/avr6\libm.a(fp_nan.o)
 .text          0x0000a79c        0x0 c:/program files (x86)/atmel/avr tools/avr toolchain/bin/../lib/gcc/avr/4.5.1/../../../../avr/lib/avr6\libm.a(fp_powser.o)
 .text          0x0000a79c        0x0 c:/program files (x86)/atmel/avr tools/avr toolchain/bin/../lib/gcc/avr/4.5.1/../../../../avr/lib/avr6\libm.a(fp_pscA.o)
 .text          0x0000a79c        0x0 c:/program files (x86)/atmel/avr tools/avr toolchain/bin/../lib/gcc/avr/4.5.1/../../../../avr/lib/avr6\libm.a(fp_pscB.o)
 .text          0x0000a79c        0x0 c:/program files (x86)/atmel/avr tools/avr toolchain/bin/../lib/gcc/avr/4.5.1/../../../../avr/lib/avr6\libm.a(fp_rempio2.o)
 .text          0x0000a79c        0x0 c:/program files (x86)/atmel/avr tools/avr toolchain/bin/../lib/gcc/avr/4.5.1/../../../../avr/lib/avr6\libm.a(fp_round.o)
 .text          0x0000a79c        0x0 c:/program files (x86)/atmel/avr tools/avr toolchain/bin/../lib/gcc/avr/4.5.1/../../../../avr/lib/avr6\libm.a(fp_sinus.o)
 .text          0x0000a79c        0x0 c:/program files (x86)/atmel/avr tools/avr toolchain/bin/../lib/gcc/avr/4.5.1/../../../../avr/lib/avr6\libm.a(fp_split3.o)
 .text          0x0000a79c        0x0 c:/program files (x86)/atmel/avr tools/avr toolchain/bin/../lib/gcc/avr/4.5.1/../../../../avr/lib/avr6\libm.a(fp_zero.o)
 .text          0x0000a79c        0x0 c:/program files (x86)/atmel/avr tools/avr toolchain/bin/../lib/gcc/avr/4.5.1/../../../../avr/lib/avr6\libm.a(gesf2.o)
 .text          0x0000a79c        0x0 c:/program files (x86)/atmel/avr tools/avr toolchain/bin/../lib/gcc/avr/4.5.1/../../../../avr/lib/avr6\libm.a(inverse.o)
 .text          0x0000a79c        0x0 c:/program files (x86)/atmel/avr tools/avr toolchain/bin/../lib/gcc/avr/4.5.1/../../../../avr/lib/avr6\libm.a(mulsf3.o)
 .text          0x0000a79c        0x0 c:/program files (x86)/atmel/avr tools/avr toolchain/bin/../lib/gcc/avr/4.5.1/../../../../avr/lib/avr6\libm.a(mulsf3x.o)
 .text          0x0000a79c        0x0 c:/program files (x86)/atmel/avr tools/avr toolchain/bin/../lib/gcc/avr/4.5.1/../../../../avr/lib/avr6\libm.a(sin.o)
 .text          0x0000a79c        0x0 c:/program files (x86)/atmel/avr tools/avr toolchain/bin/../lib/gcc/avr/4.5.1/../../../../avr/lib/avr6\libm.a(square.o)
 .text          0x0000a79c        0x0 c:/program files (x86)/atmel/avr tools/avr toolchain/bin/../lib/gcc/avr/4.5.1/../../../../avr/lib/avr6\libm.a(fp_mpack.o)
 .text          0x0000a79c        0x0 c:/program files (x86)/atmel/avr tools/avr toolchain/bin/../lib/gcc/avr/4.5.1/../../../../avr/lib/avr6\libm.a(fp_powsodd.o)
 .text          0x0000a79c        0x0 c:/program files (x86)/atmel/avr tools/avr toolchain/bin/../lib/gcc/avr/4.5.1/avr6\libgcc.a(_mulsi3.o)
 .text          0x0000a79c        0x0 c:/program files (x86)/atmel/avr tools/avr toolchain/bin/../lib/gcc/avr/4.5.1/avr6\libgcc.a(_udivmodhi4.o)
 .text          0x0000a79c        0x0 c:/program files (x86)/atmel/avr tools/avr toolchain/bin/../lib/gcc/avr/4.5.1/avr6\libgcc.a(_divmodhi4.o)
 .text          0x0000a79c        0x0 c:/program files (x86)/atmel/avr tools/avr toolchain/bin/../lib/gcc/avr/4.5.1/avr6\libgcc.a(_divmodsi4.o)
 .text          0x0000a79c        0x0 c:/program files (x86)/atmel/avr tools/avr toolchain/bin/../lib/gcc/avr/4.5.1/avr6\libgcc.a(_exit.o)
 .text          0x0000a79c        0x0 c:/program files (x86)/atmel/avr tools/avr toolchain/bin/../lib/gcc/avr/4.5.1/avr6\libgcc.a(_copy_data.o)
 .text          0x0000a79c        0x0 c:/program files (x86)/atmel/avr tools/avr toolchain/bin/../lib/gcc/avr/4.5.1/avr6\libgcc.a(_clear_bss.o)
 .text          0x0000a79c        0x0 c:/program files (x86)/atmel/avr tools/avr toolchain/bin/../lib/gcc/avr/4.5.1/avr6\libgcc.a(_udivmodsi4.o)
 .text          0x0000a79c        0x0 c:/program files (x86)/atmel/avr tools/avr toolchain/bin/../lib/gcc/avr/4.5.1/../../../../avr/lib/avr6\libc.a(rand.o)
 .text          0x0000a79c        0x0 c:/program files (x86)/atmel/avr tools/avr toolchain/bin/../lib/gcc/avr/4.5.1/../../../../avr/lib/avr6\libc.a(memset.o)
 .text          0x0000a79c        0x0 c:/program files (x86)/atmel/avr tools/avr toolchain/bin/../lib/gcc/avr/4.5.1/../../../../avr/lib/avr6\libc.a(eerd_block_atmega2560.o)
 .text          0x0000a79c        0x0 c:/program files (x86)/atmel/avr tools/avr toolchain/bin/../lib/gcc/avr/4.5.1/../../../../avr/lib/avr6\libc.a(eerd_byte_atmega2560.o)
 .text          0x0000a79c        0x0 c:/program files (x86)/atmel/avr tools/avr toolchain/bin/../lib/gcc/avr/4.5.1/../../../../avr/lib/avr6\libc.a(eerd_word_atmega2560.o)
 .text          0x0000a79c        0x0 c:/program files (x86)/atmel/avr tools/avr toolchain/bin/../lib/gcc/avr/4.5.1/../../../../avr/lib/avr6\libc.a(eeupd_block_atmega2560.o)
 .text          0x0000a79c        0x0 c:/program files (x86)/atmel/avr tools/avr toolchain/bin/../lib/gcc/avr/4.5.1/../../../../avr/lib/avr6\libc.a(eeupd_byte_atmega2560.o)
 .text          0x0000a79c        0x0 c:/program files (x86)/atmel/avr tools/avr toolchain/bin/../lib/gcc/avr/4.5.1/../../../../avr/lib/avr6\libc.a(eeupd_word_atmega2560.o)
 .text          0x0000a79c        0x0 c:/program files (x86)/atmel/avr tools/avr toolchain/bin/../lib/gcc/avr/4.5.1/../../../../avr/lib/avr6\libc.a(eewr_byte_atmega2560.o)
 .text          0x0000a79c        0x0 c:/program files (x86)/atmel/avr tools/avr toolchain/bin/../lib/gcc/avr/4.5.1/../../../../avr/lib/avr6\libc.a(eewr_word_atmega2560.o)
                0x0000a79c                . = ALIGN (0x2)
 *(.text.*)
 .text.avr-libc.fplib
                0x0000a79c        0xa c:/program files (x86)/atmel/avr tools/avr toolchain/bin/../lib/gcc/avr/4.5.1/../../../../avr/lib/avr6\libm.a(addsf3.o)
                0x0000a79c                __subsf3
                0x0000a79e                __addsf3
 .text.avr-libc.fplib
                0x0000a7a6       0xc0 c:/program files (x86)/atmel/avr tools/avr toolchain/bin/../lib/gcc/avr/4.5.1/../../../../avr/lib/avr6\libm.a(addsf3x.o)
                0x0000a7c0                __addsf3x
 .text.avr-libc.fplib
                0x0000a866       0x74 c:/program files (x86)/atmel/avr tools/avr toolchain/bin/../lib/gcc/avr/4.5.1/../../../../avr/lib/avr6\libm.a(atan2.o)
                0x0000a884                atan2
 .text.avr-libc.fplib
                0x0000a8da       0x50 c:/program files (x86)/atmel/avr tools/avr toolchain/bin/../lib/gcc/avr/4.5.1/../../../../avr/lib/avr6\libm.a(atan.o)
                0x0000a8da                atan
 .text.avr-libc.fplib
                0x0000a92a        0x8 c:/program files (x86)/atmel/avr tools/avr toolchain/bin/../lib/gcc/avr/4.5.1/../../../../avr/lib/avr6\libm.a(cmpsf2.o)
                0x0000a92a                __nesf2
                0x0000a92a                __eqsf2
                0x0000a92a                __cmpsf2
                0x0000a92a                __ltsf2
                0x0000a92a                __lesf2
 .text.avr-libc.fplib
                0x0000a932        0x6 c:/program files (x86)/atmel/avr tools/avr toolchain/bin/../lib/gcc/avr/4.5.1/../../../../avr/lib/avr6\libm.a(cos.o)
                0x0000a932                cos
 .text.avr-libc.fplib
                0x0000a938        0x4 c:/program files (x86)/atmel/avr tools/avr toolchain/bin/../lib/gcc/avr/4.5.1/../../../../avr/lib/avr6\libm.a(divsf3.o)
                0x0000a938                __divsf3
 .text.avr-libc.fplib
                0x0000a93c       0xcc c:/program files (x86)/atmel/avr tools/avr toolchain/bin/../lib/gcc/avr/4.5.1/../../../../avr/lib/avr6\libm.a(divsf3x.o)
                0x0000a952                __divsf3x
                0x0000a956                __divsf3_pse
 .text.avr-libc.fplib
                0x0000aa08        0xa c:/program files (x86)/atmel/avr tools/avr toolchain/bin/../lib/gcc/avr/4.5.1/../../../../avr/lib/avr6\libm.a(fixsfsi.o)
                0x0000aa08                __fixsfsi
 .text.avr-libc.fplib
                0x0000aa12       0x58 c:/program files (x86)/atmel/avr tools/avr toolchain/bin/../lib/gcc/avr/4.5.1/../../../../avr/lib/avr6\libm.a(fixunssfsi.o)
                0x0000aa12                __fixunssfsi
 .text.avr-libc.fplib
                0x0000aa6a       0x7a c:/program files (x86)/atmel/avr tools/avr toolchain/bin/../lib/gcc/avr/4.5.1/../../../../avr/lib/avr6\libm.a(floatsisf.o)
                0x0000aa6a                __floatunsisf
                0x0000aa6e                __floatsisf
 .text.avr-libc.fplib
                0x0000aae4       0x48 c:/program files (x86)/atmel/avr tools/avr toolchain/bin/../lib/gcc/avr/4.5.1/../../../../avr/lib/avr6\libm.a(fp_cmp.o)
                0x0000aae4                __fp_cmp
 .text.avr-libc.fplib
                0x0000ab2c        0xc c:/program files (x86)/atmel/avr tools/avr toolchain/bin/../lib/gcc/avr/4.5.1/../../../../avr/lib/avr6\libm.a(fp_inf.o)
                0x0000ab2c                __fp_inf
 .text.avr-libc.fplib
                0x0000ab38        0x6 c:/program files (x86)/atmel/avr tools/avr toolchain/bin/../lib/gcc/avr/4.5.1/../../../../avr/lib/avr6\libm.a(fp_nan.o)
                0x0000ab38                __fp_nan
 .text.avr-libc.fplib
                0x0000ab3e       0x4a c:/program files (x86)/atmel/avr tools/avr toolchain/bin/../lib/gcc/avr/4.5.1/../../../../avr/lib/avr6\libm.a(fp_powser.o)
                0x0000ab3e                __fp_powser
 .text.avr-libc.fplib
                0x0000ab88        0xe c:/program files (x86)/atmel/avr tools/avr toolchain/bin/../lib/gcc/avr/4.5.1/../../../../avr/lib/avr6\libm.a(fp_pscA.o)
                0x0000ab88                __fp_pscA
 .text.avr-libc.fplib
                0x0000ab96        0xe c:/program files (x86)/atmel/avr tools/avr toolchain/bin/../lib/gcc/avr/4.5.1/../../../../avr/lib/avr6\libm.a(fp_pscB.o)
                0x0000ab96                __fp_pscB
 .text.avr-libc.fplib
                0x0000aba4       0x50 c:/program files (x86)/atmel/avr tools/avr toolchain/bin/../lib/gcc/avr/4.5.1/../../../../avr/lib/avr6\libm.a(fp_rempio2.o)
                0x0000aba6                __fp_rempio2
 .text.avr-libc.fplib
                0x0000abf4       0x22 c:/program files (x86)/atmel/avr tools/avr toolchain/bin/../lib/gcc/avr/4.5.1/../../../../avr/lib/avr6\libm.a(fp_round.o)
                0x0000abf4                __fp_round
 .text.avr-libc.fplib
                0x0000ac16       0x22 c:/program files (x86)/atmel/avr tools/avr toolchain/bin/../lib/gcc/avr/4.5.1/../../../../avr/lib/avr6\libm.a(fp_sinus.o)
                0x0000ac16                __fp_sinus
 .text.avr-libc.fplib
                0x0000ac38       0x44 c:/program files (x86)/atmel/avr tools/avr toolchain/bin/../lib/gcc/avr/4.5.1/../../../../avr/lib/avr6\libm.a(fp_split3.o)
                0x0000ac38                __fp_split3
                0x0000ac48                __fp_splitA
 .text.avr-libc.fplib
                0x0000ac7c        0xe c:/program files (x86)/atmel/avr tools/avr toolchain/bin/../lib/gcc/avr/4.5.1/../../../../avr/lib/avr6\libm.a(fp_zero.o)
                0x0000ac7c                __fp_zero
                0x0000ac7e                __fp_szero
 .text.avr-libc.fplib
                0x0000ac8a        0x8 c:/program files (x86)/atmel/avr tools/avr toolchain/bin/../lib/gcc/avr/4.5.1/../../../../avr/lib/avr6\libm.a(gesf2.o)
                0x0000ac8a                __gesf2
                0x0000ac8a                __gtsf2
 .text.avr-libc.fplib
                0x0000ac92        0xe c:/program files (x86)/atmel/avr tools/avr toolchain/bin/../lib/gcc/avr/4.5.1/../../../../avr/lib/avr6\libm.a(inverse.o)
                0x0000ac92                inverse
 .text.avr-libc.fplib
                0x0000aca0        0x4 c:/program files (x86)/atmel/avr tools/avr toolchain/bin/../lib/gcc/avr/4.5.1/../../../../avr/lib/avr6\libm.a(mulsf3.o)
                0x0000aca0                __mulsf3
 .text.avr-libc.fplib
                0x0000aca4       0xc2 c:/program files (x86)/atmel/avr tools/avr toolchain/bin/../lib/gcc/avr/4.5.1/../../../../avr/lib/avr6\libm.a(mulsf3x.o)
                0x0000acb8                __mulsf3x
                0x0000acbc                __mulsf3_pse
 .text.avr-libc.fplib
                0x0000ad66        0xc c:/program files (x86)/atmel/avr tools/avr toolchain/bin/../lib/gcc/avr/4.5.1/../../../../avr/lib/avr6\libm.a(sin.o)
                0x0000ad66                sin
 .text.avr-libc.fplib
                0x0000ad72        0x6 c:/program files (x86)/atmel/avr tools/avr toolchain/bin/../lib/gcc/avr/4.5.1/../../../../avr/lib/avr6\libm.a(square.o)
                0x0000ad72                square
 .text.avr-libc.fplib
                0x0000ad78       0x1c c:/program files (x86)/atmel/avr tools/avr toolchain/bin/../lib/gcc/avr/4.5.1/../../../../avr/lib/avr6\libm.a(fp_mpack.o)
                0x0000ad78                __fp_mpack
                0x0000ad7c                __fp_mpack_finite
 .text.avr-libc.fplib
                0x0000ad94       0x22 c:/program files (x86)/atmel/avr tools/avr toolchain/bin/../lib/gcc/avr/4.5.1/../../../../avr/lib/avr6\libm.a(fp_powsodd.o)
                0x0000ad94                __fp_powsodd
 .text.libgcc   0x0000adb6       0x3e c:/program files (x86)/atmel/avr tools/avr toolchain/bin/../lib/gcc/avr/4.5.1/avr6\libgcc.a(_mulsi3.o)
                0x0000adb6                __mulsi3
 .text.libgcc   0x0000adf4       0x28 c:/program files (x86)/atmel/avr tools/avr toolchain/bin/../lib/gcc/avr/4.5.1/avr6\libgcc.a(_udivmodhi4.o)
                0x0000adf4                __udivmodhi4
 .text.libgcc   0x0000ae1c       0x26 c:/program files (x86)/atmel/avr tools/avr toolchain/bin/../lib/gcc/avr/4.5.1/avr6\libgcc.a(_divmodhi4.o)
                0x0000ae1c                _div
                0x0000ae1c                __divmodhi4
 .text.libgcc   0x0000ae42       0x36 c:/program files (x86)/atmel/avr tools/avr toolchain/bin/../lib/gcc/avr/4.5.1/avr6\libgcc.a(_divmodsi4.o)
                0x0000ae42                __divmodsi4
 .text.libgcc   0x0000ae78        0x0 c:/program files (x86)/atmel/avr tools/avr toolchain/bin/../lib/gcc/avr/4.5.1/avr6\libgcc.a(_exit.o)
 .text.libgcc   0x0000ae78        0x0 c:/program files (x86)/atmel/avr tools/avr toolchain/bin/../lib/gcc/avr/4.5.1/avr6\libgcc.a(_copy_data.o)
 .text.libgcc   0x0000ae78        0x0 c:/program files (x86)/atmel/avr tools/avr toolchain/bin/../lib/gcc/avr/4.5.1/avr6\libgcc.a(_clear_bss.o)
 .text.libgcc   0x0000ae78       0x44 c:/program files (x86)/atmel/avr tools/avr toolchain/bin/../lib/gcc/avr/4.5.1/avr6\libgcc.a(_udivmodsi4.o)
                0x0000ae78                __udivmodsi4
 .text.avr-libc
                0x0000aebc       0xbc c:/program files (x86)/atmel/avr tools/avr toolchain/bin/../lib/gcc/avr/4.5.1/../../../../avr/lib/avr6\libc.a(rand.o)
                0x0000af52                rand_r
                0x0000af58                rand
                0x0000af62                srand
 .text.avr-libc
                0x0000af78        0xe c:/program files (x86)/atmel/avr tools/avr toolchain/bin/../lib/gcc/avr/4.5.1/../../../../avr/lib/avr6\libc.a(memset.o)
                0x0000af78                memset
 .text.avr-libc
                0x0000af86       0x20 c:/program files (x86)/atmel/avr tools/avr toolchain/bin/../lib/gcc/avr/4.5.1/../../../../avr/lib/avr6\libc.a(eerd_block_atmega2560.o)
                0x0000af86                __eerd_block_m2560
                0x0000af8a                __eerd_blraw_m2560
 .text.avr-libc
                0x0000afa6       0x10 c:/program files (x86)/atmel/avr tools/avr toolchain/bin/../lib/gcc/avr/4.5.1/../../../../avr/lib/avr6\libc.a(eerd_byte_atmega2560.o)
                0x0000afa6                __eerd_byte_m2560
 .text.avr-libc
                0x0000afb6        0xc c:/program files (x86)/atmel/avr tools/avr toolchain/bin/../lib/gcc/avr/4.5.1/../../../../avr/lib/avr6\libc.a(eerd_word_atmega2560.o)
                0x0000afb6                __eerd_word_m2560
 .text.avr-libc
                0x0000afc2       0x20 c:/program files (x86)/atmel/avr tools/avr toolchain/bin/../lib/gcc/avr/4.5.1/../../../../avr/lib/avr6\libc.a(eeupd_block_atmega2560.o)
                0x0000afc2                __eeupd_block_m2560
 .text.avr-libc
                0x0000afe2       0x24 c:/program files (x86)/atmel/avr tools/avr toolchain/bin/../lib/gcc/avr/4.5.1/../../../../avr/lib/avr6\libc.a(eeupd_byte_atmega2560.o)
                0x0000afe2                __eeupd_byte_m2560
                0x0000afe4                __eeupd_r18_m2560
 .text.avr-libc
                0x0000b006        0xc c:/program files (x86)/atmel/avr tools/avr toolchain/bin/../lib/gcc/avr/4.5.1/../../../../avr/lib/avr6\libc.a(eeupd_word_atmega2560.o)
                0x0000b006                __eeupd_word_m2560
 .text.avr-libc
                0x0000b012       0x1c c:/program files (x86)/atmel/avr tools/avr toolchain/bin/../lib/gcc/avr/4.5.1/../../../../avr/lib/avr6\libc.a(eewr_byte_atmega2560.o)
                0x0000b012                __eewr_byte_m2560
                0x0000b014                __eewr_r18_m2560
 .text.avr-libc
                0x0000b02e        0xa c:/program files (x86)/atmel/avr tools/avr toolchain/bin/../lib/gcc/avr/4.5.1/../../../../avr/lib/avr6\libc.a(eewr_word_atmega2560.o)
                0x0000b02e                __eewr_word_m2560
                0x0000b038                . = ALIGN (0x2)
 *(.fini9)
 .fini9         0x0000b038        0x0 c:/program files (x86)/atmel/avr tools/avr toolchain/bin/../lib/gcc/avr/4.5.1/avr6\libgcc.a(_exit.o)
                0x0000b038                _exit
                0x0000b038                exit
 *(.fini9)
 *(.fini8)
 *(.fini8)
 *(.fini7)
 *(.fini7)
 *(.fini6)
 *(.fini6)
 *(.fini5)
 *(.fini5)
 *(.fini4)
 *(.fini4)
 *(.fini3)
 *(.fini3)
 *(.fini2)
 *(.fini2)
 *(.fini1)
 *(.fini1)
 *(.fini0)
 .fini0         0x0000b038        0x2 c:/program files (x86)/atmel/avr tools/avr toolchain/bin/../lib/gcc/avr/4.5.1/avr6\libgcc.a(_exit.o)
 *(.fini0)
                0x0000b03a                _etext = .

.data           0x00800200       0x2a load address 0x0000b03a
                0x00800200                PROVIDE (__data_start, .)
 *(.data)
 .data          0x00800200        0x0 c:/program files (x86)/atmel/avr tools/avr toolchain/bin/../lib/gcc/avr/4.5.1/../../../../avr/lib/avr6/crtm2560.o
 .data          0x00800200        0x0 main.o
 .data          0x00800200        0x0 spi.o
 .data          0x00800200        0x0 mirf.o
 .data          0x00800200        0x3 ir_remote_control.o
                0x00800200                check
 .data          0x00800203        0x0 speed_control.o
 .data          0x00800203       0x13 variables.o
                0x00800203                compute_left_vel
                0x00800204                compute_right_vel
                0x00800205                firstSampleRight
                0x00800206                firstSampleLeft
                0x00800207                packetId
                0x00800208                pwm_red
                0x00800209                pwm_green
                0x0080020a                pwm_blue
                0x0080020b                peripheralChoice
                0x0080020c                choosePeripheral
                0x0080020d                chooseMenu
                0x0080020e                irEnabled
                0x0080020f                checkGlitch
                0x00800210                accelAddress
                0x00800211                currPosition
                0x00800212                robotPosition
                0x00800213                speedStep
                0x00800214                irCommLastSensor
                0x00800215                irCommRxReceivingSensor
 .data          0x00800216        0x0 ports_io.o
 .data          0x00800216        0x0 twimaster.o
 .data          0x00800216        0x0 usart.o
 .data          0x00800216        0x0 utility.o
 .data          0x00800216        0x0 adc.o
 .data          0x00800216        0x0 motors.o
 .data          0x00800216        0x0 behaviors.o
 .data          0x00800216        0x0 leds.o
 .data          0x00800216        0x0 sensors.o
 .data          0x00800216        0x0 eepromIO.o
 .data          0x00800216       0x10 irCommunication.o
 .data          0x00800226        0x0 c:/program files (x86)/atmel/avr tools/avr toolchain/bin/../lib/gcc/avr/4.5.1/../../../../avr/lib/avr6\libm.a(addsf3.o)
 .data          0x00800226        0x0 c:/program files (x86)/atmel/avr tools/avr toolchain/bin/../lib/gcc/avr/4.5.1/../../../../avr/lib/avr6\libm.a(addsf3x.o)
 .data          0x00800226        0x0 c:/program files (x86)/atmel/avr tools/avr toolchain/bin/../lib/gcc/avr/4.5.1/../../../../avr/lib/avr6\libm.a(atan2.o)
 .data          0x00800226        0x0 c:/program files (x86)/atmel/avr tools/avr toolchain/bin/../lib/gcc/avr/4.5.1/../../../../avr/lib/avr6\libm.a(atan.o)
 .data          0x00800226        0x0 c:/program files (x86)/atmel/avr tools/avr toolchain/bin/../lib/gcc/avr/4.5.1/../../../../avr/lib/avr6\libm.a(cmpsf2.o)
 .data          0x00800226        0x0 c:/program files (x86)/atmel/avr tools/avr toolchain/bin/../lib/gcc/avr/4.5.1/../../../../avr/lib/avr6\libm.a(cos.o)
 .data          0x00800226        0x0 c:/program files (x86)/atmel/avr tools/avr toolchain/bin/../lib/gcc/avr/4.5.1/../../../../avr/lib/avr6\libm.a(divsf3.o)
 .data          0x00800226        0x0 c:/program files (x86)/atmel/avr tools/avr toolchain/bin/../lib/gcc/avr/4.5.1/../../../../avr/lib/avr6\libm.a(divsf3x.o)
 .data          0x00800226        0x0 c:/program files (x86)/atmel/avr tools/avr toolchain/bin/../lib/gcc/avr/4.5.1/../../../../avr/lib/avr6\libm.a(fixsfsi.o)
 .data          0x00800226        0x0 c:/program files (x86)/atmel/avr tools/avr toolchain/bin/../lib/gcc/avr/4.5.1/../../../../avr/lib/avr6\libm.a(fixunssfsi.o)
 .data          0x00800226        0x0 c:/program files (x86)/atmel/avr tools/avr toolchain/bin/../lib/gcc/avr/4.5.1/../../../../avr/lib/avr6\libm.a(floatsisf.o)
 .data          0x00800226        0x0 c:/program files (x86)/atmel/avr tools/avr toolchain/bin/../lib/gcc/avr/4.5.1/../../../../avr/lib/avr6\libm.a(fp_cmp.o)
 .data          0x00800226        0x0 c:/program files (x86)/atmel/avr tools/avr toolchain/bin/../lib/gcc/avr/4.5.1/../../../../avr/lib/avr6\libm.a(fp_inf.o)
 .data          0x00800226        0x0 c:/program files (x86)/atmel/avr tools/avr toolchain/bin/../lib/gcc/avr/4.5.1/../../../../avr/lib/avr6\libm.a(fp_nan.o)
 .data          0x00800226        0x0 c:/program files (x86)/atmel/avr tools/avr toolchain/bin/../lib/gcc/avr/4.5.1/../../../../avr/lib/avr6\libm.a(fp_powser.o)
 .data          0x00800226        0x0 c:/program files (x86)/atmel/avr tools/avr toolchain/bin/../lib/gcc/avr/4.5.1/../../../../avr/lib/avr6\libm.a(fp_pscA.o)
 .data          0x00800226        0x0 c:/program files (x86)/atmel/avr tools/avr toolchain/bin/../lib/gcc/avr/4.5.1/../../../../avr/lib/avr6\libm.a(fp_pscB.o)
 .data          0x00800226        0x0 c:/program files (x86)/atmel/avr tools/avr toolchain/bin/../lib/gcc/avr/4.5.1/../../../../avr/lib/avr6\libm.a(fp_rempio2.o)
 .data          0x00800226        0x0 c:/program files (x86)/atmel/avr tools/avr toolchain/bin/../lib/gcc/avr/4.5.1/../../../../avr/lib/avr6\libm.a(fp_round.o)
 .data          0x00800226        0x0 c:/program files (x86)/atmel/avr tools/avr toolchain/bin/../lib/gcc/avr/4.5.1/../../../../avr/lib/avr6\libm.a(fp_sinus.o)
 .data          0x00800226        0x0 c:/program files (x86)/atmel/avr tools/avr toolchain/bin/../lib/gcc/avr/4.5.1/../../../../avr/lib/avr6\libm.a(fp_split3.o)
 .data          0x00800226        0x0 c:/program files (x86)/atmel/avr tools/avr toolchain/bin/../lib/gcc/avr/4.5.1/../../../../avr/lib/avr6\libm.a(fp_zero.o)
 .data          0x00800226        0x0 c:/program files (x86)/atmel/avr tools/avr toolchain/bin/../lib/gcc/avr/4.5.1/../../../../avr/lib/avr6\libm.a(gesf2.o)
 .data          0x00800226        0x0 c:/program files (x86)/atmel/avr tools/avr toolchain/bin/../lib/gcc/avr/4.5.1/../../../../avr/lib/avr6\libm.a(inverse.o)
 .data          0x00800226        0x0 c:/program files (x86)/atmel/avr tools/avr toolchain/bin/../lib/gcc/avr/4.5.1/../../../../avr/lib/avr6\libm.a(mulsf3.o)
 .data          0x00800226        0x0 c:/program files (x86)/atmel/avr tools/avr toolchain/bin/../lib/gcc/avr/4.5.1/../../../../avr/lib/avr6\libm.a(mulsf3x.o)
 .data          0x00800226        0x0 c:/program files (x86)/atmel/avr tools/avr toolchain/bin/../lib/gcc/avr/4.5.1/../../../../avr/lib/avr6\libm.a(sin.o)
 .data          0x00800226        0x0 c:/program files (x86)/atmel/avr tools/avr toolchain/bin/../lib/gcc/avr/4.5.1/../../../../avr/lib/avr6\libm.a(square.o)
 .data          0x00800226        0x0 c:/program files (x86)/atmel/avr tools/avr toolchain/bin/../lib/gcc/avr/4.5.1/../../../../avr/lib/avr6\libm.a(fp_mpack.o)
 .data          0x00800226        0x0 c:/program files (x86)/atmel/avr tools/avr toolchain/bin/../lib/gcc/avr/4.5.1/../../../../avr/lib/avr6\libm.a(fp_powsodd.o)
 .data          0x00800226        0x0 c:/program files (x86)/atmel/avr tools/avr toolchain/bin/../lib/gcc/avr/4.5.1/avr6\libgcc.a(_mulsi3.o)
 .data          0x00800226        0x0 c:/program files (x86)/atmel/avr tools/avr toolchain/bin/../lib/gcc/avr/4.5.1/avr6\libgcc.a(_udivmodhi4.o)
 .data          0x00800226        0x0 c:/program files (x86)/atmel/avr tools/avr toolchain/bin/../lib/gcc/avr/4.5.1/avr6\libgcc.a(_divmodhi4.o)
 .data          0x00800226        0x0 c:/program files (x86)/atmel/avr tools/avr toolchain/bin/../lib/gcc/avr/4.5.1/avr6\libgcc.a(_divmodsi4.o)
 .data          0x00800226        0x0 c:/program files (x86)/atmel/avr tools/avr toolchain/bin/../lib/gcc/avr/4.5.1/avr6\libgcc.a(_exit.o)
 .data          0x00800226        0x0 c:/program files (x86)/atmel/avr tools/avr toolchain/bin/../lib/gcc/avr/4.5.1/avr6\libgcc.a(_copy_data.o)
 .data          0x00800226        0x0 c:/program files (x86)/atmel/avr tools/avr toolchain/bin/../lib/gcc/avr/4.5.1/avr6\libgcc.a(_clear_bss.o)
 .data          0x00800226        0x0 c:/program files (x86)/atmel/avr tools/avr toolchain/bin/../lib/gcc/avr/4.5.1/avr6\libgcc.a(_udivmodsi4.o)
 .data          0x00800226        0x4 c:/program files (x86)/atmel/avr tools/avr toolchain/bin/../lib/gcc/avr/4.5.1/../../../../avr/lib/avr6\libc.a(rand.o)
 .data          0x0080022a        0x0 c:/program files (x86)/atmel/avr tools/avr toolchain/bin/../lib/gcc/avr/4.5.1/../../../../avr/lib/avr6\libc.a(memset.o)
 .data          0x0080022a        0x0 c:/program files (x86)/atmel/avr tools/avr toolchain/bin/../lib/gcc/avr/4.5.1/../../../../avr/lib/avr6\libc.a(eerd_block_atmega2560.o)
 .data          0x0080022a        0x0 c:/program files (x86)/atmel/avr tools/avr toolchain/bin/../lib/gcc/avr/4.5.1/../../../../avr/lib/avr6\libc.a(eerd_byte_atmega2560.o)
 .data          0x0080022a        0x0 c:/program files (x86)/atmel/avr tools/avr toolchain/bin/../lib/gcc/avr/4.5.1/../../../../avr/lib/avr6\libc.a(eerd_word_atmega2560.o)
 .data          0x0080022a        0x0 c:/program files (x86)/atmel/avr tools/avr toolchain/bin/../lib/gcc/avr/4.5.1/../../../../avr/lib/avr6\libc.a(eeupd_block_atmega2560.o)
 .data          0x0080022a        0x0 c:/program files (x86)/atmel/avr tools/avr toolchain/bin/../lib/gcc/avr/4.5.1/../../../../avr/lib/avr6\libc.a(eeupd_byte_atmega2560.o)
 .data          0x0080022a        0x0 c:/program files (x86)/atmel/avr tools/avr toolchain/bin/../lib/gcc/avr/4.5.1/../../../../avr/lib/avr6\libc.a(eeupd_word_atmega2560.o)
 .data          0x0080022a        0x0 c:/program files (x86)/atmel/avr tools/avr toolchain/bin/../lib/gcc/avr/4.5.1/../../../../avr/lib/avr6\libc.a(eewr_byte_atmega2560.o)
 .data          0x0080022a        0x0 c:/program files (x86)/atmel/avr tools/avr toolchain/bin/../lib/gcc/avr/4.5.1/../../../../avr/lib/avr6\libc.a(eewr_word_atmega2560.o)
 *(.data*)
 *(.rodata)
 *(.rodata*)
 *(.gnu.linkonce.d*)
                0x0080022a                . = ALIGN (0x2)
                0x0080022a                _edata = .
                0x0080022a                PROVIDE (__data_end, .)

.bss            0x0080022a      0x965
                0x0080022a                PROVIDE (__bss_start, .)
 *(.bss)
 .bss           0x0080022a        0x0 c:/program files (x86)/atmel/avr tools/avr toolchain/bin/../lib/gcc/avr/4.5.1/../../../../avr/lib/avr6/crtm2560.o
 .bss           0x0080022a        0x0 main.o
 .bss           0x0080022a        0x0 spi.o
 .bss           0x0080022a        0x0 mirf.o
 .bss           0x0080022a        0x5 ir_remote_control.o
                0x0080022a                address
                0x0080022b                data_ir
 .bss           0x0080022f        0x0 speed_control.o
 .bss           0x0080022f      0x318 variables.o
                0x0080022f                currentAdChannel
                0x00800230                currentProx
                0x00800231                currentMotLeftChannel
                0x00800232                currentMotRightChannel
                0x00800233                rightMotorPhase
                0x00800234                leftMotorPhase
                0x00800235                proximityValue
                0x00800265                proximityResult
                0x0080027d                proximityOffset
                0x00800295                proximitySum
                0x008002c5                adcSaveDataTo
                0x008002c6                adcSamplingState
                0x008002c7                rightChannelPhase
                0x008002c8                leftChannelPhase
                0x008002c9                batteryLevel
                0x008002cb                measBattery
                0x008002cc                proxUpdated
                0x008002cd                proximityResultLinear
                0x008002dd                rightMotSteps
                0x008002e1                leftMotSteps
                0x008002e5                rightMotStepsOld
                0x008002e9                leftMotStepsOld
                0x008002ed                left_current_avg
                0x008002ef                right_current_avg
                0x008002f1                last_left_current
                0x008002f3                last_right_current
                0x008002f5                pwm_right_desired_to_control
                0x008002f7                pwm_left_desired_to_control
                0x008002f9                left_vel_sum
                0x008002fb                right_vel_sum
                0x008002fd                last_left_vel
                0x008002ff                last_right_vel
                0x00800301                pwm_right
                0x00800303                pwm_left
                0x00800305                pwm_right_desired
                0x00800307                pwm_left_desired
                0x00800309                pwm_intermediate_right_desired
                0x0080030b                pwm_intermediate_left_desired
                0x0080030d                pwm_right_speed_controller
                0x00800311                pwm_left_speed_controller
                0x00800315                delta_left_speed_sum
                0x00800317                delta_right_speed_sum
                0x00800319                pwm_right_working
                0x0080031b                pwm_left_working
                0x0080031d                speedl
                0x0080031f                speedr
                0x00800321                rfAddress
                0x00800323                rfFlags
                0x00800324                spiCommError
                0x00800325                rfDebugMode
                0x00800326                rfDebugCounter
                0x00800327                blinkState
                0x00800328                rgbState
                0x00800329                sendAdcValues
                0x0080032a                commError
                0x0080032b                byteCount
                0x0080032d                uartBuff
                0x0080042d                nextByteIndex
                0x0080042e                currByteIndex
                0x0080042f                menuChoice
                0x00800430                addressReceived
                0x00800431                menuState
                0x00800432                getDataNow
                0x00800433                irCommand
                0x00800434                command_received
                0x00800435                colorState
                0x00800436                behaviorState
                0x00800437                lastCmdTime
                0x0080043b                useAccel
                0x0080043c                accX
                0x0080043e                accY
                0x00800440                accZ
                0x00800442                accOffsetX
                0x00800444                accOffsetY
                0x00800446                accOffsetXSum
                0x00800448                accOffsetYSum
                0x0080044a                accXMax
                0x0080044c                accXMin
                0x0080044e                accYMax
                0x00800450                accYMin
                0x00800452                currentAngle
                0x00800454                timesInSamePos
                0x00800456                accBuff
                0x0080045c                temperature
                0x0080045e                clockTick
                0x00800462                currentSelector
                0x00800463                calibrationCycle
                0x00800465                hardwareRevision
                0x00800466                demoState
                0x00800467                lineFound
                0x00800468                outOfLine
                0x00800469                chargeContact
                0x0080046a                demoStartTime
                0x0080046e                demoStartTime2
                0x00800472                demoEndTime
                0x00800476                speedStepCounter
                0x0080047e                softAccEnabled
                0x0080047f                calibrationWritten
                0x00800480                greenLedState
                0x00800481                rgbLedState
                0x00800482                lastTick
                0x00800486                obstacleAvoidanceEnabled
                0x00800487                cliffAvoidanceEnabled
                0x00800488                cliffDetectedFlag
                0x00800489                theta
                0x0080048d                lastTheta
                0x00800491                xPos
                0x00800495                yPos
                0x00800499                deltaDist
                0x0080049d                thetaOld
                0x008004a1                xPosOld
                0x008004a5                yPosOld
                0x008004a9                deltaDistOld
                0x008004ad                leftDist
                0x008004b1                rightDist
                0x008004b5                leftDistPrev
                0x008004b9                rightDistPrev
                0x008004bd                computeOdometry
                0x008004be                thetaAcc
                0x008004c2                leftSpeedSumOdom
                0x008004c6                rightSpeedSumOdom
                0x008004ca                leftSumCount
                0x008004cc                rightSumCount
                0x008004ce                avgLeftSpeed
                0x008004d0                avgRightSpeed
                0x008004d2                speedLeftFromEnc
                0x008004d4                speedRightFromEnc
                0x008004d6                timeLeftOdom
                0x008004da                timeRightOdom
                0x008004de                minGround
                0x008004e0                maxGround
                0x008004e2                calibrationThr
                0x008004e4                irCommEnabled
                0x008004e5                irCommEnabledNext
                0x008004e6                irCommMode
                0x008004e7                irCommState
                0x008004e8                irCommTempValue
                0x008004ea                irCommSendValues
                0x008004eb                irCommTickCounter
                0x008004ef                irCommTickCounter2
                0x008004f3                irCommTickCounterUpdate
                0x008004f4                irCommLastData
                0x008004f6                angleDeg
                0x008004f8                angleError
                0x008004fa                angleDegEncode
                0x008004fb                irCommRobotId
                0x008004fc                irCommRobotsNum
                0x008004fd                irCommLedToggle
                0x008004fe                irCommMsgCount
                0x008004ff                irCommMaxSensorSignalIndexTemp
                0x00800500                irCommMaxSensorSignalFiltIndexTemp
                0x00800501                irCommRxMaxSensorIndexTemp
                0x00800502                irCommRxMaxDiffIndexTemp
                0x00800503                irCommProxMeanIndexTemp
                0x00800504                irCommSwitchCountIndexTemp
                0x00800505                irCommMaxSensorValueCurrIndexTemp
                0x00800506                irCommMinSensorValueCurrIndexTemp
                0x00800507                irCommShiftCountIndexTemp
                0x00800508                irCommShiftCountFinalIndexTemp
                0x00800509                irCommStartDiffIndexTemp
                0x0080050a                irCommComputeShiftIndexTemp
                0x0080050b                irCommRxPeakHighToLowIndexTemp
                0x0080050c                irCommRxStartPeakDurationIndexTemp
                0x0080050d                irCommRxStartBitDetectedIndexTemp
                0x0080050e                irCommStateIndexTemp
                0x0080050f                irCommSyncStateIndexTemp
                0x00800510                irCommBitsSignalIndexTemp
                0x00800511                irCommRxBitReceivedIndexTemp
                0x00800512                irCommRxPrevDataReceived
                0x00800513                irCommAdcRxState
                0x00800514                irCommRxWindowSamples
                0x00800515                irCommRxCrc
                0x00800516                irCommProxSum
                0x0080051a                irCommTempMax
                0x0080051c                irCommTempMin
                0x0080051e                irCommShiftCount
                0x0080051f                irCommComputeShift
                0x00800520                irCommProxMean
                0x00800522                irCommSignalState
                0x00800523                irCommSwitchCount
                0x00800524                irCommRxBitCount
                0x00800525                irCommRxCrcError
                0x00800526                irCommRxByte
                0x00800527                irCommSecondBitSkipped
                0x00800528                irCommShiftCounter
                0x00800529                irCommRxByteExpected
                0x0080052a                irCommRxSequenceCount
                0x0080052b                irCommRxLastDataReceived
                0x0080052c                irCommRxDataAvailable
                0x0080052d                irCommRxBitSkipped
                0x0080052e                irCommRxStartBitDetected
                0x0080052f                irCommRxPeakHighToLow
                0x00800530                irCommRxStartPeakDuration
                0x00800531                irCommRxMaxDiff
                0x00800533                irCommRxMaxSensor
                0x00800535                irCommRxNumReceivingSensors
                0x00800536                irCommAdcTxState
                0x00800537                irCommTxByte
                0x00800538                irCommTxByteEnqueued
                0x00800539                irCommTxLastTransmissionTime
                0x0080053d                irCommTxCrc
                0x0080053e                irCommTxBitCount
                0x0080053f                irCommTxPulseState
                0x00800540                irCommTxDuration
                0x00800542                irCommTxSwitchCount
                0x00800543                irCommTxSwitchCounter
                0x00800544                irCommTxDurationCycle
                0x00800545                irCommTxSensorMask
                0x00800546                irCommTxSensorGroup
 .bss           0x00800547        0x0 ports_io.o
 .bss           0x00800547        0x0 twimaster.o
 .bss           0x00800547        0x0 usart.o
 .bss           0x00800547        0x0 utility.o
 .bss           0x00800547        0x0 adc.o
 .bss           0x00800547        0x0 motors.o
 .bss           0x00800547        0x0 behaviors.o
 .bss           0x00800547        0x0 leds.o
 .bss           0x00800547        0x0 sensors.o
 .bss           0x00800547        0x0 eepromIO.o
 .bss           0x00800547        0x0 irCommunication.o
 .bss           0x00800547        0x0 c:/program files (x86)/atmel/avr tools/avr toolchain/bin/../lib/gcc/avr/4.5.1/../../../../avr/lib/avr6\libm.a(addsf3.o)
 .bss           0x00800547        0x0 c:/program files (x86)/atmel/avr tools/avr toolchain/bin/../lib/gcc/avr/4.5.1/../../../../avr/lib/avr6\libm.a(addsf3x.o)
 .bss           0x00800547        0x0 c:/program files (x86)/atmel/avr tools/avr toolchain/bin/../lib/gcc/avr/4.5.1/../../../../avr/lib/avr6\libm.a(atan2.o)
 .bss           0x00800547        0x0 c:/program files (x86)/atmel/avr tools/avr toolchain/bin/../lib/gcc/avr/4.5.1/../../../../avr/lib/avr6\libm.a(atan.o)
 .bss           0x00800547        0x0 c:/program files (x86)/atmel/avr tools/avr toolchain/bin/../lib/gcc/avr/4.5.1/../../../../avr/lib/avr6\libm.a(cmpsf2.o)
 .bss           0x00800547        0x0 c:/program files (x86)/atmel/avr tools/avr toolchain/bin/../lib/gcc/avr/4.5.1/../../../../avr/lib/avr6\libm.a(cos.o)
 .bss           0x00800547        0x0 c:/program files (x86)/atmel/avr tools/avr toolchain/bin/../lib/gcc/avr/4.5.1/../../../../avr/lib/avr6\libm.a(divsf3.o)
 .bss           0x00800547        0x0 c:/program files (x86)/atmel/avr tools/avr toolchain/bin/../lib/gcc/avr/4.5.1/../../../../avr/lib/avr6\libm.a(divsf3x.o)
 .bss           0x00800547        0x0 c:/program files (x86)/atmel/avr tools/avr toolchain/bin/../lib/gcc/avr/4.5.1/../../../../avr/lib/avr6\libm.a(fixsfsi.o)
 .bss           0x00800547        0x0 c:/program files (x86)/atmel/avr tools/avr toolchain/bin/../lib/gcc/avr/4.5.1/../../../../avr/lib/avr6\libm.a(fixunssfsi.o)
 .bss           0x00800547        0x0 c:/program files (x86)/atmel/avr tools/avr toolchain/bin/../lib/gcc/avr/4.5.1/../../../../avr/lib/avr6\libm.a(floatsisf.o)
 .bss           0x00800547        0x0 c:/program files (x86)/atmel/avr tools/avr toolchain/bin/../lib/gcc/avr/4.5.1/../../../../avr/lib/avr6\libm.a(fp_cmp.o)
 .bss           0x00800547        0x0 c:/program files (x86)/atmel/avr tools/avr toolchain/bin/../lib/gcc/avr/4.5.1/../../../../avr/lib/avr6\libm.a(fp_inf.o)
 .bss           0x00800547        0x0 c:/program files (x86)/atmel/avr tools/avr toolchain/bin/../lib/gcc/avr/4.5.1/../../../../avr/lib/avr6\libm.a(fp_nan.o)
 .bss           0x00800547        0x0 c:/program files (x86)/atmel/avr tools/avr toolchain/bin/../lib/gcc/avr/4.5.1/../../../../avr/lib/avr6\libm.a(fp_powser.o)
 .bss           0x00800547        0x0 c:/program files (x86)/atmel/avr tools/avr toolchain/bin/../lib/gcc/avr/4.5.1/../../../../avr/lib/avr6\libm.a(fp_pscA.o)
 .bss           0x00800547        0x0 c:/program files (x86)/atmel/avr tools/avr toolchain/bin/../lib/gcc/avr/4.5.1/../../../../avr/lib/avr6\libm.a(fp_pscB.o)
 .bss           0x00800547        0x0 c:/program files (x86)/atmel/avr tools/avr toolchain/bin/../lib/gcc/avr/4.5.1/../../../../avr/lib/avr6\libm.a(fp_rempio2.o)
 .bss           0x00800547        0x0 c:/program files (x86)/atmel/avr tools/avr toolchain/bin/../lib/gcc/avr/4.5.1/../../../../avr/lib/avr6\libm.a(fp_round.o)
 .bss           0x00800547        0x0 c:/program files (x86)/atmel/avr tools/avr toolchain/bin/../lib/gcc/avr/4.5.1/../../../../avr/lib/avr6\libm.a(fp_sinus.o)
 .bss           0x00800547        0x0 c:/program files (x86)/atmel/avr tools/avr toolchain/bin/../lib/gcc/avr/4.5.1/../../../../avr/lib/avr6\libm.a(fp_split3.o)
 .bss           0x00800547        0x0 c:/program files (x86)/atmel/avr tools/avr toolchain/bin/../lib/gcc/avr/4.5.1/../../../../avr/lib/avr6\libm.a(fp_zero.o)
 .bss           0x00800547        0x0 c:/program files (x86)/atmel/avr tools/avr toolchain/bin/../lib/gcc/avr/4.5.1/../../../../avr/lib/avr6\libm.a(gesf2.o)
 .bss           0x00800547        0x0 c:/program files (x86)/atmel/avr tools/avr toolchain/bin/../lib/gcc/avr/4.5.1/../../../../avr/lib/avr6\libm.a(inverse.o)
 .bss           0x00800547        0x0 c:/program files (x86)/atmel/avr tools/avr toolchain/bin/../lib/gcc/avr/4.5.1/../../../../avr/lib/avr6\libm.a(mulsf3.o)
 .bss           0x00800547        0x0 c:/program files (x86)/atmel/avr tools/avr toolchain/bin/../lib/gcc/avr/4.5.1/../../../../avr/lib/avr6\libm.a(mulsf3x.o)
 .bss           0x00800547        0x0 c:/program files (x86)/atmel/avr tools/avr toolchain/bin/../lib/gcc/avr/4.5.1/../../../../avr/lib/avr6\libm.a(sin.o)
 .bss           0x00800547        0x0 c:/program files (x86)/atmel/avr tools/avr toolchain/bin/../lib/gcc/avr/4.5.1/../../../../avr/lib/avr6\libm.a(square.o)
 .bss           0x00800547        0x0 c:/program files (x86)/atmel/avr tools/avr toolchain/bin/../lib/gcc/avr/4.5.1/../../../../avr/lib/avr6\libm.a(fp_mpack.o)
 .bss           0x00800547        0x0 c:/program files (x86)/atmel/avr tools/avr toolchain/bin/../lib/gcc/avr/4.5.1/../../../../avr/lib/avr6\libm.a(fp_powsodd.o)
 .bss           0x00800547        0x0 c:/program files (x86)/atmel/avr tools/avr toolchain/bin/../lib/gcc/avr/4.5.1/avr6\libgcc.a(_mulsi3.o)
 .bss           0x00800547        0x0 c:/program files (x86)/atmel/avr tools/avr toolchain/bin/../lib/gcc/avr/4.5.1/avr6\libgcc.a(_udivmodhi4.o)
 .bss           0x00800547        0x0 c:/program files (x86)/atmel/avr tools/avr toolchain/bin/../lib/gcc/avr/4.5.1/avr6\libgcc.a(_divmodhi4.o)
 .bss           0x00800547        0x0 c:/program files (x86)/atmel/avr tools/avr toolchain/bin/../lib/gcc/avr/4.5.1/avr6\libgcc.a(_divmodsi4.o)
 .bss           0x00800547        0x0 c:/program files (x86)/atmel/avr tools/avr toolchain/bin/../lib/gcc/avr/4.5.1/avr6\libgcc.a(_exit.o)
 .bss           0x00800547        0x0 c:/program files (x86)/atmel/avr tools/avr toolchain/bin/../lib/gcc/avr/4.5.1/avr6\libgcc.a(_copy_data.o)
 .bss           0x00800547        0x0 c:/program files (x86)/atmel/avr tools/avr toolchain/bin/../lib/gcc/avr/4.5.1/avr6\libgcc.a(_clear_bss.o)
 .bss           0x00800547        0x0 c:/program files (x86)/atmel/avr tools/avr toolchain/bin/../lib/gcc/avr/4.5.1/avr6\libgcc.a(_udivmodsi4.o)
 .bss           0x00800547        0x0 c:/program files (x86)/atmel/avr tools/avr toolchain/bin/../lib/gcc/avr/4.5.1/../../../../avr/lib/avr6\libc.a(rand.o)
 .bss           0x00800547        0x0 c:/program files (x86)/atmel/avr tools/avr toolchain/bin/../lib/gcc/avr/4.5.1/../../../../avr/lib/avr6\libc.a(memset.o)
 .bss           0x00800547        0x0 c:/program files (x86)/atmel/avr tools/avr toolchain/bin/../lib/gcc/avr/4.5.1/../../../../avr/lib/avr6\libc.a(eerd_block_atmega2560.o)
 .bss           0x00800547        0x0 c:/program files (x86)/atmel/avr tools/avr toolchain/bin/../lib/gcc/avr/4.5.1/../../../../avr/lib/avr6\libc.a(eerd_byte_atmega2560.o)
 .bss           0x00800547        0x0 c:/program files (x86)/atmel/avr tools/avr toolchain/bin/../lib/gcc/avr/4.5.1/../../../../avr/lib/avr6\libc.a(eerd_word_atmega2560.o)
 .bss           0x00800547        0x0 c:/program files (x86)/atmel/avr tools/avr toolchain/bin/../lib/gcc/avr/4.5.1/../../../../avr/lib/avr6\libc.a(eeupd_block_atmega2560.o)
 .bss           0x00800547        0x0 c:/program files (x86)/atmel/avr tools/avr toolchain/bin/../lib/gcc/avr/4.5.1/../../../../avr/lib/avr6\libc.a(eeupd_byte_atmega2560.o)
 .bss           0x00800547        0x0 c:/program files (x86)/atmel/avr tools/avr toolchain/bin/../lib/gcc/avr/4.5.1/../../../../avr/lib/avr6\libc.a(eeupd_word_atmega2560.o)
 .bss           0x00800547        0x0 c:/program files (x86)/atmel/avr tools/avr toolchain/bin/../lib/gcc/avr/4.5.1/../../../../avr/lib/avr6\libc.a(eewr_byte_atmega2560.o)
 .bss           0x00800547        0x0 c:/program files (x86)/atmel/avr tools/avr toolchain/bin/../lib/gcc/avr/4.5.1/../../../../avr/lib/avr6\libc.a(eewr_word_atmega2560.o)
 *(.bss*)
 *(COMMON)
 COMMON         0x00800547        0x1 mirf.o
                0x00800547                PTX
 COMMON         0x00800548      0x647 variables.o
                0x00800548                irCommMinSensorValueCurr
                0x0080054a                irCommMaxSensorValueCurrTemp
                0x0080054e                irCommStateTemp
                0x0080055c                irCommMaxSensorValueCurr
                0x0080055e                timeOdometry
                0x00800562                currentOsccal
                0x00800563                irCommSwitchCountTemp
                0x00800565                calibWheel
                0x00800566                irCommTxBitToTransmit
                0x00800572                irCommRxBitReceived
                0x0080057c                irCommSyncStateTemp
                0x0080057e                irCommComputeShiftTemp
                0x00800580                calibrateOdomFlag
                0x00800581                irCommProxMeanTemp
                0x00800585                delta_left_speed_current
                0x00800587                irCommRxStartBitDetectedTemp
                0x00800589                irCommMaxSensorSignalFiltTemp
                0x008005d9                irCommMinSensorValueAdc
                0x008005db                irCommRxPeakHighToLowTemp
                0x008005dd                irCommProxValuesBuff1
                0x0080071d                irCommRxStartPeakDurationTemp
                0x0080071f                irCommProxValuesBuff2
                0x0080085f                irCommProxValuesCurr
                0x00800861                irCommMinSensorValueBuff1
                0x00800871                irCommRxBitReceivedTemp
                0x0080087b                irCommProxValuesAdc
                0x0080087d                irCommMaxSensorSignalTemp
                0x008008cd                calibVelIndex
                0x008008ce                irCommStartDiffTemp
                0x008008d2                delta_right_speed_prev
                0x008008d4                ackPayload
                0x008008e4                irCommMinSensorValueBuff2
                0x008008f4                calibration
                0x00800984                dataLED
                0x0080098a                irCommMaxSensorValueBuff1
                0x0080099a                delta_left_speed_prev
                0x0080099c                rfData
                0x008009a9                irCommBitsSignalTemp
                0x00800b39                delta_right_speed_current
                0x00800b3b                irCommRxMaxSensorTemp
                0x00800b3f                irCommMinSensorValueCurrTemp
                0x00800b43                timeoutOdometry
                0x00800b47                irCommShiftCountFinalTemp
                0x00800b49                irCommMaxSensorValueAdc
                0x00800b4b                irCommMaxSensorSignal
                0x00800b73                calibState
                0x00800b74                irCommRxMaxDiffTemp
                0x00800b78                irCommMaxSensorValueBuff2
                0x00800b88                tempVel
                0x00800b8a                irCommTempPointer
                0x00800b8c                startCalibration
                0x00800b8d                irCommShiftCountTemp
                0x00800b8f                PROVIDE (__bss_end, .)
                0x0000b03a                __data_load_start = LOADADDR (.data)
                0x0000b064                __data_load_end = (__data_load_start + SIZEOF (.data))

.noinit         0x00800b8f        0x0
                0x00800b8f                PROVIDE (__noinit_start, .)
 *(.noinit*)
                0x00800b8f                PROVIDE (__noinit_end, .)
                0x00800b8f                _end = .
                0x00800b8f                PROVIDE (__heap_start, .)

.eeprom         0x00810000        0x0
 *(.eeprom*)
                0x00810000                __eeprom_end = .

.fuse
 *(.fuse)
 *(.lfuse)
 *(.hfuse)
 *(.efuse)

.lock
 *(.lock*)

.signature
 *(.signature*)

.stab           0x00000000     0x37ec
 *(.stab)
 .stab          0x00000000      0x6e4 c:/program files (x86)/atmel/avr tools/avr toolchain/bin/../lib/gcc/avr/4.5.1/../../../../avr/lib/avr6/crtm2560.o
 .stab          0x000006e4       0x78 c:/program files (x86)/atmel/avr tools/avr toolchain/bin/../lib/gcc/avr/4.5.1/../../../../avr/lib/avr6\libm.a(addsf3.o)
                                 0x84 (size before relaxing)
 .stab          0x0000075c      0x4bc c:/program files (x86)/atmel/avr tools/avr toolchain/bin/../lib/gcc/avr/4.5.1/../../../../avr/lib/avr6\libm.a(addsf3x.o)
                                0x4c8 (size before relaxing)
 .stab          0x00000c18      0x2f4 c:/program files (x86)/atmel/avr tools/avr toolchain/bin/../lib/gcc/avr/4.5.1/../../../../avr/lib/avr6\libm.a(atan2.o)
                                0x300 (size before relaxing)
 .stab          0x00000f0c      0x210 c:/program files (x86)/atmel/avr tools/avr toolchain/bin/../lib/gcc/avr/4.5.1/../../../../avr/lib/avr6\libm.a(atan.o)
                                0x21c (size before relaxing)
 .stab          0x0000111c       0x90 c:/program files (x86)/atmel/avr tools/avr toolchain/bin/../lib/gcc/avr/4.5.1/../../../../avr/lib/avr6\libm.a(cmpsf2.o)
                                 0x9c (size before relaxing)
 .stab          0x000011ac       0x54 c:/program files (x86)/atmel/avr tools/avr toolchain/bin/../lib/gcc/avr/4.5.1/../../../../avr/lib/avr6\libm.a(cos.o)
                                 0x60 (size before relaxing)
 .stab          0x00001200       0x48 c:/program files (x86)/atmel/avr tools/avr toolchain/bin/../lib/gcc/avr/4.5.1/../../../../avr/lib/avr6\libm.a(divsf3.o)
                                 0x54 (size before relaxing)
 .stab          0x00001248      0x510 c:/program files (x86)/atmel/avr tools/avr toolchain/bin/../lib/gcc/avr/4.5.1/../../../../avr/lib/avr6\libm.a(divsf3x.o)
                                0x51c (size before relaxing)
 .stab          0x00001758       0x6c c:/program files (x86)/atmel/avr tools/avr toolchain/bin/../lib/gcc/avr/4.5.1/../../../../avr/lib/avr6\libm.a(fixsfsi.o)
                                 0x78 (size before relaxing)
 .stab          0x000017c4      0x240 c:/program files (x86)/atmel/avr tools/avr toolchain/bin/../lib/gcc/avr/4.5.1/../../../../avr/lib/avr6\libm.a(fixunssfsi.o)
                                0x24c (size before relaxing)
 .stab          0x00001a04      0x318 c:/program files (x86)/atmel/avr tools/avr toolchain/bin/../lib/gcc/avr/4.5.1/../../../../avr/lib/avr6\libm.a(floatsisf.o)
                                0x324 (size before relaxing)
 .stab          0x00001d1c      0x1e0 c:/program files (x86)/atmel/avr tools/avr toolchain/bin/../lib/gcc/avr/4.5.1/../../../../avr/lib/avr6\libm.a(fp_cmp.o)
                                0x1ec (size before relaxing)
 .stab          0x00001efc       0x78 c:/program files (x86)/atmel/avr tools/avr toolchain/bin/../lib/gcc/avr/4.5.1/../../../../avr/lib/avr6\libm.a(fp_inf.o)
                                 0x84 (size before relaxing)
 .stab          0x00001f74       0x54 c:/program files (x86)/atmel/avr tools/avr toolchain/bin/../lib/gcc/avr/4.5.1/../../../../avr/lib/avr6\libm.a(fp_nan.o)
                                 0x60 (size before relaxing)
 .stab          0x00001fc8      0x1ec c:/program files (x86)/atmel/avr tools/avr toolchain/bin/../lib/gcc/avr/4.5.1/../../../../avr/lib/avr6\libm.a(fp_powser.o)
                                0x1f8 (size before relaxing)
 .stab          0x000021b4       0x84 c:/program files (x86)/atmel/avr tools/avr toolchain/bin/../lib/gcc/avr/4.5.1/../../../../avr/lib/avr6\libm.a(fp_pscA.o)
                                 0x90 (size before relaxing)
 .stab          0x00002238       0x84 c:/program files (x86)/atmel/avr tools/avr toolchain/bin/../lib/gcc/avr/4.5.1/../../../../avr/lib/avr6\libm.a(fp_pscB.o)
                                 0x90 (size before relaxing)
 .stab          0x000022bc      0x21c c:/program files (x86)/atmel/avr tools/avr toolchain/bin/../lib/gcc/avr/4.5.1/../../../../avr/lib/avr6\libm.a(fp_rempio2.o)
                                0x228 (size before relaxing)
 .stab          0x000024d8       0xfc c:/program files (x86)/atmel/avr tools/avr toolchain/bin/../lib/gcc/avr/4.5.1/../../../../avr/lib/avr6\libm.a(fp_round.o)
                                0x108 (size before relaxing)
 .stab          0x000025d4       0xfc c:/program files (x86)/atmel/avr tools/avr toolchain/bin/../lib/gcc/avr/4.5.1/../../../../avr/lib/avr6\libm.a(fp_sinus.o)
                                0x108 (size before relaxing)
 .stab          0x000026d0      0x1d4 c:/program files (x86)/atmel/avr tools/avr toolchain/bin/../lib/gcc/avr/4.5.1/../../../../avr/lib/avr6\libm.a(fp_split3.o)
                                0x1e0 (size before relaxing)
 .stab          0x000028a4       0x90 c:/program files (x86)/atmel/avr tools/avr toolchain/bin/../lib/gcc/avr/4.5.1/../../../../avr/lib/avr6\libm.a(fp_zero.o)
                                 0x9c (size before relaxing)
 .stab          0x00002934       0x6c c:/program files (x86)/atmel/avr tools/avr toolchain/bin/../lib/gcc/avr/4.5.1/../../../../avr/lib/avr6\libm.a(gesf2.o)
                                 0x78 (size before relaxing)
 .stab          0x000029a0       0x84 c:/program files (x86)/atmel/avr tools/avr toolchain/bin/../lib/gcc/avr/4.5.1/../../../../avr/lib/avr6\libm.a(inverse.o)
                                 0x90 (size before relaxing)
 .stab          0x00002a24       0x48 c:/program files (x86)/atmel/avr tools/avr toolchain/bin/../lib/gcc/avr/4.5.1/../../../../avr/lib/avr6\libm.a(mulsf3.o)
                                 0x54 (size before relaxing)
 .stab          0x00002a6c      0x4d4 c:/program files (x86)/atmel/avr tools/avr toolchain/bin/../lib/gcc/avr/4.5.1/../../../../avr/lib/avr6\libm.a(mulsf3x.o)
                                0x4e0 (size before relaxing)
 .stab          0x00002f40       0x78 c:/program files (x86)/atmel/avr tools/avr toolchain/bin/../lib/gcc/avr/4.5.1/../../../../avr/lib/avr6\libm.a(sin.o)
                                 0x84 (size before relaxing)
 .stab          0x00002fb8       0x54 c:/program files (x86)/atmel/avr tools/avr toolchain/bin/../lib/gcc/avr/4.5.1/../../../../avr/lib/avr6\libm.a(square.o)
                                 0x60 (size before relaxing)
 .stab          0x0000300c       0xe4 c:/program files (x86)/atmel/avr tools/avr toolchain/bin/../lib/gcc/avr/4.5.1/../../../../avr/lib/avr6\libm.a(fp_mpack.o)
                                 0xf0 (size before relaxing)
 .stab          0x000030f0       0xfc c:/program files (x86)/atmel/avr tools/avr toolchain/bin/../lib/gcc/avr/4.5.1/../../../../avr/lib/avr6\libm.a(fp_powsodd.o)
                                0x108 (size before relaxing)
 .stab          0x000031ec       0x6c c:/program files (x86)/atmel/avr tools/avr toolchain/bin/../lib/gcc/avr/4.5.1/../../../../avr/lib/avr6\libc.a(memset.o)
                                 0x78 (size before relaxing)
 .stab          0x00003258      0x108 c:/program files (x86)/atmel/avr tools/avr toolchain/bin/../lib/gcc/avr/4.5.1/../../../../avr/lib/avr6\libc.a(eerd_block_atmega2560.o)
                                0x114 (size before relaxing)
 .stab          0x00003360       0x90 c:/program files (x86)/atmel/avr tools/avr toolchain/bin/../lib/gcc/avr/4.5.1/../../../../avr/lib/avr6\libc.a(eerd_byte_atmega2560.o)
                                 0x9c (size before relaxing)
 .stab          0x000033f0       0x6c c:/program files (x86)/atmel/avr tools/avr toolchain/bin/../lib/gcc/avr/4.5.1/../../../../avr/lib/avr6\libc.a(eerd_word_atmega2560.o)
                                 0x78 (size before relaxing)
 .stab          0x0000345c       0xe4 c:/program files (x86)/atmel/avr tools/avr toolchain/bin/../lib/gcc/avr/4.5.1/../../../../avr/lib/avr6\libc.a(eeupd_block_atmega2560.o)
                                 0xf0 (size before relaxing)
 .stab          0x00003540      0x114 c:/program files (x86)/atmel/avr tools/avr toolchain/bin/../lib/gcc/avr/4.5.1/../../../../avr/lib/avr6\libc.a(eeupd_byte_atmega2560.o)
                                0x120 (size before relaxing)
 .stab          0x00003654       0x60 c:/program files (x86)/atmel/avr tools/avr toolchain/bin/../lib/gcc/avr/4.5.1/../../../../avr/lib/avr6\libc.a(eeupd_word_atmega2560.o)
                                 0x6c (size before relaxing)
 .stab          0x000036b4       0xe4 c:/program files (x86)/atmel/avr tools/avr toolchain/bin/../lib/gcc/avr/4.5.1/../../../../avr/lib/avr6\libc.a(eewr_byte_atmega2560.o)
                                 0xf0 (size before relaxing)
 .stab          0x00003798       0x54 c:/program files (x86)/atmel/avr tools/avr toolchain/bin/../lib/gcc/avr/4.5.1/../../../../avr/lib/avr6\libc.a(eewr_word_atmega2560.o)
                                 0x60 (size before relaxing)

.stabstr        0x00000000      0xf7b
 *(.stabstr)
 .stabstr       0x00000000      0xf7b c:/program files (x86)/atmel/avr tools/avr toolchain/bin/../lib/gcc/avr/4.5.1/../../../../avr/lib/avr6/crtm2560.o

.stab.excl
 *(.stab.excl)

.stab.exclstr
 *(.stab.exclstr)

.stab.index
 *(.stab.index)

.stab.indexstr
 *(.stab.indexstr)

.comment
 *(.comment)

.debug
 *(.debug)

.line
 *(.line)

.debug_srcinfo
 *(.debug_srcinfo)

.debug_sfnames
 *(.debug_sfnames)

.debug_aranges  0x00000000      0x238
 *(.debug_aranges)
 .debug_aranges
                0x00000000       0x20 main.o
 .debug_aranges
                0x00000020       0x20 spi.o
 .debug_aranges
                0x00000040       0x20 mirf.o
 .debug_aranges
                0x00000060       0x20 ir_remote_control.o
 .debug_aranges
                0x00000080       0x20 speed_control.o
 .debug_aranges
                0x000000a0       0x20 ports_io.o
 .debug_aranges
                0x000000c0       0x20 twimaster.o
 .debug_aranges
                0x000000e0       0x20 usart.o
 .debug_aranges
                0x00000100       0x20 utility.o
 .debug_aranges
                0x00000120       0x20 adc.o
 .debug_aranges
                0x00000140       0x20 motors.o
 .debug_aranges
                0x00000160       0x20 behaviors.o
 .debug_aranges
                0x00000180       0x20 leds.o
 .debug_aranges
                0x000001a0       0x20 sensors.o
 .debug_aranges
                0x000001c0       0x20 eepromIO.o
 .debug_aranges
                0x000001e0       0x20 irCommunication.o
 .debug_aranges
                0x00000200       0x38 c:/program files (x86)/atmel/avr tools/avr toolchain/bin/../lib/gcc/avr/4.5.1/../../../../avr/lib/avr6\libc.a(rand.o)

.debug_pubnames
                0x00000000     0x2237
 *(.debug_pubnames)
 .debug_pubnames
                0x00000000       0x1b main.o
 .debug_pubnames
                0x0000001b       0x77 spi.o
 .debug_pubnames
                0x00000092      0x1cf mirf.o
 .debug_pubnames
                0x00000261       0xd3 ir_remote_control.o
 .debug_pubnames
                0x00000334       0x64 speed_control.o
 .debug_pubnames
                0x00000398     0x1715 variables.o
 .debug_pubnames
                0x00001aad       0x22 ports_io.o
 .debug_pubnames
                0x00001acf       0x9b twimaster.o
 .debug_pubnames
                0x00001b6a       0xa2 usart.o
 .debug_pubnames
                0x00001c0c       0x8e utility.o
 .debug_pubnames
                0x00001c9a       0x2e adc.o
 .debug_pubnames
                0x00001cc8      0x1b7 motors.o
 .debug_pubnames
                0x00001e7f       0xb8 behaviors.o
 .debug_pubnames
                0x00001f37       0xa3 leds.o
 .debug_pubnames
                0x00001fda       0xca sensors.o
 .debug_pubnames
                0x000020a4       0x4b eepromIO.o
 .debug_pubnames
                0x000020ef      0x118 irCommunication.o
 .debug_pubnames
                0x00002207       0x30 c:/program files (x86)/atmel/avr tools/avr toolchain/bin/../lib/gcc/avr/4.5.1/../../../../avr/lib/avr6\libc.a(rand.o)

.debug_info     0x00000000     0x63da
 *(.debug_info)
 .debug_info    0x00000000      0x627 main.o
 .debug_info    0x00000627      0x21c spi.o
 .debug_info    0x00000843      0xc40 mirf.o
 .debug_info    0x00001483      0x464 ir_remote_control.o
 .debug_info    0x000018e7      0x202 speed_control.o
 .debug_info    0x00001ae9     0x15dc variables.o
 .debug_info    0x000030c5       0x98 ports_io.o
 .debug_info    0x0000315d      0x1fc twimaster.o
 .debug_info    0x00003359      0x314 usart.o
 .debug_info    0x0000366d      0x335 utility.o
 .debug_info    0x000039a2      0x6c9 adc.o
 .debug_info    0x0000406b      0xa2f motors.o
 .debug_info    0x00004a9a      0x23e behaviors.o
 .debug_info    0x00004cd8      0x1dd leds.o
 .debug_info    0x00004eb5      0x5c6 sensors.o
 .debug_info    0x0000547b       0xcc eepromIO.o
 .debug_info    0x00005547      0xd73 irCommunication.o
 .debug_info    0x000062ba      0x120 c:/program files (x86)/atmel/avr tools/avr toolchain/bin/../lib/gcc/avr/4.5.1/../../../../avr/lib/avr6\libc.a(rand.o)
 *(.gnu.linkonce.wi.*)

.debug_abbrev   0x00000000     0x117f
 *(.debug_abbrev)
 .debug_abbrev  0x00000000       0xa9 main.o
 .debug_abbrev  0x000000a9      0x134 spi.o
 .debug_abbrev  0x000001dd      0x2a2 mirf.o
 .debug_abbrev  0x0000047f      0x133 ir_remote_control.o
 .debug_abbrev  0x000005b2       0x7d speed_control.o
 .debug_abbrev  0x0000062f       0x7b variables.o
 .debug_abbrev  0x000006aa       0x5d ports_io.o
 .debug_abbrev  0x00000707      0x139 twimaster.o
 .debug_abbrev  0x00000840      0x161 usart.o
 .debug_abbrev  0x000009a1       0xba utility.o
 .debug_abbrev  0x00000a5b       0xb6 adc.o
 .debug_abbrev  0x00000b11      0x15c motors.o
 .debug_abbrev  0x00000c6d       0xcf behaviors.o
 .debug_abbrev  0x00000d3c       0x90 leds.o
 .debug_abbrev  0x00000dcc      0x139 sensors.o
 .debug_abbrev  0x00000f05       0x6d eepromIO.o
 .debug_abbrev  0x00000f72      0x140 irCommunication.o
 .debug_abbrev  0x000010b2       0xcd c:/program files (x86)/atmel/avr tools/avr toolchain/bin/../lib/gcc/avr/4.5.1/../../../../avr/lib/avr6\libc.a(rand.o)

.debug_line     0x00000000     0x857c
 *(.debug_line)
 .debug_line    0x00000000     0x15f2 main.o
 .debug_line    0x000015f2      0x28d spi.o
 .debug_line    0x0000187f      0xd4c mirf.o
 .debug_line    0x000025cb      0x6f0 ir_remote_control.o
 .debug_line    0x00002cbb      0x31f speed_control.o
 .debug_line    0x00002fda       0xc2 variables.o
 .debug_line    0x0000309c      0x1e6 ports_io.o
 .debug_line    0x00003282      0x366 twimaster.o
 .debug_line    0x000035e8      0x38d usart.o
 .debug_line    0x00003975      0x3bb utility.o
 .debug_line    0x00003d30      0xbf5 adc.o
 .debug_line    0x00004925     0x139a motors.o
 .debug_line    0x00005cbf      0x313 behaviors.o
 .debug_line    0x00005fd2      0x364 leds.o
 .debug_line    0x00006336      0xa7c sensors.o
 .debug_line    0x00006db2      0x108 eepromIO.o
 .debug_line    0x00006eba     0x1571 irCommunication.o
 .debug_line    0x0000842b      0x151 c:/program files (x86)/atmel/avr tools/avr toolchain/bin/../lib/gcc/avr/4.5.1/../../../../avr/lib/avr6\libc.a(rand.o)

.debug_frame    0x00000000      0x920
 *(.debug_frame)
 .debug_frame   0x00000000       0x20 main.o
 .debug_frame   0x00000020       0x70 spi.o
 .debug_frame   0x00000090      0x160 mirf.o
 .debug_frame   0x000001f0       0x80 ir_remote_control.o
 .debug_frame   0x00000270       0x40 speed_control.o
 .debug_frame   0x000002b0       0x20 ports_io.o
 .debug_frame   0x000002d0       0xa0 twimaster.o
 .debug_frame   0x00000370       0x90 usart.o
 .debug_frame   0x00000400       0x80 utility.o
 .debug_frame   0x00000480       0x30 adc.o
 .debug_frame   0x000004b0      0x150 motors.o
 .debug_frame   0x00000600       0x80 behaviors.o
 .debug_frame   0x00000680       0x90 leds.o
 .debug_frame   0x00000710       0xb0 sensors.o
 .debug_frame   0x000007c0       0x30 eepromIO.o
 .debug_frame   0x000007f0       0xe0 irCommunication.o
 .debug_frame   0x000008d0       0x50 c:/program files (x86)/atmel/avr tools/avr toolchain/bin/../lib/gcc/avr/4.5.1/../../../../avr/lib/avr6\libc.a(rand.o)

.debug_str      0x00000000     0x1db4
 *(.debug_str)
 .debug_str     0x00000000      0x35f main.o
                                0x398 (size before relaxing)
 .debug_str     0x0000035f       0x77 spi.o
                                0x159 (size before relaxing)
 .debug_str     0x000003d6      0x227 mirf.o
                                0x410 (size before relaxing)
 .debug_str     0x000005fd      0x118 ir_remote_control.o
                                0x2eb (size before relaxing)
 .debug_str     0x00000715      0x179 speed_control.o
                                0x252 (size before relaxing)
 .debug_str     0x0000088e      0xe4d variables.o
                               0x1391 (size before relaxing)
 .debug_str     0x000016db       0x1a ports_io.o
                                0x103 (size before relaxing)
 .debug_str     0x000016f5       0x79 twimaster.o
                                0x167 (size before relaxing)
 .debug_str     0x0000176e       0x93 usart.o
                                0x1fd (size before relaxing)
 .debug_str     0x00001801       0x7b utility.o
                                0x230 (size before relaxing)
 .debug_str     0x0000187c       0x1d adc.o
                                0x4d8 (size before relaxing)
 .debug_str     0x00001899      0x18a motors.o
                                0x65c (size before relaxing)
 .debug_str     0x00001a23       0xcc behaviors.o
                                0x21c (size before relaxing)
 .debug_str     0x00001aef       0x87 leds.o
                                0x194 (size before relaxing)
 .debug_str     0x00001b76       0xa2 sensors.o
                                0x2e0 (size before relaxing)
 .debug_str     0x00001c18       0x3f eepromIO.o
                                0x12c (size before relaxing)
 .debug_str     0x00001c57       0xee irCommunication.o
                                0xa6f (size before relaxing)
 .debug_str     0x00001d45       0x6f c:/program files (x86)/atmel/avr tools/avr toolchain/bin/../lib/gcc/avr/4.5.1/../../../../avr/lib/avr6\libc.a(rand.o)
                                 0xa8 (size before relaxing)

.debug_loc      0x00000000     0x2a88
 *(.debug_loc)
 .debug_loc     0x00000000      0x64e main.o
 .debug_loc     0x0000064e      0x117 spi.o
 .debug_loc     0x00000765      0x46a mirf.o
 .debug_loc     0x00000bcf       0x4a ir_remote_control.o
 .debug_loc     0x00000c19       0x50 speed_control.o
 .debug_loc     0x00000c69      0x11a twimaster.o
 .debug_loc     0x00000d83       0xc1 usart.o
 .debug_loc     0x00000e44       0x3b utility.o
 .debug_loc     0x00000e7f       0x88 adc.o
 .debug_loc     0x00000f07      0xe0d motors.o
 .debug_loc     0x00001d14      0x2d2 behaviors.o
 .debug_loc     0x00001fe6       0xf1 leds.o
 .debug_loc     0x000020d7      0x4d4 sensors.o
 .debug_loc     0x000025ab      0x3c9 irCommunication.o
 .debug_loc     0x00002974      0x114 c:/program files (x86)/atmel/avr tools/avr toolchain/bin/../lib/gcc/avr/4.5.1/../../../../avr/lib/avr6\libc.a(rand.o)

.debug_macinfo
 *(.debug_macinfo)
OUTPUT(Elisa3-avr-studio.elf elf32-avr)
LOAD linker stubs

.debug_pubtypes
                0x00000000      0x2c8
 .debug_pubtypes
                0x00000000       0x2b main.o
 .debug_pubtypes
                0x0000002b       0x1e spi.o
 .debug_pubtypes
                0x00000049       0x2b mirf.o
 .debug_pubtypes
                0x00000074       0x38 ir_remote_control.o
 .debug_pubtypes
                0x000000ac       0x12 speed_control.o
 .debug_pubtypes
                0x000000be       0x1f variables.o
 .debug_pubtypes
                0x000000dd       0x1e ports_io.o
 .debug_pubtypes
                0x000000fb       0x2b twimaster.o
 .debug_pubtypes
                0x00000126       0x1e usart.o
 .debug_pubtypes
                0x00000144       0x38 utility.o
 .debug_pubtypes
                0x0000017c       0x38 adc.o
 .debug_pubtypes
                0x000001b4       0x38 motors.o
 .debug_pubtypes
                0x000001ec       0x1f behaviors.o
 .debug_pubtypes
                0x0000020b       0x2b leds.o
 .debug_pubtypes
                0x00000236       0x37 sensors.o
 .debug_pubtypes
                0x0000026d       0x2b eepromIO.o
 .debug_pubtypes
                0x00000298       0x1e irCommunication.o
 .debug_pubtypes
                0x000002b6       0x12 c:/program files (x86)/atmel/avr tools/avr toolchain/bin/../lib/gcc/avr/4.5.1/../../../../avr/lib/avr6\libc.a(rand.o)

.debug_ranges   0x00000000      0x140
 .debug_ranges  0x00000000       0x60 spi.o
 .debug_ranges  0x00000060       0x30 mirf.o
 .debug_ranges  0x00000090       0x40 twimaster.o
 .debug_ranges  0x000000d0       0x30 sensors.o
 .debug_ranges  0x00000100       0x18 irCommunication.o
 .debug_ranges  0x00000118       0x28 c:/program files (x86)/atmel/avr tools/avr toolchain/bin/../lib/gcc/avr/4.5.1/../../../../avr/lib/avr6\libc.a(rand.o)