Archive member included because of file (symbol)

c:/program files (x86)/atmel/avr tools/avr toolchain/bin/../lib/gcc/avr/4.5.1/avr6\libgcc.a(_mulsi3.o)
                              behaviors.o (__mulsi3)
c:/program files (x86)/atmel/avr tools/avr toolchain/bin/../lib/gcc/avr/4.5.1/avr6\libgcc.a(_udivmodhi4.o)
                              mirf.o (__udivmodhi4)
c:/program files (x86)/atmel/avr tools/avr toolchain/bin/../lib/gcc/avr/4.5.1/avr6\libgcc.a(_divmodhi4.o)
                              main.o (__divmodhi4)
c:/program files (x86)/atmel/avr tools/avr toolchain/bin/../lib/gcc/avr/4.5.1/avr6\libgcc.a(_exit.o)
                              c:/program files (x86)/atmel/avr tools/avr toolchain/bin/../lib/gcc/avr/4.5.1/../../../../avr/lib/avr6/crtm2560.o (exit)
c:/program files (x86)/atmel/avr tools/avr toolchain/bin/../lib/gcc/avr/4.5.1/avr6\libgcc.a(_copy_data.o)
                              ir_remote_control.o (__do_copy_data)
c:/program files (x86)/atmel/avr tools/avr toolchain/bin/../lib/gcc/avr/4.5.1/avr6\libgcc.a(_clear_bss.o)
                              mirf.o (__do_clear_bss)
c:/program files (x86)/atmel/avr tools/avr toolchain/bin/../lib/gcc/avr/4.5.1/avr6\libgcc.a(_mul_sf.o)
                              sensors.o (__mulsf3)
c:/program files (x86)/atmel/avr tools/avr toolchain/bin/../lib/gcc/avr/4.5.1/avr6\libgcc.a(_si_to_sf.o)
                              sensors.o (__floatsisf)
c:/program files (x86)/atmel/avr tools/avr toolchain/bin/../lib/gcc/avr/4.5.1/avr6\libgcc.a(_sf_to_si.o)
                              sensors.o (__fixsfsi)
c:/program files (x86)/atmel/avr tools/avr toolchain/bin/../lib/gcc/avr/4.5.1/avr6\libgcc.a(_thenan_sf.o)
                              c:/program files (x86)/atmel/avr tools/avr toolchain/bin/../lib/gcc/avr/4.5.1/avr6\libgcc.a(_mul_sf.o) (__thenan_sf)
c:/program files (x86)/atmel/avr tools/avr toolchain/bin/../lib/gcc/avr/4.5.1/avr6\libgcc.a(_prologue.o)
                              c:/program files (x86)/atmel/avr tools/avr toolchain/bin/../lib/gcc/avr/4.5.1/avr6\libgcc.a(_mul_sf.o) (__prologue_saves__)
c:/program files (x86)/atmel/avr tools/avr toolchain/bin/../lib/gcc/avr/4.5.1/avr6\libgcc.a(_epilogue.o)
                              c:/program files (x86)/atmel/avr tools/avr toolchain/bin/../lib/gcc/avr/4.5.1/avr6\libgcc.a(_mul_sf.o) (__epilogue_restores__)
c:/program files (x86)/atmel/avr tools/avr toolchain/bin/../lib/gcc/avr/4.5.1/avr6\libgcc.a(_clzsi2.o)
                              c:/program files (x86)/atmel/avr tools/avr toolchain/bin/../lib/gcc/avr/4.5.1/avr6\libgcc.a(_si_to_sf.o) (__clzsi2)
c:/program files (x86)/atmel/avr tools/avr toolchain/bin/../lib/gcc/avr/4.5.1/avr6\libgcc.a(_pack_sf.o)
                              c:/program files (x86)/atmel/avr tools/avr toolchain/bin/../lib/gcc/avr/4.5.1/avr6\libgcc.a(_mul_sf.o) (__pack_f)
c:/program files (x86)/atmel/avr tools/avr toolchain/bin/../lib/gcc/avr/4.5.1/avr6\libgcc.a(_unpack_sf.o)
                              c:/program files (x86)/atmel/avr tools/avr toolchain/bin/../lib/gcc/avr/4.5.1/avr6\libgcc.a(_mul_sf.o) (__unpack_f)
c:/program files (x86)/atmel/avr tools/avr toolchain/bin/../lib/gcc/avr/4.5.1/avr6\libgcc.a(_clz.o)
                              c:/program files (x86)/atmel/avr tools/avr toolchain/bin/../lib/gcc/avr/4.5.1/avr6\libgcc.a(_clzsi2.o) (__clz_tab)
c:/program files (x86)/atmel/avr tools/avr toolchain/bin/../lib/gcc/avr/4.5.1/../../../../avr/lib/avr6\libc.a(rand.o)
                              main.o (rand)
c:/program files (x86)/atmel/avr tools/avr toolchain/bin/../lib/gcc/avr/4.5.1/../../../../avr/lib/avr6\libc.a(atan2.o)
                              sensors.o (atan2)
c:/program files (x86)/atmel/avr tools/avr toolchain/bin/../lib/gcc/avr/4.5.1/../../../../avr/lib/avr6\libc.a(atan.o)
                              c:/program files (x86)/atmel/avr tools/avr toolchain/bin/../lib/gcc/avr/4.5.1/../../../../avr/lib/avr6\libc.a(atan2.o) (atan)
c:/program files (x86)/atmel/avr tools/avr toolchain/bin/../lib/gcc/avr/4.5.1/../../../../avr/lib/avr6\libc.a(divsf3x.o)
                              c:/program files (x86)/atmel/avr tools/avr toolchain/bin/../lib/gcc/avr/4.5.1/../../../../avr/lib/avr6\libc.a(atan2.o) (__divsf3_pse)
c:/program files (x86)/atmel/avr tools/avr toolchain/bin/../lib/gcc/avr/4.5.1/../../../../avr/lib/avr6\libc.a(fp_inf.o)
                              c:/program files (x86)/atmel/avr tools/avr toolchain/bin/../lib/gcc/avr/4.5.1/../../../../avr/lib/avr6\libc.a(divsf3x.o) (__fp_inf)
c:/program files (x86)/atmel/avr tools/avr toolchain/bin/../lib/gcc/avr/4.5.1/../../../../avr/lib/avr6\libc.a(fp_nan.o)
                              c:/program files (x86)/atmel/avr tools/avr toolchain/bin/../lib/gcc/avr/4.5.1/../../../../avr/lib/avr6\libc.a(atan2.o) (__fp_nan)
c:/program files (x86)/atmel/avr tools/avr toolchain/bin/../lib/gcc/avr/4.5.1/../../../../avr/lib/avr6\libc.a(fp_powser.o)
                              c:/program files (x86)/atmel/avr tools/avr toolchain/bin/../lib/gcc/avr/4.5.1/../../../../avr/lib/avr6\libc.a(atan.o) (__fp_powser)
c:/program files (x86)/atmel/avr tools/avr toolchain/bin/../lib/gcc/avr/4.5.1/../../../../avr/lib/avr6\libc.a(fp_pscA.o)
                              c:/program files (x86)/atmel/avr tools/avr toolchain/bin/../lib/gcc/avr/4.5.1/../../../../avr/lib/avr6\libc.a(atan2.o) (__fp_pscA)
c:/program files (x86)/atmel/avr tools/avr toolchain/bin/../lib/gcc/avr/4.5.1/../../../../avr/lib/avr6\libc.a(fp_pscB.o)
                              c:/program files (x86)/atmel/avr tools/avr toolchain/bin/../lib/gcc/avr/4.5.1/../../../../avr/lib/avr6\libc.a(atan2.o) (__fp_pscB)
c:/program files (x86)/atmel/avr tools/avr toolchain/bin/../lib/gcc/avr/4.5.1/../../../../avr/lib/avr6\libc.a(fp_round.o)
                              c:/program files (x86)/atmel/avr tools/avr toolchain/bin/../lib/gcc/avr/4.5.1/../../../../avr/lib/avr6\libc.a(atan2.o) (__fp_round)
c:/program files (x86)/atmel/avr tools/avr toolchain/bin/../lib/gcc/avr/4.5.1/../../../../avr/lib/avr6\libc.a(fp_split3.o)
                              c:/program files (x86)/atmel/avr tools/avr toolchain/bin/../lib/gcc/avr/4.5.1/../../../../avr/lib/avr6\libc.a(atan2.o) (__fp_split3)
c:/program files (x86)/atmel/avr tools/avr toolchain/bin/../lib/gcc/avr/4.5.1/../../../../avr/lib/avr6\libc.a(fp_zero.o)
                              c:/program files (x86)/atmel/avr tools/avr toolchain/bin/../lib/gcc/avr/4.5.1/../../../../avr/lib/avr6\libc.a(atan2.o) (__fp_zero)
c:/program files (x86)/atmel/avr tools/avr toolchain/bin/../lib/gcc/avr/4.5.1/../../../../avr/lib/avr6\libc.a(inverse.o)
                              c:/program files (x86)/atmel/avr tools/avr toolchain/bin/../lib/gcc/avr/4.5.1/../../../../avr/lib/avr6\libc.a(atan.o) (inverse)
c:/program files (x86)/atmel/avr tools/avr toolchain/bin/../lib/gcc/avr/4.5.1/../../../../avr/lib/avr6\libc.a(mulsf3x.o)
                              c:/program files (x86)/atmel/avr tools/avr toolchain/bin/../lib/gcc/avr/4.5.1/../../../../avr/lib/avr6\libc.a(atan.o) (__mulsf3x)
c:/program files (x86)/atmel/avr tools/avr toolchain/bin/../lib/gcc/avr/4.5.1/../../../../avr/lib/avr6\libc.a(square.o)
                              c:/program files (x86)/atmel/avr tools/avr toolchain/bin/../lib/gcc/avr/4.5.1/../../../../avr/lib/avr6\libc.a(atan.o) (square)
c:/program files (x86)/atmel/avr tools/avr toolchain/bin/../lib/gcc/avr/4.5.1/../../../../avr/lib/avr6\libc.a(eerd_byte_atmega2560.o)
                              utility.o (__eerd_byte_m2560)
c:/program files (x86)/atmel/avr tools/avr toolchain/bin/../lib/gcc/avr/4.5.1/../../../../avr/lib/avr6\libc.a(eerd_word_atmega2560.o)
                              utility.o (__eerd_word_m2560)
c:/program files (x86)/atmel/avr tools/avr toolchain/bin/../lib/gcc/avr/4.5.1/../../../../avr/lib/avr6\libc.a(eewr_byte_atmega2560.o)
                              usart.o (__eewr_byte_m2560)
c:/program files (x86)/atmel/avr tools/avr toolchain/bin/../lib/gcc/avr/4.5.1/../../../../avr/lib/avr6\libc.a(eewr_word_atmega2560.o)
                              main.o (__eewr_word_m2560)
c:/program files (x86)/atmel/avr tools/avr toolchain/bin/../lib/gcc/avr/4.5.1/../../../../avr/lib/avr6\libc.a(addsf3.o)
                              c:/program files (x86)/atmel/avr tools/avr toolchain/bin/../lib/gcc/avr/4.5.1/../../../../avr/lib/avr6\libc.a(atan2.o) (__addsf3)
c:/program files (x86)/atmel/avr tools/avr toolchain/bin/../lib/gcc/avr/4.5.1/../../../../avr/lib/avr6\libc.a(addsf3x.o)
                              c:/program files (x86)/atmel/avr tools/avr toolchain/bin/../lib/gcc/avr/4.5.1/../../../../avr/lib/avr6\libc.a(atan.o) (__addsf3x)
c:/program files (x86)/atmel/avr tools/avr toolchain/bin/../lib/gcc/avr/4.5.1/../../../../avr/lib/avr6\libc.a(divsf3.o)
                              c:/program files (x86)/atmel/avr tools/avr toolchain/bin/../lib/gcc/avr/4.5.1/../../../../avr/lib/avr6\libc.a(inverse.o) (__divsf3)
c:/program files (x86)/atmel/avr tools/avr toolchain/bin/../lib/gcc/avr/4.5.1/../../../../avr/lib/avr6\libc.a(eerd_block_atmega2560.o)
                              c:/program files (x86)/atmel/avr tools/avr toolchain/bin/../lib/gcc/avr/4.5.1/../../../../avr/lib/avr6\libc.a(eerd_word_atmega2560.o) (__eerd_blraw_m2560)
c:/program files (x86)/atmel/avr tools/avr toolchain/bin/../lib/gcc/avr/4.5.1/avr6\libgcc.a(_divmodsi4.o)
                              c:/program files (x86)/atmel/avr tools/avr toolchain/bin/../lib/gcc/avr/4.5.1/../../../../avr/lib/avr6\libc.a(rand.o) (__divmodsi4)
c:/program files (x86)/atmel/avr tools/avr toolchain/bin/../lib/gcc/avr/4.5.1/avr6\libgcc.a(_udivmodsi4.o)
                              c:/program files (x86)/atmel/avr tools/avr toolchain/bin/../lib/gcc/avr/4.5.1/avr6\libgcc.a(_divmodsi4.o) (__udivmodsi4)

Allocating common symbols
Common symbol       size              file

currentOsccal       0x1               variables.o
PTX                 0x1               mirf.o
delta_left_speed_current
                    0x2               variables.o
delta_right_speed_prev
                    0x2               variables.o
ackPayload          0x10              variables.o
dataLED             0x6               variables.o
delta_left_speed_prev
                    0x2               variables.o
rfData              0xd               variables.o
delta_right_speed_current
                    0x2               variables.o
startCalibration    0x1               variables.o

Memory Configuration

Name             Origin             Length             Attributes
text             0x00000000         0x00100000         xr
data             0x00800200         0x0000fe00         rw !x
eeprom           0x00810000         0x00010000         rw !x
fuse             0x00820000         0x00000400         rw !x
lock             0x00830000         0x00000400         rw !x
signature        0x00840000         0x00000400         rw !x
*default*        0x00000000         0xffffffff

Linker script and memory map

Address of section .data set to 0x800200
LOAD c:/program files (x86)/atmel/avr tools/avr toolchain/bin/../lib/gcc/avr/4.5.1/../../../../avr/lib/avr6/crtm2560.o
LOAD main.o
LOAD spi.o
LOAD mirf.o
LOAD ir_remote_control.o
LOAD speed_control.o
LOAD variables.o
LOAD ports_io.o
LOAD twimaster.o
LOAD usart.o
LOAD utility.o
LOAD adc.o
LOAD motors.o
LOAD behaviors.o
LOAD leds.o
LOAD sensors.o
LOAD c:/program files (x86)/atmel/avr tools/avr toolchain/bin/../lib/gcc/avr/4.5.1/avr6\libgcc.a
LOAD c:/program files (x86)/atmel/avr tools/avr toolchain/bin/../lib/gcc/avr/4.5.1/../../../../avr/lib/avr6\libc.a
LOAD c:/program files (x86)/atmel/avr tools/avr toolchain/bin/../lib/gcc/avr/4.5.1/avr6\libgcc.a

.hash
 *(.hash)

.dynsym
 *(.dynsym)

.dynstr
 *(.dynstr)

.gnu.version
 *(.gnu.version)

.gnu.version_d
 *(.gnu.version_d)

.gnu.version_r
 *(.gnu.version_r)

.rel.init
 *(.rel.init)

.rela.init
 *(.rela.init)

.rel.text
 *(.rel.text)
 *(.rel.text.*)
 *(.rel.gnu.linkonce.t*)

.rela.text
 *(.rela.text)
 *(.rela.text.*)
 *(.rela.gnu.linkonce.t*)

.rel.fini
 *(.rel.fini)

.rela.fini
 *(.rela.fini)

.rel.rodata
 *(.rel.rodata)
 *(.rel.rodata.*)
 *(.rel.gnu.linkonce.r*)

.rela.rodata
 *(.rela.rodata)
 *(.rela.rodata.*)
 *(.rela.gnu.linkonce.r*)

.rel.data
 *(.rel.data)
 *(.rel.data.*)
 *(.rel.gnu.linkonce.d*)

.rela.data
 *(.rela.data)
 *(.rela.data.*)
 *(.rela.gnu.linkonce.d*)

.rel.ctors
 *(.rel.ctors)

.rela.ctors
 *(.rela.ctors)

.rel.dtors
 *(.rel.dtors)

.rela.dtors
 *(.rela.dtors)

.rel.got
 *(.rel.got)

.rela.got
 *(.rela.got)

.rel.bss
 *(.rel.bss)

.rela.bss
 *(.rela.bss)

.rel.plt
 *(.rel.plt)

.rela.plt
 *(.rela.plt)

.text           0x00000000     0x6280
 *(.vectors)
 .vectors       0x00000000       0xe4 c:/program files (x86)/atmel/avr tools/avr toolchain/bin/../lib/gcc/avr/4.5.1/../../../../avr/lib/avr6/crtm2560.o
                0x00000000                __vector_default
                0x00000000                __vectors
 *(.vectors)
 *(.progmem.gcc*)
 .progmem.gcc_sw_table
                0x000000e4       0x6a ir_remote_control.o
 .progmem.gcc_fplib
                0x0000014e       0x2d c:/program files (x86)/atmel/avr tools/avr toolchain/bin/../lib/gcc/avr/4.5.1/../../../../avr/lib/avr6\libc.a(atan.o)
 *(.progmem*)
                0x0000017c                . = ALIGN (0x2)
 *fill*         0x0000017b        0x1 00
                0x0000017c                __trampolines_start = .
 *(.trampolines)
 .trampolines   0x0000017c        0x0 linker stubs
 *(.trampolines*)
                0x0000017c                __trampolines_end = .
 *(.jumptables)
 *(.jumptables*)
 *(.lowtext)
 *(.lowtext*)
                0x0000017c                __ctors_start = .
 *(.ctors)
                0x0000017c                __ctors_end = .
                0x0000017c                __dtors_start = .
 *(.dtors)
                0x0000017c                __dtors_end = .
 SORT(*)(.ctors)
 SORT(*)(.dtors)
 *(.init0)
 .init0         0x0000017c        0x0 c:/program files (x86)/atmel/avr tools/avr toolchain/bin/../lib/gcc/avr/4.5.1/../../../../avr/lib/avr6/crtm2560.o
                0x0000017c                __init
 *(.init0)
 *(.init1)
 *(.init1)
 *(.init2)
 .init2         0x0000017c       0x10 c:/program files (x86)/atmel/avr tools/avr toolchain/bin/../lib/gcc/avr/4.5.1/../../../../avr/lib/avr6/crtm2560.o
 *(.init2)
 *(.init3)
 *(.init3)
 *(.init4)
 .init4         0x0000018c       0x16 c:/program files (x86)/atmel/avr tools/avr toolchain/bin/../lib/gcc/avr/4.5.1/avr6\libgcc.a(_copy_data.o)
                0x0000018c                __do_copy_data
 .init4         0x000001a2       0x10 c:/program files (x86)/atmel/avr tools/avr toolchain/bin/../lib/gcc/avr/4.5.1/avr6\libgcc.a(_clear_bss.o)
                0x000001a2                __do_clear_bss
 *(.init4)
 *(.init5)
 *(.init5)
 *(.init6)
 *(.init6)
 *(.init7)
 *(.init7)
 *(.init8)
 *(.init8)
 *(.init9)
 .init9         0x000001b2        0x8 c:/program files (x86)/atmel/avr tools/avr toolchain/bin/../lib/gcc/avr/4.5.1/../../../../avr/lib/avr6/crtm2560.o
 *(.init9)
 *(.text)
 .text          0x000001ba        0x4 c:/program files (x86)/atmel/avr tools/avr toolchain/bin/../lib/gcc/avr/4.5.1/../../../../avr/lib/avr6/crtm2560.o
                0x000001ba                __vector_38
                0x000001ba                __vector_22
                0x000001ba                __vector_28
                0x000001ba                __vector_1
                0x000001ba                __vector_34
                0x000001ba                __vector_24
                0x000001ba                __vector_12
                0x000001ba                __vector_55
                0x000001ba                __vector_46
                0x000001ba                __bad_interrupt
                0x000001ba                __vector_6
                0x000001ba                __vector_31
                0x000001ba                __vector_39
                0x000001ba                __vector_3
                0x000001ba                __vector_23
                0x000001ba                __vector_30
                0x000001ba                __vector_11
                0x000001ba                __vector_54
                0x000001ba                __vector_17
                0x000001ba                __vector_19
                0x000001ba                __vector_56
                0x000001ba                __vector_7
                0x000001ba                __vector_49
                0x000001ba                __vector_41
                0x000001ba                __vector_27
                0x000001ba                __vector_5
                0x000001ba                __vector_47
                0x000001ba                __vector_52
                0x000001ba                __vector_37
                0x000001ba                __vector_4
                0x000001ba                __vector_44
                0x000001ba                __vector_51
                0x000001ba                __vector_9
                0x000001ba                __vector_2
                0x000001ba                __vector_21
                0x000001ba                __vector_36
                0x000001ba                __vector_40
                0x000001ba                __vector_8
                0x000001ba                __vector_26
                0x000001ba                __vector_48
                0x000001ba                __vector_14
                0x000001ba                __vector_53
                0x000001ba                __vector_50
                0x000001ba                __vector_16
                0x000001ba                __vector_18
                0x000001ba                __vector_20
 .text          0x000001be      0xe36 main.o
                0x000001be                main
 .text          0x00000ff4       0xee spi.o
                0x00000ff4                SPI_WAIT
                0x00001016                initSPI
                0x0000102e                closeSPI
                0x00001034                SPI_ReadWrite_Block
                0x0000107c                SPI_Write_Block
                0x000010bc                SPI_Write_Byte
 .text          0x000010e2      0xad2 mirf.o
                0x000010e2                mirf_config
                0x000011e8                mirf_init
                0x000011f2                mirf_set_RADDR
                0x00001214                mirf_set_TADDR
                0x00001232                mirf_data_ready
                0x0000124c                rx_fifo_is_empty
                0x0000127c                flush_rx_fifo
                0x00001288                mirf_get_data
                0x000012b8                mirf_config_register
                0x000012e0                mirf_read_register
                0x00001312                mirf_write_register
                0x00001346                mirf_send
                0x000013a2                writeAckPayload
                0x000013fc                flushTxFifo
                0x00001408                handleRFCommands
 .text          0x00001bb4      0x716 ir_remote_control.o
                0x00001bb4                init_ir_remote_control
                0x00001bea                __vector_10
                0x00001c52                __vector_13
                0x00001ea0                ir_remote_get_check
                0x00001ea6                ir_remote_get_address
                0x00001eac                ir_remote_get_data
                0x00001eb2                handleIRRemoteCommands
 .text          0x000022ca      0x8ae speed_control.o
                0x000022ca                init_speed_control
                0x000022cc                start_vertical_speed_control_left
                0x00002558                start_vertical_speed_control_right
                0x000027e4                start_horizontal_speed_control_right
                0x000029ae                start_horizontal_speed_control_left
 .text          0x00002b78        0x0 variables.o
 .text          0x00002b78       0x96 ports_io.o
                0x00002b78                initPortsIO
 .text          0x00002c0e      0x15c twimaster.o
                0x00002c0e                i2c_close
                0x00002c18                i2c_init
                0x00002c28                i2c_start
                0x00002c74                i2c_start_wait
                0x00002cc2                i2c_rep_start
                0x00002d0e                i2c_stop
                0x00002d1e                i2c_write
                0x00002d42                i2c_readAck
                0x00002d56                i2c_readNak
 .text          0x00002d6a      0x222 usart.o
                0x00002d6a                initUsart0
                0x00002d94                initUsart1
                0x00002dbe                closeUsart
                0x00002dcc                usart0Transmit
                0x00002de6                usart1Transmit
                0x00002e00                usart0InputBufferEmpty
                0x00002e0e                usart0Receive
                0x00002e2e                __vector_25
 .text          0x00002f8c      0x20e utility.o
                0x00002f8c                getSelector
                0x00002fd6                initPeripherals
                0x00003094                __vector_15
                0x000030a8                sleep
                0x00003180                getTime100MicroSec
                0x00003192                readBatteryLevel
 .text          0x0000319a      0x5aa adc.o
                0x0000319a                initAdc
                0x000031e0                __vector_29
 .text          0x00003744      0x984 motors.o
                0x00003744                initMotors
                0x00003800                handleMotorsWithNoController
                0x00003a5a                handleMotorsWithSpeedController
                0x00003ce8                setLeftSpeed
                0x00003d5c                setRightSpeed
                0x00003dd0                __vector_45
                0x00003efe                __vector_42
                0x00003f2a                __vector_43
                0x00003f56                __vector_35
                0x00004070                __vector_32
                0x0000409c                __vector_33
 .text          0x000040c8      0x436 behaviors.o
                0x000040c8                initBehaviors
                0x000040d6                obstacleAvoidance
                0x00004492                cliffDetected
                0x000044e2                enableObstacleAvoidance
                0x000044ea                disableObstacleAvoidance
                0x000044f0                enableCliffAvoidance
                0x000044f8                disableCliffAvoidance
 .text          0x000044fe      0x290 leds.o
                0x000044fe                initRGBleds
                0x00004542                toggleBlueLed
                0x00004578                updateRedLed
                0x000045a0                updateGreenLed
                0x000045c8                updateBlueLed
                0x000045f0                setGreenLed
                0x0000472a                turnOffGreenLeds
                0x0000475c                turnOnGreenLeds
 .text          0x0000478e      0xda4 sensors.o
                0x0000478e                initAccelerometer
                0x00004826                initMMA7455L
                0x0000484e                initADXL345
                0x000048ae                readAccelXY
                0x000049e8                readAccelXYZ
                0x00004b68                calibrateSensors
                0x00005286                readAccelXYZ_1
                0x00005308                readAccelXYZ_2
                0x00005460                computeAngle
 .text          0x00005532        0x0 c:/program files (x86)/atmel/avr tools/avr toolchain/bin/../lib/gcc/avr/4.5.1/avr6\libgcc.a(_mulsi3.o)
 .text          0x00005532        0x0 c:/program files (x86)/atmel/avr tools/avr toolchain/bin/../lib/gcc/avr/4.5.1/avr6\libgcc.a(_udivmodhi4.o)
 .text          0x00005532        0x0 c:/program files (x86)/atmel/avr tools/avr toolchain/bin/../lib/gcc/avr/4.5.1/avr6\libgcc.a(_divmodhi4.o)
 .text          0x00005532        0x0 c:/program files (x86)/atmel/avr tools/avr toolchain/bin/../lib/gcc/avr/4.5.1/avr6\libgcc.a(_exit.o)
 .text          0x00005532        0x0 c:/program files (x86)/atmel/avr tools/avr toolchain/bin/../lib/gcc/avr/4.5.1/avr6\libgcc.a(_copy_data.o)
 .text          0x00005532        0x0 c:/program files (x86)/atmel/avr tools/avr toolchain/bin/../lib/gcc/avr/4.5.1/avr6\libgcc.a(_clear_bss.o)
 .text          0x00005532      0x1fe c:/program files (x86)/atmel/avr tools/avr toolchain/bin/../lib/gcc/avr/4.5.1/avr6\libgcc.a(_mul_sf.o)
                0x00005532                __mulsf3
 .text          0x00005730       0xbc c:/program files (x86)/atmel/avr tools/avr toolchain/bin/../lib/gcc/avr/4.5.1/avr6\libgcc.a(_si_to_sf.o)
                0x00005730                __floatsisf
 .text          0x000057ec       0xa6 c:/program files (x86)/atmel/avr tools/avr toolchain/bin/../lib/gcc/avr/4.5.1/avr6\libgcc.a(_sf_to_si.o)
                0x000057ec                __fixsfsi
 .text          0x00005892        0x0 c:/program files (x86)/atmel/avr tools/avr toolchain/bin/../lib/gcc/avr/4.5.1/avr6\libgcc.a(_thenan_sf.o)
 .text          0x00005892        0x0 c:/program files (x86)/atmel/avr tools/avr toolchain/bin/../lib/gcc/avr/4.5.1/avr6\libgcc.a(_prologue.o)
 .text          0x00005892        0x0 c:/program files (x86)/atmel/avr tools/avr toolchain/bin/../lib/gcc/avr/4.5.1/avr6\libgcc.a(_epilogue.o)
 .text          0x00005892       0x9a c:/program files (x86)/atmel/avr tools/avr toolchain/bin/../lib/gcc/avr/4.5.1/avr6\libgcc.a(_clzsi2.o)
                0x00005892                __clzsi2
 .text          0x0000592c      0x1c0 c:/program files (x86)/atmel/avr tools/avr toolchain/bin/../lib/gcc/avr/4.5.1/avr6\libgcc.a(_pack_sf.o)
                0x0000592c                __pack_f
 .text          0x00005aec       0xe0 c:/program files (x86)/atmel/avr tools/avr toolchain/bin/../lib/gcc/avr/4.5.1/avr6\libgcc.a(_unpack_sf.o)
                0x00005aec                __unpack_f
 .text          0x00005bcc        0x0 c:/program files (x86)/atmel/avr tools/avr toolchain/bin/../lib/gcc/avr/4.5.1/avr6\libgcc.a(_clz.o)
 .text          0x00005bcc        0x0 c:/program files (x86)/atmel/avr tools/avr toolchain/bin/../lib/gcc/avr/4.5.1/../../../../avr/lib/avr6\libc.a(rand.o)
 .text          0x00005bcc        0x0 c:/program files (x86)/atmel/avr tools/avr toolchain/bin/../lib/gcc/avr/4.5.1/../../../../avr/lib/avr6\libc.a(atan2.o)
 .text          0x00005bcc        0x0 c:/program files (x86)/atmel/avr tools/avr toolchain/bin/../lib/gcc/avr/4.5.1/../../../../avr/lib/avr6\libc.a(atan.o)
 .text          0x00005bcc        0x0 c:/program files (x86)/atmel/avr tools/avr toolchain/bin/../lib/gcc/avr/4.5.1/../../../../avr/lib/avr6\libc.a(divsf3x.o)
 .text          0x00005bcc        0x0 c:/program files (x86)/atmel/avr tools/avr toolchain/bin/../lib/gcc/avr/4.5.1/../../../../avr/lib/avr6\libc.a(fp_inf.o)
 .text          0x00005bcc        0x0 c:/program files (x86)/atmel/avr tools/avr toolchain/bin/../lib/gcc/avr/4.5.1/../../../../avr/lib/avr6\libc.a(fp_nan.o)
 .text          0x00005bcc        0x0 c:/program files (x86)/atmel/avr tools/avr toolchain/bin/../lib/gcc/avr/4.5.1/../../../../avr/lib/avr6\libc.a(fp_powser.o)
 .text          0x00005bcc        0x0 c:/program files (x86)/atmel/avr tools/avr toolchain/bin/../lib/gcc/avr/4.5.1/../../../../avr/lib/avr6\libc.a(fp_pscA.o)
 .text          0x00005bcc        0x0 c:/program files (x86)/atmel/avr tools/avr toolchain/bin/../lib/gcc/avr/4.5.1/../../../../avr/lib/avr6\libc.a(fp_pscB.o)
 .text          0x00005bcc        0x0 c:/program files (x86)/atmel/avr tools/avr toolchain/bin/../lib/gcc/avr/4.5.1/../../../../avr/lib/avr6\libc.a(fp_round.o)
 .text          0x00005bcc        0x0 c:/program files (x86)/atmel/avr tools/avr toolchain/bin/../lib/gcc/avr/4.5.1/../../../../avr/lib/avr6\libc.a(fp_split3.o)
 .text          0x00005bcc        0x0 c:/program files (x86)/atmel/avr tools/avr toolchain/bin/../lib/gcc/avr/4.5.1/../../../../avr/lib/avr6\libc.a(fp_zero.o)
 .text          0x00005bcc        0x0 c:/program files (x86)/atmel/avr tools/avr toolchain/bin/../lib/gcc/avr/4.5.1/../../../../avr/lib/avr6\libc.a(inverse.o)
 .text          0x00005bcc        0x0 c:/program files (x86)/atmel/avr tools/avr toolchain/bin/../lib/gcc/avr/4.5.1/../../../../avr/lib/avr6\libc.a(mulsf3x.o)
 .text          0x00005bcc        0x0 c:/program files (x86)/atmel/avr tools/avr toolchain/bin/../lib/gcc/avr/4.5.1/../../../../avr/lib/avr6\libc.a(square.o)
 .text          0x00005bcc        0x0 c:/program files (x86)/atmel/avr tools/avr toolchain/bin/../lib/gcc/avr/4.5.1/../../../../avr/lib/avr6\libc.a(eerd_byte_atmega2560.o)
 .text          0x00005bcc        0x0 c:/program files (x86)/atmel/avr tools/avr toolchain/bin/../lib/gcc/avr/4.5.1/../../../../avr/lib/avr6\libc.a(eerd_word_atmega2560.o)
 .text          0x00005bcc        0x0 c:/program files (x86)/atmel/avr tools/avr toolchain/bin/../lib/gcc/avr/4.5.1/../../../../avr/lib/avr6\libc.a(eewr_byte_atmega2560.o)
 .text          0x00005bcc        0x0 c:/program files (x86)/atmel/avr tools/avr toolchain/bin/../lib/gcc/avr/4.5.1/../../../../avr/lib/avr6\libc.a(eewr_word_atmega2560.o)
 .text          0x00005bcc        0x0 c:/program files (x86)/atmel/avr tools/avr toolchain/bin/../lib/gcc/avr/4.5.1/../../../../avr/lib/avr6\libc.a(addsf3.o)
 .text          0x00005bcc        0x0 c:/program files (x86)/atmel/avr tools/avr toolchain/bin/../lib/gcc/avr/4.5.1/../../../../avr/lib/avr6\libc.a(addsf3x.o)
 .text          0x00005bcc        0x0 c:/program files (x86)/atmel/avr tools/avr toolchain/bin/../lib/gcc/avr/4.5.1/../../../../avr/lib/avr6\libc.a(divsf3.o)
 .text          0x00005bcc        0x0 c:/program files (x86)/atmel/avr tools/avr toolchain/bin/../lib/gcc/avr/4.5.1/../../../../avr/lib/avr6\libc.a(eerd_block_atmega2560.o)
 .text          0x00005bcc        0x0 c:/program files (x86)/atmel/avr tools/avr toolchain/bin/../lib/gcc/avr/4.5.1/avr6\libgcc.a(_divmodsi4.o)
 .text          0x00005bcc        0x0 c:/program files (x86)/atmel/avr tools/avr toolchain/bin/../lib/gcc/avr/4.5.1/avr6\libgcc.a(_udivmodsi4.o)
                0x00005bcc                . = ALIGN (0x2)
 *(.text.*)
 .text.libgcc   0x00005bcc       0x3e c:/program files (x86)/atmel/avr tools/avr toolchain/bin/../lib/gcc/avr/4.5.1/avr6\libgcc.a(_mulsi3.o)
                0x00005bcc                __mulsi3
 .text.libgcc   0x00005c0a       0x28 c:/program files (x86)/atmel/avr tools/avr toolchain/bin/../lib/gcc/avr/4.5.1/avr6\libgcc.a(_udivmodhi4.o)
                0x00005c0a                __udivmodhi4
 .text.libgcc   0x00005c32       0x26 c:/program files (x86)/atmel/avr tools/avr toolchain/bin/../lib/gcc/avr/4.5.1/avr6\libgcc.a(_divmodhi4.o)
                0x00005c32                _div
                0x00005c32                __divmodhi4
 .text.libgcc   0x00005c58        0x0 c:/program files (x86)/atmel/avr tools/avr toolchain/bin/../lib/gcc/avr/4.5.1/avr6\libgcc.a(_exit.o)
 .text.libgcc   0x00005c58        0x0 c:/program files (x86)/atmel/avr tools/avr toolchain/bin/../lib/gcc/avr/4.5.1/avr6\libgcc.a(_copy_data.o)
 .text.libgcc   0x00005c58        0x0 c:/program files (x86)/atmel/avr tools/avr toolchain/bin/../lib/gcc/avr/4.5.1/avr6\libgcc.a(_clear_bss.o)
 .text.libgcc   0x00005c58       0x38 c:/program files (x86)/atmel/avr tools/avr toolchain/bin/../lib/gcc/avr/4.5.1/avr6\libgcc.a(_prologue.o)
                0x00005c58                __prologue_saves__
 .text.libgcc   0x00005c90       0x36 c:/program files (x86)/atmel/avr tools/avr toolchain/bin/../lib/gcc/avr/4.5.1/avr6\libgcc.a(_epilogue.o)
                0x00005c90                __epilogue_restores__
 .text.avr-libc
                0x00005cc6       0xbc c:/program files (x86)/atmel/avr tools/avr toolchain/bin/../lib/gcc/avr/4.5.1/../../../../avr/lib/avr6\libc.a(rand.o)
                0x00005d5c                rand_r
                0x00005d62                rand
                0x00005d6c                srand
 .text.avr-libc.fplib
                0x00005d82       0x74 c:/program files (x86)/atmel/avr tools/avr toolchain/bin/../lib/gcc/avr/4.5.1/../../../../avr/lib/avr6\libc.a(atan2.o)
                0x00005da0                atan2
 .text.avr-libc.fplib
                0x00005df6       0x50 c:/program files (x86)/atmel/avr tools/avr toolchain/bin/../lib/gcc/avr/4.5.1/../../../../avr/lib/avr6\libc.a(atan.o)
                0x00005df6                atan
 .text.avr-libc.fplib
                0x00005e46       0xcc c:/program files (x86)/atmel/avr tools/avr toolchain/bin/../lib/gcc/avr/4.5.1/../../../../avr/lib/avr6\libc.a(divsf3x.o)
                0x00005e5c                __divsf3x
                0x00005e60                __divsf3_pse
 .text.avr-libc.fplib
                0x00005f12        0xc c:/program files (x86)/atmel/avr tools/avr toolchain/bin/../lib/gcc/avr/4.5.1/../../../../avr/lib/avr6\libc.a(fp_inf.o)
                0x00005f12                __fp_inf
 .text.avr-libc.fplib
                0x00005f1e        0x6 c:/program files (x86)/atmel/avr tools/avr toolchain/bin/../lib/gcc/avr/4.5.1/../../../../avr/lib/avr6\libc.a(fp_nan.o)
                0x00005f1e                __fp_nan
 .text.avr-libc.fplib
                0x00005f24       0x4a c:/program files (x86)/atmel/avr tools/avr toolchain/bin/../lib/gcc/avr/4.5.1/../../../../avr/lib/avr6\libc.a(fp_powser.o)
                0x00005f24                __fp_powser
 .text.avr-libc.fplib
                0x00005f6e        0xe c:/program files (x86)/atmel/avr tools/avr toolchain/bin/../lib/gcc/avr/4.5.1/../../../../avr/lib/avr6\libc.a(fp_pscA.o)
                0x00005f6e                __fp_pscA
 .text.avr-libc.fplib
                0x00005f7c        0xe c:/program files (x86)/atmel/avr tools/avr toolchain/bin/../lib/gcc/avr/4.5.1/../../../../avr/lib/avr6\libc.a(fp_pscB.o)
                0x00005f7c                __fp_pscB
 .text.avr-libc.fplib
                0x00005f8a       0x22 c:/program files (x86)/atmel/avr tools/avr toolchain/bin/../lib/gcc/avr/4.5.1/../../../../avr/lib/avr6\libc.a(fp_round.o)
                0x00005f8a                __fp_round
 .text.avr-libc.fplib
                0x00005fac       0x44 c:/program files (x86)/atmel/avr tools/avr toolchain/bin/../lib/gcc/avr/4.5.1/../../../../avr/lib/avr6\libc.a(fp_split3.o)
                0x00005fac                __fp_split3
                0x00005fbc                __fp_splitA
 .text.avr-libc.fplib
                0x00005ff0        0xe c:/program files (x86)/atmel/avr tools/avr toolchain/bin/../lib/gcc/avr/4.5.1/../../../../avr/lib/avr6\libc.a(fp_zero.o)
                0x00005ff0                __fp_zero
                0x00005ff2                __fp_szero
 .text.avr-libc.fplib
                0x00005ffe        0xe c:/program files (x86)/atmel/avr tools/avr toolchain/bin/../lib/gcc/avr/4.5.1/../../../../avr/lib/avr6\libc.a(inverse.o)
                0x00005ffe                inverse
 .text.avr-libc.fplib
                0x0000600c       0xc2 c:/program files (x86)/atmel/avr tools/avr toolchain/bin/../lib/gcc/avr/4.5.1/../../../../avr/lib/avr6\libc.a(mulsf3x.o)
                0x00006020                __mulsf3x
                0x00006024                __mulsf3_pse
 .text.avr-libc.fplib
                0x000060ce        0x6 c:/program files (x86)/atmel/avr tools/avr toolchain/bin/../lib/gcc/avr/4.5.1/../../../../avr/lib/avr6\libc.a(square.o)
                0x000060ce                square
 .text.avr-libc
                0x000060d4       0x10 c:/program files (x86)/atmel/avr tools/avr toolchain/bin/../lib/gcc/avr/4.5.1/../../../../avr/lib/avr6\libc.a(eerd_byte_atmega2560.o)
                0x000060d4                __eerd_byte_m2560
 .text.avr-libc
                0x000060e4        0xc c:/program files (x86)/atmel/avr tools/avr toolchain/bin/../lib/gcc/avr/4.5.1/../../../../avr/lib/avr6\libc.a(eerd_word_atmega2560.o)
                0x000060e4                __eerd_word_m2560
 .text.avr-libc
                0x000060f0       0x1c c:/program files (x86)/atmel/avr tools/avr toolchain/bin/../lib/gcc/avr/4.5.1/../../../../avr/lib/avr6\libc.a(eewr_byte_atmega2560.o)
                0x000060f0                __eewr_byte_m2560
                0x000060f2                __eewr_r18_m2560
 .text.avr-libc
                0x0000610c        0xa c:/program files (x86)/atmel/avr tools/avr toolchain/bin/../lib/gcc/avr/4.5.1/../../../../avr/lib/avr6\libc.a(eewr_word_atmega2560.o)
                0x0000610c                __eewr_word_m2560
 .text.avr-libc.fplib
                0x00006116        0xa c:/program files (x86)/atmel/avr tools/avr toolchain/bin/../lib/gcc/avr/4.5.1/../../../../avr/lib/avr6\libc.a(addsf3.o)
                0x00006116                __subsf3
                0x00006118                __addsf3
 .text.avr-libc.fplib
                0x00006120       0xc0 c:/program files (x86)/atmel/avr tools/avr toolchain/bin/../lib/gcc/avr/4.5.1/../../../../avr/lib/avr6\libc.a(addsf3x.o)
                0x0000613a                __addsf3x
 .text.avr-libc.fplib
                0x000061e0        0x4 c:/program files (x86)/atmel/avr tools/avr toolchain/bin/../lib/gcc/avr/4.5.1/../../../../avr/lib/avr6\libc.a(divsf3.o)
                0x000061e0                __divsf3
 .text.avr-libc
                0x000061e4       0x20 c:/program files (x86)/atmel/avr tools/avr toolchain/bin/../lib/gcc/avr/4.5.1/../../../../avr/lib/avr6\libc.a(eerd_block_atmega2560.o)
                0x000061e4                __eerd_block_m2560
                0x000061e8                __eerd_blraw_m2560
 .text.libgcc   0x00006204       0x36 c:/program files (x86)/atmel/avr tools/avr toolchain/bin/../lib/gcc/avr/4.5.1/avr6\libgcc.a(_divmodsi4.o)
                0x00006204                __divmodsi4
 .text.libgcc   0x0000623a       0x44 c:/program files (x86)/atmel/avr tools/avr toolchain/bin/../lib/gcc/avr/4.5.1/avr6\libgcc.a(_udivmodsi4.o)
                0x0000623a                __udivmodsi4
                0x0000627e                . = ALIGN (0x2)
 *(.fini9)
 .fini9         0x0000627e        0x0 c:/program files (x86)/atmel/avr tools/avr toolchain/bin/../lib/gcc/avr/4.5.1/avr6\libgcc.a(_exit.o)
                0x0000627e                _exit
                0x0000627e                exit
 *(.fini9)
 *(.fini8)
 *(.fini8)
 *(.fini7)
 *(.fini7)
 *(.fini6)
 *(.fini6)
 *(.fini5)
 *(.fini5)
 *(.fini4)
 *(.fini4)
 *(.fini3)
 *(.fini3)
 *(.fini2)
 *(.fini2)
 *(.fini1)
 *(.fini1)
 *(.fini0)
 .fini0         0x0000627e        0x2 c:/program files (x86)/atmel/avr tools/avr toolchain/bin/../lib/gcc/avr/4.5.1/avr6\libgcc.a(_exit.o)
 *(.fini0)
                0x00006280                _etext = .

.data           0x00800200      0x124 load address 0x00006280
                0x00800200                PROVIDE (__data_start, .)
 *(.data)
 .data          0x00800200        0x0 c:/program files (x86)/atmel/avr tools/avr toolchain/bin/../lib/gcc/avr/4.5.1/../../../../avr/lib/avr6/crtm2560.o
 .data          0x00800200        0x0 main.o
 .data          0x00800200        0x0 spi.o
 .data          0x00800200        0x0 mirf.o
 .data          0x00800200        0x3 ir_remote_control.o
                0x00800200                check
 .data          0x00800203        0x0 speed_control.o
 .data          0x00800203       0x15 variables.o
                0x00800203                k_ff_speed_control_left
                0x00800205                k_ff_speed_control_right
                0x00800207                compute_left_vel
                0x00800208                compute_right_vel
                0x00800209                firstSampleRight
                0x0080020a                firstSampleLeft
                0x0080020b                packetId
                0x0080020c                pwm_red
                0x0080020d                pwm_green
                0x0080020e                pwm_blue
                0x0080020f                peripheralChoice
                0x00800210                choosePeripheral
                0x00800211                chooseMenu
                0x00800212                irEnabled
                0x00800213                checkGlitch
                0x00800214                accelAddress
                0x00800215                prevPosition
                0x00800216                currPosition
                0x00800217                robotPosition
 .data          0x00800218        0x0 ports_io.o
 .data          0x00800218        0x0 twimaster.o
 .data          0x00800218        0x0 usart.o
 .data          0x00800218        0x0 utility.o
 .data          0x00800218        0x0 adc.o
 .data          0x00800218        0x0 motors.o
 .data          0x00800218        0x0 behaviors.o
 .data          0x00800218        0x0 leds.o
 .data          0x00800218        0x0 sensors.o
 .data          0x00800218        0x0 c:/program files (x86)/atmel/avr tools/avr toolchain/bin/../lib/gcc/avr/4.5.1/avr6\libgcc.a(_mulsi3.o)
 .data          0x00800218        0x0 c:/program files (x86)/atmel/avr tools/avr toolchain/bin/../lib/gcc/avr/4.5.1/avr6\libgcc.a(_udivmodhi4.o)
 .data          0x00800218        0x0 c:/program files (x86)/atmel/avr tools/avr toolchain/bin/../lib/gcc/avr/4.5.1/avr6\libgcc.a(_divmodhi4.o)
 .data          0x00800218        0x0 c:/program files (x86)/atmel/avr tools/avr toolchain/bin/../lib/gcc/avr/4.5.1/avr6\libgcc.a(_exit.o)
 .data          0x00800218        0x0 c:/program files (x86)/atmel/avr tools/avr toolchain/bin/../lib/gcc/avr/4.5.1/avr6\libgcc.a(_copy_data.o)
 .data          0x00800218        0x0 c:/program files (x86)/atmel/avr tools/avr toolchain/bin/../lib/gcc/avr/4.5.1/avr6\libgcc.a(_clear_bss.o)
 .data          0x00800218        0x0 c:/program files (x86)/atmel/avr tools/avr toolchain/bin/../lib/gcc/avr/4.5.1/avr6\libgcc.a(_mul_sf.o)
 .data          0x00800218        0x0 c:/program files (x86)/atmel/avr tools/avr toolchain/bin/../lib/gcc/avr/4.5.1/avr6\libgcc.a(_si_to_sf.o)
 .data          0x00800218        0x0 c:/program files (x86)/atmel/avr tools/avr toolchain/bin/../lib/gcc/avr/4.5.1/avr6\libgcc.a(_sf_to_si.o)
 .data          0x00800218        0x8 c:/program files (x86)/atmel/avr tools/avr toolchain/bin/../lib/gcc/avr/4.5.1/avr6\libgcc.a(_thenan_sf.o)
                0x00800218                __thenan_sf
 .data          0x00800220        0x0 c:/program files (x86)/atmel/avr tools/avr toolchain/bin/../lib/gcc/avr/4.5.1/avr6\libgcc.a(_prologue.o)
 .data          0x00800220        0x0 c:/program files (x86)/atmel/avr tools/avr toolchain/bin/../lib/gcc/avr/4.5.1/avr6\libgcc.a(_epilogue.o)
 .data          0x00800220        0x0 c:/program files (x86)/atmel/avr tools/avr toolchain/bin/../lib/gcc/avr/4.5.1/avr6\libgcc.a(_clzsi2.o)
 .data          0x00800220        0x0 c:/program files (x86)/atmel/avr tools/avr toolchain/bin/../lib/gcc/avr/4.5.1/avr6\libgcc.a(_pack_sf.o)
 .data          0x00800220        0x0 c:/program files (x86)/atmel/avr tools/avr toolchain/bin/../lib/gcc/avr/4.5.1/avr6\libgcc.a(_unpack_sf.o)
 .data          0x00800220      0x100 c:/program files (x86)/atmel/avr tools/avr toolchain/bin/../lib/gcc/avr/4.5.1/avr6\libgcc.a(_clz.o)
                0x00800220                __clz_tab
 .data          0x00800320        0x4 c:/program files (x86)/atmel/avr tools/avr toolchain/bin/../lib/gcc/avr/4.5.1/../../../../avr/lib/avr6\libc.a(rand.o)
 .data          0x00800324        0x0 c:/program files (x86)/atmel/avr tools/avr toolchain/bin/../lib/gcc/avr/4.5.1/../../../../avr/lib/avr6\libc.a(atan2.o)
 .data          0x00800324        0x0 c:/program files (x86)/atmel/avr tools/avr toolchain/bin/../lib/gcc/avr/4.5.1/../../../../avr/lib/avr6\libc.a(atan.o)
 .data          0x00800324        0x0 c:/program files (x86)/atmel/avr tools/avr toolchain/bin/../lib/gcc/avr/4.5.1/../../../../avr/lib/avr6\libc.a(divsf3x.o)
 .data          0x00800324        0x0 c:/program files (x86)/atmel/avr tools/avr toolchain/bin/../lib/gcc/avr/4.5.1/../../../../avr/lib/avr6\libc.a(fp_inf.o)
 .data          0x00800324        0x0 c:/program files (x86)/atmel/avr tools/avr toolchain/bin/../lib/gcc/avr/4.5.1/../../../../avr/lib/avr6\libc.a(fp_nan.o)
 .data          0x00800324        0x0 c:/program files (x86)/atmel/avr tools/avr toolchain/bin/../lib/gcc/avr/4.5.1/../../../../avr/lib/avr6\libc.a(fp_powser.o)
 .data          0x00800324        0x0 c:/program files (x86)/atmel/avr tools/avr toolchain/bin/../lib/gcc/avr/4.5.1/../../../../avr/lib/avr6\libc.a(fp_pscA.o)
 .data          0x00800324        0x0 c:/program files (x86)/atmel/avr tools/avr toolchain/bin/../lib/gcc/avr/4.5.1/../../../../avr/lib/avr6\libc.a(fp_pscB.o)
 .data          0x00800324        0x0 c:/program files (x86)/atmel/avr tools/avr toolchain/bin/../lib/gcc/avr/4.5.1/../../../../avr/lib/avr6\libc.a(fp_round.o)
 .data          0x00800324        0x0 c:/program files (x86)/atmel/avr tools/avr toolchain/bin/../lib/gcc/avr/4.5.1/../../../../avr/lib/avr6\libc.a(fp_split3.o)
 .data          0x00800324        0x0 c:/program files (x86)/atmel/avr tools/avr toolchain/bin/../lib/gcc/avr/4.5.1/../../../../avr/lib/avr6\libc.a(fp_zero.o)
 .data          0x00800324        0x0 c:/program files (x86)/atmel/avr tools/avr toolchain/bin/../lib/gcc/avr/4.5.1/../../../../avr/lib/avr6\libc.a(inverse.o)
 .data          0x00800324        0x0 c:/program files (x86)/atmel/avr tools/avr toolchain/bin/../lib/gcc/avr/4.5.1/../../../../avr/lib/avr6\libc.a(mulsf3x.o)
 .data          0x00800324        0x0 c:/program files (x86)/atmel/avr tools/avr toolchain/bin/../lib/gcc/avr/4.5.1/../../../../avr/lib/avr6\libc.a(square.o)
 .data          0x00800324        0x0 c:/program files (x86)/atmel/avr tools/avr toolchain/bin/../lib/gcc/avr/4.5.1/../../../../avr/lib/avr6\libc.a(eerd_byte_atmega2560.o)
 .data          0x00800324        0x0 c:/program files (x86)/atmel/avr tools/avr toolchain/bin/../lib/gcc/avr/4.5.1/../../../../avr/lib/avr6\libc.a(eerd_word_atmega2560.o)
 .data          0x00800324        0x0 c:/program files (x86)/atmel/avr tools/avr toolchain/bin/../lib/gcc/avr/4.5.1/../../../../avr/lib/avr6\libc.a(eewr_byte_atmega2560.o)
 .data          0x00800324        0x0 c:/program files (x86)/atmel/avr tools/avr toolchain/bin/../lib/gcc/avr/4.5.1/../../../../avr/lib/avr6\libc.a(eewr_word_atmega2560.o)
 .data          0x00800324        0x0 c:/program files (x86)/atmel/avr tools/avr toolchain/bin/../lib/gcc/avr/4.5.1/../../../../avr/lib/avr6\libc.a(addsf3.o)
 .data          0x00800324        0x0 c:/program files (x86)/atmel/avr tools/avr toolchain/bin/../lib/gcc/avr/4.5.1/../../../../avr/lib/avr6\libc.a(addsf3x.o)
 .data          0x00800324        0x0 c:/program files (x86)/atmel/avr tools/avr toolchain/bin/../lib/gcc/avr/4.5.1/../../../../avr/lib/avr6\libc.a(divsf3.o)
 .data          0x00800324        0x0 c:/program files (x86)/atmel/avr tools/avr toolchain/bin/../lib/gcc/avr/4.5.1/../../../../avr/lib/avr6\libc.a(eerd_block_atmega2560.o)
 .data          0x00800324        0x0 c:/program files (x86)/atmel/avr tools/avr toolchain/bin/../lib/gcc/avr/4.5.1/avr6\libgcc.a(_divmodsi4.o)
 .data          0x00800324        0x0 c:/program files (x86)/atmel/avr tools/avr toolchain/bin/../lib/gcc/avr/4.5.1/avr6\libgcc.a(_udivmodsi4.o)
 *(.data*)
 *(.rodata)
 *(.rodata*)
 *(.gnu.linkonce.d*)
                0x00800324                . = ALIGN (0x2)
                0x00800324                _edata = .
                0x00800324                PROVIDE (__data_end, .)

.bss            0x00800324      0x25c
                0x00800324                PROVIDE (__bss_start, .)
 *(.bss)
 .bss           0x00800324        0x0 c:/program files (x86)/atmel/avr tools/avr toolchain/bin/../lib/gcc/avr/4.5.1/../../../../avr/lib/avr6/crtm2560.o
 .bss           0x00800324        0x0 main.o
 .bss           0x00800324        0x0 spi.o
 .bss           0x00800324        0x0 mirf.o
 .bss           0x00800324        0x5 ir_remote_control.o
                0x00800324                address
                0x00800325                data_ir
 .bss           0x00800329        0x0 speed_control.o
 .bss           0x00800329      0x229 variables.o
                0x00800329                currentAdChannel
                0x0080032a                currentProx
                0x0080032b                currentMotLeftChannel
                0x0080032c                currentMotRightChannel
                0x0080032d                rightMotorPhase
                0x0080032e                leftMotorPhase
                0x0080032f                proximityValue
                0x0080035f                proximityResult
                0x00800377                proximityOffset
                0x0080038f                proximitySum
                0x008003bf                adcSaveDataTo
                0x008003c0                adcSamplingState
                0x008003c1                rightChannelPhase
                0x008003c2                leftChannelPhase
                0x008003c3                batteryLevel
                0x008003c5                measBattery
                0x008003c6                proxUpdated
                0x008003c7                proximityResultLinear
                0x008003d7                rightMotSteps
                0x008003db                leftMotSteps
                0x008003df                left_current_avg
                0x008003e1                right_current_avg
                0x008003e3                last_left_current
                0x008003e5                last_right_current
                0x008003e7                pwm_right_desired_to_control
                0x008003e9                pwm_left_desired_to_control
                0x008003eb                left_vel_sum
                0x008003ed                right_vel_sum
                0x008003ef                last_left_vel
                0x008003f1                last_right_vel
                0x008003f3                pwm_right
                0x008003f5                pwm_left
                0x008003f7                pwm_right_desired
                0x008003f9                pwm_left_desired
                0x008003fb                pwm_right_speed_controller
                0x008003fd                pwm_left_speed_controller
                0x008003ff                delta_left_speed_sum
                0x00800401                delta_right_speed_sum
                0x00800403                pwm_right_working
                0x00800405                pwm_left_working
                0x00800407                speedl
                0x00800409                speedr
                0x0080040b                rfAddress
                0x0080040d                rfFlags
                0x0080040e                spiCommError
                0x0080040f                blinkState
                0x00800410                rgbState
                0x00800411                sendAdcValues
                0x00800412                commError
                0x00800413                byteCount
                0x00800415                uartBuff
                0x00800515                nextByteIndex
                0x00800516                currByteIndex
                0x00800517                menuChoice
                0x00800518                addressReceived
                0x00800519                menuState
                0x0080051a                getDataNow
                0x0080051b                irCommand
                0x0080051c                command_received
                0x0080051d                colorState
                0x0080051e                behaviorState
                0x0080051f                useAccel
                0x00800520                accX
                0x00800522                accY
                0x00800524                accZ
                0x00800526                accOffsetX
                0x00800528                accOffsetY
                0x0080052a                accOffsetZ
                0x0080052c                accOffsetXSum
                0x0080052e                accOffsetYSum
                0x00800530                accOffsetZSum
                0x00800532                currentAngle
                0x00800534                timesInSamePos
                0x00800535                accBuff
                0x0080053b                clockTick
                0x0080053f                currentSelector
                0x00800540                calibrationCycle
                0x00800542                hardwareRevision
                0x00800543                demoState
                0x00800544                lineFound
                0x00800545                outOfLine
                0x00800546                chargeContact
                0x00800547                demoStartTime
                0x0080054b                demoEndTime
                0x0080054f                obstacleAvoidanceEnabled
                0x00800550                cliffAvoidanceEnabled
                0x00800551                cliffDetectedFlag
 .bss           0x00800552        0x0 ports_io.o
 .bss           0x00800552        0x0 twimaster.o
 .bss           0x00800552        0x0 usart.o
 .bss           0x00800552        0x0 utility.o
 .bss           0x00800552        0x0 adc.o
 .bss           0x00800552        0x0 motors.o
 .bss           0x00800552        0x0 behaviors.o
 .bss           0x00800552        0x0 leds.o
 .bss           0x00800552        0x0 sensors.o
 .bss           0x00800552        0x0 c:/program files (x86)/atmel/avr tools/avr toolchain/bin/../lib/gcc/avr/4.5.1/avr6\libgcc.a(_mulsi3.o)
 .bss           0x00800552        0x0 c:/program files (x86)/atmel/avr tools/avr toolchain/bin/../lib/gcc/avr/4.5.1/avr6\libgcc.a(_udivmodhi4.o)
 .bss           0x00800552        0x0 c:/program files (x86)/atmel/avr tools/avr toolchain/bin/../lib/gcc/avr/4.5.1/avr6\libgcc.a(_divmodhi4.o)
 .bss           0x00800552        0x0 c:/program files (x86)/atmel/avr tools/avr toolchain/bin/../lib/gcc/avr/4.5.1/avr6\libgcc.a(_exit.o)
 .bss           0x00800552        0x0 c:/program files (x86)/atmel/avr tools/avr toolchain/bin/../lib/gcc/avr/4.5.1/avr6\libgcc.a(_copy_data.o)
 .bss           0x00800552        0x0 c:/program files (x86)/atmel/avr tools/avr toolchain/bin/../lib/gcc/avr/4.5.1/avr6\libgcc.a(_clear_bss.o)
 .bss           0x00800552        0x0 c:/program files (x86)/atmel/avr tools/avr toolchain/bin/../lib/gcc/avr/4.5.1/avr6\libgcc.a(_mul_sf.o)
 .bss           0x00800552        0x0 c:/program files (x86)/atmel/avr tools/avr toolchain/bin/../lib/gcc/avr/4.5.1/avr6\libgcc.a(_si_to_sf.o)
 .bss           0x00800552        0x0 c:/program files (x86)/atmel/avr tools/avr toolchain/bin/../lib/gcc/avr/4.5.1/avr6\libgcc.a(_sf_to_si.o)
 .bss           0x00800552        0x0 c:/program files (x86)/atmel/avr tools/avr toolchain/bin/../lib/gcc/avr/4.5.1/avr6\libgcc.a(_thenan_sf.o)
 .bss           0x00800552        0x0 c:/program files (x86)/atmel/avr tools/avr toolchain/bin/../lib/gcc/avr/4.5.1/avr6\libgcc.a(_prologue.o)
 .bss           0x00800552        0x0 c:/program files (x86)/atmel/avr tools/avr toolchain/bin/../lib/gcc/avr/4.5.1/avr6\libgcc.a(_epilogue.o)
 .bss           0x00800552        0x0 c:/program files (x86)/atmel/avr tools/avr toolchain/bin/../lib/gcc/avr/4.5.1/avr6\libgcc.a(_clzsi2.o)
 .bss           0x00800552        0x0 c:/program files (x86)/atmel/avr tools/avr toolchain/bin/../lib/gcc/avr/4.5.1/avr6\libgcc.a(_pack_sf.o)
 .bss           0x00800552        0x0 c:/program files (x86)/atmel/avr tools/avr toolchain/bin/../lib/gcc/avr/4.5.1/avr6\libgcc.a(_unpack_sf.o)
 .bss           0x00800552        0x0 c:/program files (x86)/atmel/avr tools/avr toolchain/bin/../lib/gcc/avr/4.5.1/avr6\libgcc.a(_clz.o)
 .bss           0x00800552        0x0 c:/program files (x86)/atmel/avr tools/avr toolchain/bin/../lib/gcc/avr/4.5.1/../../../../avr/lib/avr6\libc.a(rand.o)
 .bss           0x00800552        0x0 c:/program files (x86)/atmel/avr tools/avr toolchain/bin/../lib/gcc/avr/4.5.1/../../../../avr/lib/avr6\libc.a(atan2.o)
 .bss           0x00800552        0x0 c:/program files (x86)/atmel/avr tools/avr toolchain/bin/../lib/gcc/avr/4.5.1/../../../../avr/lib/avr6\libc.a(atan.o)
 .bss           0x00800552        0x0 c:/program files (x86)/atmel/avr tools/avr toolchain/bin/../lib/gcc/avr/4.5.1/../../../../avr/lib/avr6\libc.a(divsf3x.o)
 .bss           0x00800552        0x0 c:/program files (x86)/atmel/avr tools/avr toolchain/bin/../lib/gcc/avr/4.5.1/../../../../avr/lib/avr6\libc.a(fp_inf.o)
 .bss           0x00800552        0x0 c:/program files (x86)/atmel/avr tools/avr toolchain/bin/../lib/gcc/avr/4.5.1/../../../../avr/lib/avr6\libc.a(fp_nan.o)
 .bss           0x00800552        0x0 c:/program files (x86)/atmel/avr tools/avr toolchain/bin/../lib/gcc/avr/4.5.1/../../../../avr/lib/avr6\libc.a(fp_powser.o)
 .bss           0x00800552        0x0 c:/program files (x86)/atmel/avr tools/avr toolchain/bin/../lib/gcc/avr/4.5.1/../../../../avr/lib/avr6\libc.a(fp_pscA.o)
 .bss           0x00800552        0x0 c:/program files (x86)/atmel/avr tools/avr toolchain/bin/../lib/gcc/avr/4.5.1/../../../../avr/lib/avr6\libc.a(fp_pscB.o)
 .bss           0x00800552        0x0 c:/program files (x86)/atmel/avr tools/avr toolchain/bin/../lib/gcc/avr/4.5.1/../../../../avr/lib/avr6\libc.a(fp_round.o)
 .bss           0x00800552        0x0 c:/program files (x86)/atmel/avr tools/avr toolchain/bin/../lib/gcc/avr/4.5.1/../../../../avr/lib/avr6\libc.a(fp_split3.o)
 .bss           0x00800552        0x0 c:/program files (x86)/atmel/avr tools/avr toolchain/bin/../lib/gcc/avr/4.5.1/../../../../avr/lib/avr6\libc.a(fp_zero.o)
 .bss           0x00800552        0x0 c:/program files (x86)/atmel/avr tools/avr toolchain/bin/../lib/gcc/avr/4.5.1/../../../../avr/lib/avr6\libc.a(inverse.o)
 .bss           0x00800552        0x0 c:/program files (x86)/atmel/avr tools/avr toolchain/bin/../lib/gcc/avr/4.5.1/../../../../avr/lib/avr6\libc.a(mulsf3x.o)
 .bss           0x00800552        0x0 c:/program files (x86)/atmel/avr tools/avr toolchain/bin/../lib/gcc/avr/4.5.1/../../../../avr/lib/avr6\libc.a(square.o)
 .bss           0x00800552        0x0 c:/program files (x86)/atmel/avr tools/avr toolchain/bin/../lib/gcc/avr/4.5.1/../../../../avr/lib/avr6\libc.a(eerd_byte_atmega2560.o)
 .bss           0x00800552        0x0 c:/program files (x86)/atmel/avr tools/avr toolchain/bin/../lib/gcc/avr/4.5.1/../../../../avr/lib/avr6\libc.a(eerd_word_atmega2560.o)
 .bss           0x00800552        0x0 c:/program files (x86)/atmel/avr tools/avr toolchain/bin/../lib/gcc/avr/4.5.1/../../../../avr/lib/avr6\libc.a(eewr_byte_atmega2560.o)
 .bss           0x00800552        0x0 c:/program files (x86)/atmel/avr tools/avr toolchain/bin/../lib/gcc/avr/4.5.1/../../../../avr/lib/avr6\libc.a(eewr_word_atmega2560.o)
 .bss           0x00800552        0x0 c:/program files (x86)/atmel/avr tools/avr toolchain/bin/../lib/gcc/avr/4.5.1/../../../../avr/lib/avr6\libc.a(addsf3.o)
 .bss           0x00800552        0x0 c:/program files (x86)/atmel/avr tools/avr toolchain/bin/../lib/gcc/avr/4.5.1/../../../../avr/lib/avr6\libc.a(addsf3x.o)
 .bss           0x00800552        0x0 c:/program files (x86)/atmel/avr tools/avr toolchain/bin/../lib/gcc/avr/4.5.1/../../../../avr/lib/avr6\libc.a(divsf3.o)
 .bss           0x00800552        0x0 c:/program files (x86)/atmel/avr tools/avr toolchain/bin/../lib/gcc/avr/4.5.1/../../../../avr/lib/avr6\libc.a(eerd_block_atmega2560.o)
 .bss           0x00800552        0x0 c:/program files (x86)/atmel/avr tools/avr toolchain/bin/../lib/gcc/avr/4.5.1/avr6\libgcc.a(_divmodsi4.o)
 .bss           0x00800552        0x0 c:/program files (x86)/atmel/avr tools/avr toolchain/bin/../lib/gcc/avr/4.5.1/avr6\libgcc.a(_udivmodsi4.o)
 *(.bss*)
 *(COMMON)
 COMMON         0x00800552        0x1 mirf.o
                0x00800552                PTX
 COMMON         0x00800553       0x2d variables.o
                0x00800553                currentOsccal
                0x00800554                delta_left_speed_current
                0x00800556                delta_right_speed_prev
                0x00800558                ackPayload
                0x00800568                dataLED
                0x0080056e                delta_left_speed_prev
                0x00800570                rfData
                0x0080057d                delta_right_speed_current
                0x0080057f                startCalibration
                0x00800580                PROVIDE (__bss_end, .)
                0x00006280                __data_load_start = LOADADDR (.data)
                0x000063a4                __data_load_end = (__data_load_start + SIZEOF (.data))

.noinit         0x00800580        0x0
                0x00800580                PROVIDE (__noinit_start, .)
 *(.noinit*)
                0x00800580                PROVIDE (__noinit_end, .)
                0x00800580                _end = .
                0x00800580                PROVIDE (__heap_start, .)

.eeprom         0x00810000        0x0
 *(.eeprom*)
                0x00810000                __eeprom_end = .

.fuse
 *(.fuse)
 *(.lfuse)
 *(.hfuse)
 *(.efuse)

.lock
 *(.lock*)

.signature
 *(.signature*)

.stab           0x00000000     0x267c
 *(.stab)
 .stab          0x00000000      0x6e4 c:/program files (x86)/atmel/avr tools/avr toolchain/bin/../lib/gcc/avr/4.5.1/../../../../avr/lib/avr6/crtm2560.o
 .stab          0x000006e4      0x2f4 c:/program files (x86)/atmel/avr tools/avr toolchain/bin/../lib/gcc/avr/4.5.1/../../../../avr/lib/avr6\libc.a(atan2.o)
                                0x300 (size before relaxing)
 .stab          0x000009d8      0x210 c:/program files (x86)/atmel/avr tools/avr toolchain/bin/../lib/gcc/avr/4.5.1/../../../../avr/lib/avr6\libc.a(atan.o)
                                0x21c (size before relaxing)
 .stab          0x00000be8      0x510 c:/program files (x86)/atmel/avr tools/avr toolchain/bin/../lib/gcc/avr/4.5.1/../../../../avr/lib/avr6\libc.a(divsf3x.o)
                                0x51c (size before relaxing)
 .stab          0x000010f8       0x78 c:/program files (x86)/atmel/avr tools/avr toolchain/bin/../lib/gcc/avr/4.5.1/../../../../avr/lib/avr6\libc.a(fp_inf.o)
                                 0x84 (size before relaxing)
 .stab          0x00001170       0x54 c:/program files (x86)/atmel/avr tools/avr toolchain/bin/../lib/gcc/avr/4.5.1/../../../../avr/lib/avr6\libc.a(fp_nan.o)
                                 0x60 (size before relaxing)
 .stab          0x000011c4      0x1ec c:/program files (x86)/atmel/avr tools/avr toolchain/bin/../lib/gcc/avr/4.5.1/../../../../avr/lib/avr6\libc.a(fp_powser.o)
                                0x1f8 (size before relaxing)
 .stab          0x000013b0       0x84 c:/program files (x86)/atmel/avr tools/avr toolchain/bin/../lib/gcc/avr/4.5.1/../../../../avr/lib/avr6\libc.a(fp_pscA.o)
                                 0x90 (size before relaxing)
 .stab          0x00001434       0x84 c:/program files (x86)/atmel/avr tools/avr toolchain/bin/../lib/gcc/avr/4.5.1/../../../../avr/lib/avr6\libc.a(fp_pscB.o)
                                 0x90 (size before relaxing)
 .stab          0x000014b8       0xfc c:/program files (x86)/atmel/avr tools/avr toolchain/bin/../lib/gcc/avr/4.5.1/../../../../avr/lib/avr6\libc.a(fp_round.o)
                                0x108 (size before relaxing)
 .stab          0x000015b4      0x1d4 c:/program files (x86)/atmel/avr tools/avr toolchain/bin/../lib/gcc/avr/4.5.1/../../../../avr/lib/avr6\libc.a(fp_split3.o)
                                0x1e0 (size before relaxing)
 .stab          0x00001788       0x90 c:/program files (x86)/atmel/avr tools/avr toolchain/bin/../lib/gcc/avr/4.5.1/../../../../avr/lib/avr6\libc.a(fp_zero.o)
                                 0x9c (size before relaxing)
 .stab          0x00001818       0x84 c:/program files (x86)/atmel/avr tools/avr toolchain/bin/../lib/gcc/avr/4.5.1/../../../../avr/lib/avr6\libc.a(inverse.o)
                                 0x90 (size before relaxing)
 .stab          0x0000189c      0x4d4 c:/program files (x86)/atmel/avr tools/avr toolchain/bin/../lib/gcc/avr/4.5.1/../../../../avr/lib/avr6\libc.a(mulsf3x.o)
                                0x4e0 (size before relaxing)
 .stab          0x00001d70       0x54 c:/program files (x86)/atmel/avr tools/avr toolchain/bin/../lib/gcc/avr/4.5.1/../../../../avr/lib/avr6\libc.a(square.o)
                                 0x60 (size before relaxing)
 .stab          0x00001dc4       0x90 c:/program files (x86)/atmel/avr tools/avr toolchain/bin/../lib/gcc/avr/4.5.1/../../../../avr/lib/avr6\libc.a(eerd_byte_atmega2560.o)
                                 0x9c (size before relaxing)
 .stab          0x00001e54       0x6c c:/program files (x86)/atmel/avr tools/avr toolchain/bin/../lib/gcc/avr/4.5.1/../../../../avr/lib/avr6\libc.a(eerd_word_atmega2560.o)
                                 0x78 (size before relaxing)
 .stab          0x00001ec0       0xe4 c:/program files (x86)/atmel/avr tools/avr toolchain/bin/../lib/gcc/avr/4.5.1/../../../../avr/lib/avr6\libc.a(eewr_byte_atmega2560.o)
                                 0xf0 (size before relaxing)
 .stab          0x00001fa4       0x54 c:/program files (x86)/atmel/avr tools/avr toolchain/bin/../lib/gcc/avr/4.5.1/../../../../avr/lib/avr6\libc.a(eewr_word_atmega2560.o)
                                 0x60 (size before relaxing)
 .stab          0x00001ff8       0x78 c:/program files (x86)/atmel/avr tools/avr toolchain/bin/../lib/gcc/avr/4.5.1/../../../../avr/lib/avr6\libc.a(addsf3.o)
                                 0x84 (size before relaxing)
 .stab          0x00002070      0x4bc c:/program files (x86)/atmel/avr tools/avr toolchain/bin/../lib/gcc/avr/4.5.1/../../../../avr/lib/avr6\libc.a(addsf3x.o)
                                0x4c8 (size before relaxing)
 .stab          0x0000252c       0x48 c:/program files (x86)/atmel/avr tools/avr toolchain/bin/../lib/gcc/avr/4.5.1/../../../../avr/lib/avr6\libc.a(divsf3.o)
                                 0x54 (size before relaxing)
 .stab          0x00002574      0x108 c:/program files (x86)/atmel/avr tools/avr toolchain/bin/../lib/gcc/avr/4.5.1/../../../../avr/lib/avr6\libc.a(eerd_block_atmega2560.o)
                                0x114 (size before relaxing)

.stabstr        0x00000000      0x8f2
 *(.stabstr)
 .stabstr       0x00000000      0x8f2 c:/program files (x86)/atmel/avr tools/avr toolchain/bin/../lib/gcc/avr/4.5.1/../../../../avr/lib/avr6/crtm2560.o

.stab.excl
 *(.stab.excl)

.stab.exclstr
 *(.stab.exclstr)

.stab.index
 *(.stab.index)

.stab.indexstr
 *(.stab.indexstr)

.comment
 *(.comment)

.debug
 *(.debug)

.line
 *(.line)

.debug_srcinfo
 *(.debug_srcinfo)

.debug_sfnames
 *(.debug_sfnames)

.debug_aranges  0x00000000      0x2b8
 *(.debug_aranges)
 .debug_aranges
                0x00000000       0x20 main.o
 .debug_aranges
                0x00000020       0x20 spi.o
 .debug_aranges
                0x00000040       0x20 mirf.o
 .debug_aranges
                0x00000060       0x20 ir_remote_control.o
 .debug_aranges
                0x00000080       0x20 speed_control.o
 .debug_aranges
                0x000000a0       0x20 ports_io.o
 .debug_aranges
                0x000000c0       0x20 twimaster.o
 .debug_aranges
                0x000000e0       0x20 usart.o
 .debug_aranges
                0x00000100       0x20 utility.o
 .debug_aranges
                0x00000120       0x20 adc.o
 .debug_aranges
                0x00000140       0x20 motors.o
 .debug_aranges
                0x00000160       0x20 behaviors.o
 .debug_aranges
                0x00000180       0x20 leds.o
 .debug_aranges
                0x000001a0       0x20 sensors.o
 .debug_aranges
                0x000001c0       0x20 c:/program files (x86)/atmel/avr tools/avr toolchain/bin/../lib/gcc/avr/4.5.1/avr6\libgcc.a(_mul_sf.o)
 .debug_aranges
                0x000001e0       0x20 c:/program files (x86)/atmel/avr tools/avr toolchain/bin/../lib/gcc/avr/4.5.1/avr6\libgcc.a(_si_to_sf.o)
 .debug_aranges
                0x00000200       0x20 c:/program files (x86)/atmel/avr tools/avr toolchain/bin/../lib/gcc/avr/4.5.1/avr6\libgcc.a(_sf_to_si.o)
 .debug_aranges
                0x00000220       0x20 c:/program files (x86)/atmel/avr tools/avr toolchain/bin/../lib/gcc/avr/4.5.1/avr6\libgcc.a(_clzsi2.o)
 .debug_aranges
                0x00000240       0x20 c:/program files (x86)/atmel/avr tools/avr toolchain/bin/../lib/gcc/avr/4.5.1/avr6\libgcc.a(_pack_sf.o)
 .debug_aranges
                0x00000260       0x20 c:/program files (x86)/atmel/avr tools/avr toolchain/bin/../lib/gcc/avr/4.5.1/avr6\libgcc.a(_unpack_sf.o)
 .debug_aranges
                0x00000280       0x38 c:/program files (x86)/atmel/avr tools/avr toolchain/bin/../lib/gcc/avr/4.5.1/../../../../avr/lib/avr6\libc.a(rand.o)

.debug_pubnames
                0x00000000     0x1208
 *(.debug_pubnames)
 .debug_pubnames
                0x00000000       0x1b main.o
 .debug_pubnames
                0x0000001b       0x77 spi.o
 .debug_pubnames
                0x00000092      0x13a mirf.o
 .debug_pubnames
                0x000001cc       0xd3 ir_remote_control.o
 .debug_pubnames
                0x0000029f       0xc7 speed_control.o
 .debug_pubnames
                0x00000366      0x86d variables.o
 .debug_pubnames
                0x00000bd3       0x22 ports_io.o
 .debug_pubnames
                0x00000bf5       0x9b twimaster.o
 .debug_pubnames
                0x00000c90       0xa2 usart.o
 .debug_pubnames
                0x00000d32       0x7c utility.o
 .debug_pubnames
                0x00000dae       0x2e adc.o
 .debug_pubnames
                0x00000ddc       0xe9 motors.o
 .debug_pubnames
                0x00000ec5       0xb8 behaviors.o
 .debug_pubnames
                0x00000f7d       0xa3 leds.o
 .debug_pubnames
                0x00001020       0xb6 sensors.o
 .debug_pubnames
                0x000010d6       0x1f c:/program files (x86)/atmel/avr tools/avr toolchain/bin/../lib/gcc/avr/4.5.1/avr6\libgcc.a(_mul_sf.o)
 .debug_pubnames
                0x000010f5       0x22 c:/program files (x86)/atmel/avr tools/avr toolchain/bin/../lib/gcc/avr/4.5.1/avr6\libgcc.a(_si_to_sf.o)
 .debug_pubnames
                0x00001117       0x20 c:/program files (x86)/atmel/avr tools/avr toolchain/bin/../lib/gcc/avr/4.5.1/avr6\libgcc.a(_sf_to_si.o)
 .debug_pubnames
                0x00001137       0x22 c:/program files (x86)/atmel/avr tools/avr toolchain/bin/../lib/gcc/avr/4.5.1/avr6\libgcc.a(_thenan_sf.o)
 .debug_pubnames
                0x00001159       0x1f c:/program files (x86)/atmel/avr tools/avr toolchain/bin/../lib/gcc/avr/4.5.1/avr6\libgcc.a(_clzsi2.o)
 .debug_pubnames
                0x00001178       0x1f c:/program files (x86)/atmel/avr tools/avr toolchain/bin/../lib/gcc/avr/4.5.1/avr6\libgcc.a(_pack_sf.o)
 .debug_pubnames
                0x00001197       0x21 c:/program files (x86)/atmel/avr tools/avr toolchain/bin/../lib/gcc/avr/4.5.1/avr6\libgcc.a(_unpack_sf.o)
 .debug_pubnames
                0x000011b8       0x20 c:/program files (x86)/atmel/avr tools/avr toolchain/bin/../lib/gcc/avr/4.5.1/avr6\libgcc.a(_clz.o)
 .debug_pubnames
                0x000011d8       0x30 c:/program files (x86)/atmel/avr tools/avr toolchain/bin/../lib/gcc/avr/4.5.1/../../../../avr/lib/avr6\libc.a(rand.o)

.debug_info     0x00000000     0x4a70
 *(.debug_info)
 .debug_info    0x00000000      0x39a main.o
 .debug_info    0x0000039a      0x21c spi.o
 .debug_info    0x000005b6      0xa09 mirf.o
 .debug_info    0x00000fbf      0x3a6 ir_remote_control.o
 .debug_info    0x00001365      0x26e speed_control.o
 .debug_info    0x000015d3      0x90e variables.o
 .debug_info    0x00001ee1       0x98 ports_io.o
 .debug_info    0x00001f79      0x1fc twimaster.o
 .debug_info    0x00002175      0x2f5 usart.o
 .debug_info    0x0000246a      0x259 utility.o
 .debug_info    0x000026c3      0x417 adc.o
 .debug_info    0x00002ada      0x477 motors.o
 .debug_info    0x00002f51      0x20a behaviors.o
 .debug_info    0x0000315b      0x1dd leds.o
 .debug_info    0x00003338      0x525 sensors.o
 .debug_info    0x0000385d      0x429 c:/program files (x86)/atmel/avr tools/avr toolchain/bin/../lib/gcc/avr/4.5.1/avr6\libgcc.a(_mul_sf.o)
 .debug_info    0x00003c86      0x207 c:/program files (x86)/atmel/avr tools/avr toolchain/bin/../lib/gcc/avr/4.5.1/avr6\libgcc.a(_si_to_sf.o)
 .debug_info    0x00003e8d      0x2b0 c:/program files (x86)/atmel/avr tools/avr toolchain/bin/../lib/gcc/avr/4.5.1/avr6\libgcc.a(_sf_to_si.o)
 .debug_info    0x0000413d      0x12c c:/program files (x86)/atmel/avr tools/avr toolchain/bin/../lib/gcc/avr/4.5.1/avr6\libgcc.a(_thenan_sf.o)
 .debug_info    0x00004269      0x10c c:/program files (x86)/atmel/avr tools/avr toolchain/bin/../lib/gcc/avr/4.5.1/avr6\libgcc.a(_clzsi2.o)
 .debug_info    0x00004375      0x2ec c:/program files (x86)/atmel/avr tools/avr toolchain/bin/../lib/gcc/avr/4.5.1/avr6\libgcc.a(_pack_sf.o)
 .debug_info    0x00004661      0x251 c:/program files (x86)/atmel/avr tools/avr toolchain/bin/../lib/gcc/avr/4.5.1/avr6\libgcc.a(_unpack_sf.o)
 .debug_info    0x000048b2       0x9e c:/program files (x86)/atmel/avr tools/avr toolchain/bin/../lib/gcc/avr/4.5.1/avr6\libgcc.a(_clz.o)
 .debug_info    0x00004950      0x120 c:/program files (x86)/atmel/avr tools/avr toolchain/bin/../lib/gcc/avr/4.5.1/../../../../avr/lib/avr6\libc.a(rand.o)
 *(.gnu.linkonce.wi.*)

.debug_abbrev   0x00000000     0x181a
 *(.debug_abbrev)
 .debug_abbrev  0x00000000       0x98 main.o
 .debug_abbrev  0x00000098      0x134 spi.o
 .debug_abbrev  0x000001cc      0x268 mirf.o
 .debug_abbrev  0x00000434      0x121 ir_remote_control.o
 .debug_abbrev  0x00000555       0x7d speed_control.o
 .debug_abbrev  0x000005d2       0x54 variables.o
 .debug_abbrev  0x00000626       0x5d ports_io.o
 .debug_abbrev  0x00000683      0x139 twimaster.o
 .debug_abbrev  0x000007bc      0x15a usart.o
 .debug_abbrev  0x00000916       0xba utility.o
 .debug_abbrev  0x000009d0       0x9c adc.o
 .debug_abbrev  0x00000a6c       0xab motors.o
 .debug_abbrev  0x00000b17       0xcf behaviors.o
 .debug_abbrev  0x00000be6       0x90 leds.o
 .debug_abbrev  0x00000c76      0x126 sensors.o
 .debug_abbrev  0x00000d9c      0x20c c:/program files (x86)/atmel/avr tools/avr toolchain/bin/../lib/gcc/avr/4.5.1/avr6\libgcc.a(_mul_sf.o)
 .debug_abbrev  0x00000fa8      0x148 c:/program files (x86)/atmel/avr tools/avr toolchain/bin/../lib/gcc/avr/4.5.1/avr6\libgcc.a(_si_to_sf.o)
 .debug_abbrev  0x000010f0      0x17f c:/program files (x86)/atmel/avr tools/avr toolchain/bin/../lib/gcc/avr/4.5.1/avr6\libgcc.a(_sf_to_si.o)
 .debug_abbrev  0x0000126f       0xad c:/program files (x86)/atmel/avr tools/avr toolchain/bin/../lib/gcc/avr/4.5.1/avr6\libgcc.a(_thenan_sf.o)
 .debug_abbrev  0x0000131c       0xc2 c:/program files (x86)/atmel/avr tools/avr toolchain/bin/../lib/gcc/avr/4.5.1/avr6\libgcc.a(_clzsi2.o)
 .debug_abbrev  0x000013de      0x1b3 c:/program files (x86)/atmel/avr tools/avr toolchain/bin/../lib/gcc/avr/4.5.1/avr6\libgcc.a(_pack_sf.o)
 .debug_abbrev  0x00001591      0x154 c:/program files (x86)/atmel/avr tools/avr toolchain/bin/../lib/gcc/avr/4.5.1/avr6\libgcc.a(_unpack_sf.o)
 .debug_abbrev  0x000016e5       0x68 c:/program files (x86)/atmel/avr tools/avr toolchain/bin/../lib/gcc/avr/4.5.1/avr6\libgcc.a(_clz.o)
 .debug_abbrev  0x0000174d       0xcd c:/program files (x86)/atmel/avr tools/avr toolchain/bin/../lib/gcc/avr/4.5.1/../../../../avr/lib/avr6\libc.a(rand.o)

.debug_line     0x00000000     0x59de
 *(.debug_line)
 .debug_line    0x00000000      0xc21 main.o
 .debug_line    0x00000c21      0x28d spi.o
 .debug_line    0x00000eae      0xc76 mirf.o
 .debug_line    0x00001b24      0x69b ir_remote_control.o
 .debug_line    0x000021bf      0x673 speed_control.o
 .debug_line    0x00002832       0x50 variables.o
 .debug_line    0x00002882      0x1e6 ports_io.o
 .debug_line    0x00002a68      0x366 twimaster.o
 .debug_line    0x00002dce      0x379 usart.o
 .debug_line    0x00003147      0x36b utility.o
 .debug_line    0x000034b2      0x577 adc.o
 .debug_line    0x00003a29      0x779 motors.o
 .debug_line    0x000041a2      0x2d3 behaviors.o
 .debug_line    0x00004475      0x364 leds.o
 .debug_line    0x000047d9      0x731 sensors.o
 .debug_line    0x00004f0a      0x233 c:/program files (x86)/atmel/avr tools/avr toolchain/bin/../lib/gcc/avr/4.5.1/avr6\libgcc.a(_mul_sf.o)
 .debug_line    0x0000513d      0x137 c:/program files (x86)/atmel/avr tools/avr toolchain/bin/../lib/gcc/avr/4.5.1/avr6\libgcc.a(_si_to_sf.o)
 .debug_line    0x00005274      0x11b c:/program files (x86)/atmel/avr tools/avr toolchain/bin/../lib/gcc/avr/4.5.1/avr6\libgcc.a(_sf_to_si.o)
 .debug_line    0x0000538f       0xa2 c:/program files (x86)/atmel/avr tools/avr toolchain/bin/../lib/gcc/avr/4.5.1/avr6\libgcc.a(_thenan_sf.o)
 .debug_line    0x00005431       0xc6 c:/program files (x86)/atmel/avr tools/avr toolchain/bin/../lib/gcc/avr/4.5.1/avr6\libgcc.a(_clzsi2.o)
 .debug_line    0x000054f7      0x19c c:/program files (x86)/atmel/avr tools/avr toolchain/bin/../lib/gcc/avr/4.5.1/avr6\libgcc.a(_pack_sf.o)
 .debug_line    0x00005693      0x15d c:/program files (x86)/atmel/avr tools/avr toolchain/bin/../lib/gcc/avr/4.5.1/avr6\libgcc.a(_unpack_sf.o)
 .debug_line    0x000057f0       0x9d c:/program files (x86)/atmel/avr tools/avr toolchain/bin/../lib/gcc/avr/4.5.1/avr6\libgcc.a(_clz.o)
 .debug_line    0x0000588d      0x151 c:/program files (x86)/atmel/avr tools/avr toolchain/bin/../lib/gcc/avr/4.5.1/../../../../avr/lib/avr6\libc.a(rand.o)

.debug_frame    0x00000000      0x7e0
 *(.debug_frame)
 .debug_frame   0x00000000       0x20 main.o
 .debug_frame   0x00000020       0x70 spi.o
 .debug_frame   0x00000090      0x100 mirf.o
 .debug_frame   0x00000190       0x80 ir_remote_control.o
 .debug_frame   0x00000210       0x60 speed_control.o
 .debug_frame   0x00000270       0x20 ports_io.o
 .debug_frame   0x00000290       0xa0 twimaster.o
 .debug_frame   0x00000330       0x90 usart.o
 .debug_frame   0x000003c0       0x70 utility.o
 .debug_frame   0x00000430       0x30 adc.o
 .debug_frame   0x00000460       0xc0 motors.o
 .debug_frame   0x00000520       0x80 behaviors.o
 .debug_frame   0x000005a0       0x90 leds.o
 .debug_frame   0x00000630       0xa0 sensors.o
 .debug_frame   0x000006d0       0x20 c:/program files (x86)/atmel/avr tools/avr toolchain/bin/../lib/gcc/avr/4.5.1/avr6\libgcc.a(_mul_sf.o)
 .debug_frame   0x000006f0       0x20 c:/program files (x86)/atmel/avr tools/avr toolchain/bin/../lib/gcc/avr/4.5.1/avr6\libgcc.a(_si_to_sf.o)
 .debug_frame   0x00000710       0x20 c:/program files (x86)/atmel/avr tools/avr toolchain/bin/../lib/gcc/avr/4.5.1/avr6\libgcc.a(_sf_to_si.o)
 .debug_frame   0x00000730       0x20 c:/program files (x86)/atmel/avr tools/avr toolchain/bin/../lib/gcc/avr/4.5.1/avr6\libgcc.a(_clzsi2.o)
 .debug_frame   0x00000750       0x20 c:/program files (x86)/atmel/avr tools/avr toolchain/bin/../lib/gcc/avr/4.5.1/avr6\libgcc.a(_pack_sf.o)
 .debug_frame   0x00000770       0x20 c:/program files (x86)/atmel/avr tools/avr toolchain/bin/../lib/gcc/avr/4.5.1/avr6\libgcc.a(_unpack_sf.o)
 .debug_frame   0x00000790       0x50 c:/program files (x86)/atmel/avr tools/avr toolchain/bin/../lib/gcc/avr/4.5.1/../../../../avr/lib/avr6\libc.a(rand.o)

.debug_str      0x00000000     0x118e
 *(.debug_str)
 .debug_str     0x00000000      0x202 main.o
                                0x23b (size before relaxing)
 .debug_str     0x00000202       0x77 spi.o
                                0x159 (size before relaxing)
 .debug_str     0x00000279      0x1a0 mirf.o
                                0x326 (size before relaxing)
 .debug_str     0x00000419      0x103 ir_remote_control.o
                                0x286 (size before relaxing)
 .debug_str     0x0000051c      0x1d9 speed_control.o
                                0x2b2 (size before relaxing)
 .debug_str     0x000006f5      0x38e variables.o
                                0x76e (size before relaxing)
 .debug_str     0x00000a83       0x1a ports_io.o
                                0x103 (size before relaxing)
 .debug_str     0x00000a9d       0x79 twimaster.o
                                0x167 (size before relaxing)
 .debug_str     0x00000b16       0x93 usart.o
                                0x1ec (size before relaxing)
 .debug_str     0x00000ba9       0x6d utility.o
                                0x1d5 (size before relaxing)
 .debug_str     0x00000c16       0x1d adc.o
                                0x2f1 (size before relaxing)
 .debug_str     0x00000c33       0xb7 motors.o
                                0x377 (size before relaxing)
 .debug_str     0x00000cea       0xcc behaviors.o
                                0x1ff (size before relaxing)
 .debug_str     0x00000db6       0x87 leds.o
                                0x194 (size before relaxing)
 .debug_str     0x00000e3d       0x9c sensors.o
                                0x29e (size before relaxing)
 .debug_str     0x00000ed9      0x186 c:/program files (x86)/atmel/avr tools/avr toolchain/bin/../lib/gcc/avr/4.5.1/avr6\libgcc.a(_mul_sf.o)
                                0x1e7 (size before relaxing)
 .debug_str     0x0000105f       0x1e c:/program files (x86)/atmel/avr tools/avr toolchain/bin/../lib/gcc/avr/4.5.1/avr6\libgcc.a(_si_to_sf.o)
                                0x1a3 (size before relaxing)
 .debug_str     0x0000107d        0xa c:/program files (x86)/atmel/avr tools/avr toolchain/bin/../lib/gcc/avr/4.5.1/avr6\libgcc.a(_sf_to_si.o)
                                0x1c6 (size before relaxing)
 .debug_str     0x00000000      0x12b c:/program files (x86)/atmel/avr tools/avr toolchain/bin/../lib/gcc/avr/4.5.1/avr6\libgcc.a(_thenan_sf.o)
 .debug_str     0x00001087       0x7d c:/program files (x86)/atmel/avr tools/avr toolchain/bin/../lib/gcc/avr/4.5.1/avr6\libgcc.a(_clzsi2.o)
                                0x105 (size before relaxing)
 .debug_str     0x00001104       0x10 c:/program files (x86)/atmel/avr tools/avr toolchain/bin/../lib/gcc/avr/4.5.1/avr6\libgcc.a(_pack_sf.o)
                                0x1c5 (size before relaxing)
 .debug_str     0x00001114        0xb c:/program files (x86)/atmel/avr tools/avr toolchain/bin/../lib/gcc/avr/4.5.1/avr6\libgcc.a(_unpack_sf.o)
                                0x1a7 (size before relaxing)
 .debug_str     0x00000000       0xe8 c:/program files (x86)/atmel/avr tools/avr toolchain/bin/../lib/gcc/avr/4.5.1/avr6\libgcc.a(_clz.o)
 .debug_str     0x0000111f       0x6f c:/program files (x86)/atmel/avr tools/avr toolchain/bin/../lib/gcc/avr/4.5.1/../../../../avr/lib/avr6\libc.a(rand.o)
                                 0xa8 (size before relaxing)

.debug_loc      0x00000000     0x19c8
 *(.debug_loc)
 .debug_loc     0x00000000      0x36c main.o
 .debug_loc     0x0000036c      0x117 spi.o
 .debug_loc     0x00000483      0x3e7 mirf.o
 .debug_loc     0x0000086a       0x4a ir_remote_control.o
 .debug_loc     0x000008b4       0xa0 speed_control.o
 .debug_loc     0x00000954      0x11a twimaster.o
 .debug_loc     0x00000a6e       0xf8 usart.o
 .debug_loc     0x00000b66       0x3b utility.o
 .debug_loc     0x00000ba1       0x78 adc.o
 .debug_loc     0x00000c19       0x3c motors.o
 .debug_loc     0x00000c55      0x2cc behaviors.o
 .debug_loc     0x00000f21       0xf1 leds.o
 .debug_loc     0x00001012      0x438 sensors.o
 .debug_loc     0x0000144a      0x12a c:/program files (x86)/atmel/avr tools/avr toolchain/bin/../lib/gcc/avr/4.5.1/avr6\libgcc.a(_mul_sf.o)
 .debug_loc     0x00001574       0xac c:/program files (x86)/atmel/avr tools/avr toolchain/bin/../lib/gcc/avr/4.5.1/avr6\libgcc.a(_si_to_sf.o)
 .debug_loc     0x00001620       0x7e c:/program files (x86)/atmel/avr tools/avr toolchain/bin/../lib/gcc/avr/4.5.1/avr6\libgcc.a(_sf_to_si.o)
 .debug_loc     0x0000169e       0x94 c:/program files (x86)/atmel/avr tools/avr toolchain/bin/../lib/gcc/avr/4.5.1/avr6\libgcc.a(_clzsi2.o)
 .debug_loc     0x00001732       0xd6 c:/program files (x86)/atmel/avr tools/avr toolchain/bin/../lib/gcc/avr/4.5.1/avr6\libgcc.a(_pack_sf.o)
 .debug_loc     0x00001808       0xac c:/program files (x86)/atmel/avr tools/avr toolchain/bin/../lib/gcc/avr/4.5.1/avr6\libgcc.a(_unpack_sf.o)
 .debug_loc     0x000018b4      0x114 c:/program files (x86)/atmel/avr tools/avr toolchain/bin/../lib/gcc/avr/4.5.1/../../../../avr/lib/avr6\libc.a(rand.o)

.debug_macinfo
 *(.debug_macinfo)
OUTPUT(Elisa3-avr-studio.elf elf32-avr)
LOAD linker stubs

.debug_pubtypes
                0x00000000      0x219
 .debug_pubtypes
                0x00000000       0x2b main.o
 .debug_pubtypes
                0x0000002b       0x1e spi.o
 .debug_pubtypes
                0x00000049       0x2b mirf.o
 .debug_pubtypes
                0x00000074       0x2b ir_remote_control.o
 .debug_pubtypes
                0x0000009f       0x12 speed_control.o
 .debug_pubtypes
                0x000000b1       0x12 variables.o
 .debug_pubtypes
                0x000000c3       0x1e ports_io.o
 .debug_pubtypes
                0x000000e1       0x2b twimaster.o
 .debug_pubtypes
                0x0000010c       0x1e usart.o
 .debug_pubtypes
                0x0000012a       0x2b utility.o
 .debug_pubtypes
                0x00000155       0x2b adc.o
 .debug_pubtypes
                0x00000180       0x2b motors.o
 .debug_pubtypes
                0x000001ab       0x1f behaviors.o
 .debug_pubtypes
                0x000001ca       0x2b leds.o
 .debug_pubtypes
                0x000001f5       0x12 sensors.o
 .debug_pubtypes
                0x00000207       0x12 c:/program files (x86)/atmel/avr tools/avr toolchain/bin/../lib/gcc/avr/4.5.1/../../../../avr/lib/avr6\libc.a(rand.o)

.debug_ranges   0x00000000      0x178
 .debug_ranges  0x00000000       0x60 spi.o
 .debug_ranges  0x00000060       0x30 mirf.o
 .debug_ranges  0x00000090       0x40 twimaster.o
 .debug_ranges  0x000000d0       0x30 sensors.o
 .debug_ranges  0x00000100       0x50 c:/program files (x86)/atmel/avr tools/avr toolchain/bin/../lib/gcc/avr/4.5.1/avr6\libgcc.a(_mul_sf.o)
 .debug_ranges  0x00000150       0x28 c:/program files (x86)/atmel/avr tools/avr toolchain/bin/../lib/gcc/avr/4.5.1/../../../../avr/lib/avr6\libc.a(rand.o)
